******************************************************************************
             TMS320C2000 Linker PC v22.6.2                     
******************************************************************************
>> Linked Wed Aug 27 11:19:42 2025

OUTPUT FILE NAME:   <sci_cc_f280013x.out>
ENTRY POINT SYMBOL: "code_start"  address: 00000000


MEMORY CONFIGURATION

         name            origin    length      used     unused   attr    fill
----------------------  --------  ---------  --------  --------  ----  --------
  BEGIN                 00000000   00000002  00000002  00000000  RWIX
  BOOT_RSVD             00000002   00000126  00000000  00000126  RWIX
  RAMM0                 00000128   000002d8  0000001e  000002ba  RWIX
  RAMM1                 00000400   000003f8  00000100  000002f8  RWIX
  RAMLS0                00008000   00002000  000013b3  00000c4d  RWIX
  RAMLS1                0000a000   00001ff8  00000000  00001ff8  RWIX
  FLASH_BANK0_SEC_0_7   00080002   00001ffe  00000000  00001ffe  RWIX
  FLASH_BANK0_SEC_8_15  00082000   00002000  00000000  00002000  RWIX
  FLASH_BANK0_SEC_16_23 00084000   00002000  00000000  00002000  RWIX
  FLASH_BANK0_SEC_24_31 00086000   00002000  00000000  00002000  RWIX
  FLASH_BANK0_SEC_32_39 00088000   00002000  00000000  00002000  RWIX
  FLASH_BANK0_SEC_40_47 0008a000   00002000  00000000  00002000  RWIX
  FLASH_BANK0_SEC_48_55 0008c000   00002000  00000000  00002000  RWIX
  FLASH_BANK0_SEC_56_63 0008e000   00002000  00000000  00002000  RWIX
  FLASH_BANK0_SEC_64_71 00090000   00002000  00000000  00002000  RWIX
  FLASH_BANK0_SEC_72_79 00092000   00002000  00000000  00002000  RWIX
  FLASH_BANK0_SEC_80_87 00094000   00002000  00000000  00002000  RWIX
  FLASH_BANK0_SEC_88_95 00096000   00002000  00000000  00002000  RWIX
  FLASH_BANK0_SEC_96_10 00098000   00002000  00000000  00002000  RWIX
  FLASH_BANK0_SEC_104_1 0009a000   00002000  00000000  00002000  RWIX
  FLASH_BANK0_SEC_112_1 0009c000   00002000  00000000  00002000  RWIX
  FLASH_BANK0_SEC_120_1 0009e000   00001ff0  00000000  00001ff0  RWIX
  RESET                 003fffc0   00000002  00000000  00000002  RWIX


SECTION ALLOCATION MAP

 output                                  attributes/
section   page    origin      length       input sections
--------  ----  ----------  ----------   ----------------
codestart 
*          0    00000000    00000002     
                  00000000    00000002     f280013x_codestartbranch.obj (codestart)

.TI.ramfunc 
*          0    00000128    00000004     
                  00000128    00000004     driverlib.lib : sysctl.obj (.TI.ramfunc)

.cinit     0    0000012c    0000001a     
                  0000012c    00000008     (.cinit..data.load) [load image, compression = lzss]
                  00000134    00000006     (__TI_handler_table)
                  0000013a    00000004     (.cinit..bss.load) [load image, compression = zero_init]
                  0000013e    00000008     (__TI_cinit_table)

.reset     0    003fffc0    00000000     DSECT

.stack     0    00000400    00000100     UNINITIALIZED
                  00000400    00000100     --HOLE--

.bss       0    00008398    00000002     UNINITIALIZED
                  00008398    00000002     lab_main.obj (.bss)

.init_array 
*          0    00000128    00000000     UNINITIALIZED

.const     0    00008000    0000038d     
                  00008000    00000138     lab_main.obj (.const:.string)
                  00008138    00000082     board.obj (.const:.string)
                  000081ba    0000007f     driverlib.lib : gpio.obj (.const:.string)
                  00008239    00000001     --HOLE-- [fill = 0]
                  0000823a    0000007f                   : sysctl.obj (.const:.string)
                  000082b9    00000001     --HOLE-- [fill = 0]
                  000082ba    0000007c                   : sci.obj (.const:.string)
                  00008336    00000043                   : cputimer.obj (.const:.string)
                  00008379    00000001     --HOLE-- [fill = 0]
                  0000837a    00000013     device.obj (.const:.string)

.data      0    0000838e    0000000a     UNINITIALIZED
                  0000838e    00000006     rts2800_fpu32_eabi.lib : exit.c.obj (.data)
                  00008394    00000002                            : _lock.c.obj (.data:_lock)
                  00008396    00000002                            : _lock.c.obj (.data:_unlock)

.text.1    0    0000838d    00000001     
                  0000838d    00000001     rts2800_fpu32_eabi.lib : startup.c.obj (.text)

.text.2    0    0000839a    00001019     
                  0000839a    00000235     board.obj (.text)
                  000085cf    00000169     lab_main.obj (.text)
                  00008738    00000141     driverlib.lib : sysctl.obj (.text:SysCtl_setClock)
                  00008879    0000011c     device.obj (.text)
                  00008995    000000ea     driverlib.lib : sysctl.obj (.text:SysCtl_isPLLValid)
                  00008a7f    000000ac                   : gpio.obj (.text:GPIO_setAnalogMode)
                  00008b2b    00000088     rts2800_fpu32_eabi.lib : fs_div28.asm.obj (.text)
                  00008bb3    00000073     driverlib.lib : sysctl.obj (.text:DCC_setCounterSeeds)
                  00008c26    00000065                   : sysctl.obj (.text:SysCtl_getClock)
                  00008c8b    00000052                   : gpio.obj (.text:GPIO_setPadConfig)
                  00008cdd    00000047                   : sysctl.obj (.text:SysCtl_selectOscSource)
                  00008d24    00000046                   : sysctl.obj (.text:SysCtl_selectXTAL)
                  00008d6a    00000045                   : sci.obj (.text:SCI_clearInterruptStatus)
                  00008daf    00000045                   : sysctl.obj (.text:SysCtl_pollX1Counter)
                  00008df4    00000044                   : gpio.obj (.text:GPIO_isPinValid)
                  00008e38    00000041                   : sci.obj (.text:SCI_writeCharArray)
                  00008e79    0000003e                   : sci.obj (.text:SCI_setConfig)
                  00008eb7    0000003d                   : interrupt.obj (.text:Interrupt_initModule)
                  00008ef4    00000038     lab_main.obj (.text:retain)
                  00008f2c    00000037     driverlib.lib : gpio.obj (.text:GPIO_setPinConfig)
                  00008f63    00000037                   : gpio.obj (.text:GPIO_setQualificationMode)
                  00008f9a    00000037                   : interrupt.obj (.text:Interrupt_enable)
                  00008fd1    00000031                   : gpio.obj (.text:GPIO_setDirectionMode)
                  00009002    0000002e     rts2800_fpu32_eabi.lib : copy_decompress_lzss.c.obj (.text:decompress:lzss)
                  00009030    0000002b                            : autoinit.c.obj (.text:__TI_auto_init_nobinit_nopinit)
                  0000905b    00000029                            : exit.c.obj (.text)
                  00009084    00000025     driverlib.lib : sysctl.obj (.text:SysCtl_selectXTALSingleEnded)
                  000090a9    00000024                   : sysctl.obj (.text:DCC_enableSingleShotMode)
                  000090cd    00000020                   : sci.obj (.text:SCI_isFIFOEnabled)
                  000090ed    0000001e                   : sysctl.obj (.text:DCC_setCounter0ClkSource)
                  0000910b    0000001e                   : sysctl.obj (.text:DCC_setCounter1ClkSource)
                  00009129    0000001e                   : interrupt.obj (.text:Interrupt_initVectorTable)
                  00009147    0000001d     rts2800_fpu32_eabi.lib : memcpy.c.obj (.text)
                  00009164    0000001b     driverlib.lib : sysctl.obj (.text:SysCtl_setIntOSC2_Mode)
                  0000917f    0000001a                   : sci.obj (.text:SCI_isSpaceAvailableNonFIFO)
                  00009199    0000001a                   : sysctl.obj (.text:SysCtl_getLowSpeedClock)
                  000091b3    00000019                   : sysctl.obj (.text:SysCtl_setPLLSysClk)
                  000091cc    00000018                   : sci.obj (.text:SCI_disableModule)
                  000091e4    00000018                   : sci.obj (.text:SCI_performSoftwareReset)
                  000091fc    00000017                   : cputimer.obj (.text:CPUTimer_isBaseValid)
                  00009213    00000017                   : sci.obj (.text:SCI_isBaseValid)
                  0000922a    00000017                   : sysctl.obj (.text:SysCtl_enablePeripheral)
                  00009241    00000017     rts2800_fpu32_eabi.lib : boot28.asm.obj (.text)
                  00009258    00000016     driverlib.lib : sysctl.obj (.text:DCC_disableDoneSignal)
                  0000926e    00000016                   : interrupt.obj (.text:Interrupt_defaultHandler)
                  00009284    00000015                   : sysctl.obj (.text:DCC_clearDoneFlag)
                  00009299    00000015                   : sysctl.obj (.text:DCC_clearErrorFlag)
                  000092ae    00000015                   : sysctl.obj (.text:DCC_disableErrorSignal)
                  000092c3    00000014                   : sysctl.obj (.text:DCC_disableModule)
                  000092d7    00000014                   : sysctl.obj (.text:DCC_enableModule)
                  000092eb    00000014                   : sci.obj (.text:SCI_getTxFIFOStatus)
                  000092ff    00000013                   : cputimer.obj (.text:CPUTimer_setEmulationMode)
                  00009312    00000013                   : sci.obj (.text:SCI_enableModule)
                  00009325    00000010                   : sysctl.obj (.text:DCC_isBaseValid)
                  00009335    0000000d                   : interrupt.obj (.text:Interrupt_disableGlobal)
                  00009342    0000000d                   : interrupt.obj (.text:Interrupt_enableGlobal)
                  0000934f    0000000d     rts2800_fpu32_eabi.lib : copy_zero_init.c.obj (.text:decompress:ZI:__TI_zero_init_nomemset)
                  0000935c    0000000c                            : args_main.c.obj (.text)
                  00009368    0000000b     driverlib.lib : sysctl.obj (.text:SysCtl_isMCDClockFailureDetected)
                  00009373    0000000a                   : sysctl.obj (.text:ASysCtl_getExtROscStatus)
                  0000937d    0000000a                   : interrupt.obj (.text:Interrupt_illegalOperationHandler)
                  00009387    0000000a                   : interrupt.obj (.text:Interrupt_nmiHandler)
                  00009391    00000009     rts2800_fpu32_eabi.lib : _lock.c.obj (.text)
                  0000939a    00000008                            : copy_decompress_none.c.obj (.text:decompress:none)
                  000093a2    00000008     f280013x_codestartbranch.obj (.text)
                  000093aa    00000007     driverlib.lib : sysctl.obj (.text:SysCtl_resetMCD)
                  000093b1    00000002     rts2800_fpu32_eabi.lib : pre_init.c.obj (.text)

MODULE SUMMARY

       Module                         code   ro data   rw data
       ------                         ----   -------   -------
    .\
       lab_main.obj                   417    312       2      
    +--+------------------------------+------+---------+---------+
       Total:                         417    312       2      
                                                              
    .\device\
       device.obj                     284    19        0      
       f280013x_codestartbranch.obj   10     0         0      
    +--+------------------------------+------+---------+---------+
       Total:                         294    19        0      
                                                              
    .\syscfg\
       board.obj                      565    130       0      
    +--+------------------------------+------+---------+---------+
       Total:                         565    130       0      
                                                              
    C:/ti/C2000Ware_5_05_00_00/driverlib/f280013x/driverlib/ccs/Debug/driverlib.lib
       sysctl.obj                     1388   127       0      
       gpio.obj                       481    127       0      
       sci.obj                        364    124       0      
       interrupt.obj                  214    0         0      
       cputimer.obj                   42     67        0      
    +--+------------------------------+------+---------+---------+
       Total:                         2489   445       0      
                                                              
    C:\ti\ccs2020\ccs\tools\compiler\ti-cgt-c2000_22.6.2.LTS\lib\rts2800_fpu32_eabi.lib
       fs_div28.asm.obj               136    0         0      
       exit.c.obj                     41     0         6      
       copy_decompress_lzss.c.obj     46     0         0      
       autoinit.c.obj                 43     0         0      
       memcpy.c.obj                   29     0         0      
       boot28.asm.obj                 23     0         0      
       _lock.c.obj                    9      0         4      
       copy_zero_init.c.obj           13     0         0      
       args_main.c.obj                12     0         0      
       copy_decompress_none.c.obj     8      0         0      
       pre_init.c.obj                 2      0         0      
       startup.c.obj                  1      0         0      
    +--+------------------------------+------+---------+---------+
       Total:                         363    0         10     
                                                              
       Stack:                         0      0         256    
       Linker Generated:              0      26        0      
    +--+------------------------------+------+---------+---------+
       Grand Total:                   4128   932       268    


LINKER GENERATED COPY TABLES

__TI_cinit_table @ 0000013e records: 2, size/record: 4, table size: 8
	.data: load addr=0000012c, load size=00000008 bytes, run addr=0000838e, run size=0000000a bytes, compression=lzss
	.bss: load addr=0000013a, load size=00000004 bytes, run addr=00008398, run size=00000002 bytes, compression=zero_init


LINKER GENERATED HANDLER TABLE

__TI_handler_table @ 00000134 records: 3, size/record: 2, table size: 6
	index: 0, handler: __TI_zero_init
	index: 1, handler: __TI_decompress_lzss
	index: 2, handler: __TI_decompress_none


GLOBAL DATA SYMBOLS: SORTED BY DATA PAGE

address     data page           name
--------    ----------------    ----
00000400      10 (00000400)     __stack

0000838e     20e (00008380)     __TI_enable_exit_profile_output
00008390     20e (00008380)     __TI_cleanup_ptr
00008392     20e (00008380)     __TI_dtors_ptr
00008394     20e (00008380)     _lock
00008396     20e (00008380)     _unlock
00008398     20e (00008380)     cpuTimer0IntCount
00008399     20e (00008380)     delayCount


GLOBAL SYMBOLS: SORTED ALPHABETICALLY BY Name 

page  address   name                             
----  -------   ----                             
0     00008516  Board_init                       
0     0000905b  C$$EXIT                          
0     0000854a  CPUTIMER_init                    
0     000092ff  CPUTimer_setEmulationMode        
0     00008910  Device_enableAllPeripherals      
0     000088c8  Device_init                      
0     0000897e  Device_initGPIO                  
0     0000856f  GPIO_init                        
0     00008a7f  GPIO_setAnalogMode               
0     00008fd1  GPIO_setDirectionMode            
0     00008c8b  GPIO_setPadConfig                
0     00008f2c  GPIO_setPinConfig                
0     00008f63  GPIO_setQualificationMode        
0     00008582  INTERRUPT_init                   
0     00008ef4  INT_myCPUTIMER0_ISR              
0     0000926e  Interrupt_defaultHandler         
0     00008f9a  Interrupt_enable                 
0     0000937d  Interrupt_illegalOperationHandler
0     00008eb7  Interrupt_initModule             
0     00009129  Interrupt_initVectorTable        
0     00009387  Interrupt_nmiHandler             
0     00008523  PinMux_init                      
0     00008d6a  SCI_clearInterruptStatus         
0     0000858f  SCI_init                         
0     00008e79  SCI_setConfig                    
0     00008e38  SCI_writeCharArray               
0     00000128  SysCtl_delay                     
0     00008c26  SysCtl_getClock                  
0     00009199  SysCtl_getLowSpeedClock          
0     00008995  SysCtl_isPLLValid                
0     00008cdd  SysCtl_selectOscSource           
0     00008d24  SysCtl_selectXTAL                
0     00009084  SysCtl_selectXTALSingleEnded     
0     00008738  SysCtl_setClock                  
0     0000013e  __TI_CINIT_Base                  
0     00000146  __TI_CINIT_Limit                 
0     00000146  __TI_CINIT_Warm                  
0     00000134  __TI_Handler_Table_Base          
0     0000013a  __TI_Handler_Table_Limit         
0     00000500  __TI_STACK_END                   
abs   00000100  __TI_STACK_SIZE                  
0     00009030  __TI_auto_init_nobinit_nopinit   
0     00008390  __TI_cleanup_ptr                 
0     00009002  __TI_decompress_lzss             
0     0000939a  __TI_decompress_none             
0     00008392  __TI_dtors_ptr                   
0     0000838e  __TI_enable_exit_profile_output  
abs   ffffffff  __TI_pprof_out_hndl              
abs   ffffffff  __TI_prof_data_size              
abs   ffffffff  __TI_prof_data_start             
0     0000934f  __TI_zero_init_nomemset          
0     00008b2b  __c28xabi_divf                   
n/a   UNDEFED   __c_args__                       
0     0000898e  __error__                        
0     00000400  __stack                          
0     0000935c  _args_main                       
0     00009241  _c_int00                         
0     00008394  _lock                            
0     00009399  _nop                             
0     00009395  _register_lock                   
0     00009391  _register_unlock                 
0     0000838d  _system_post_cinit               
0     000093b1  _system_pre_init                 
0     00008396  _unlock                          
0     0000905b  abort                            
0     00000000  code_start                       
0     00008398  cpuTimer0IntCount                
0     00008399  delayCount                       
0     0000905d  exit                             
0     000086f5  main                             
0     00009147  memcpy                           
0     00008572  myBoardLED0_GPIO_init            
0     0000854d  myCPUTIMER0_init                 
0     00008592  mySCIA_init                      


GLOBAL SYMBOLS: SORTED BY Symbol Address 

page  address   name                             
----  -------   ----                             
0     00000000  code_start                       
0     00000128  SysCtl_delay                     
0     00000134  __TI_Handler_Table_Base          
0     0000013a  __TI_Handler_Table_Limit         
0     0000013e  __TI_CINIT_Base                  
0     00000146  __TI_CINIT_Limit                 
0     00000146  __TI_CINIT_Warm                  
0     00000400  __stack                          
0     00000500  __TI_STACK_END                   
0     0000838d  _system_post_cinit               
0     0000838e  __TI_enable_exit_profile_output  
0     00008390  __TI_cleanup_ptr                 
0     00008392  __TI_dtors_ptr                   
0     00008394  _lock                            
0     00008396  _unlock                          
0     00008398  cpuTimer0IntCount                
0     00008399  delayCount                       
0     00008516  Board_init                       
0     00008523  PinMux_init                      
0     0000854a  CPUTIMER_init                    
0     0000854d  myCPUTIMER0_init                 
0     0000856f  GPIO_init                        
0     00008572  myBoardLED0_GPIO_init            
0     00008582  INTERRUPT_init                   
0     0000858f  SCI_init                         
0     00008592  mySCIA_init                      
0     000086f5  main                             
0     00008738  SysCtl_setClock                  
0     000088c8  Device_init                      
0     00008910  Device_enableAllPeripherals      
0     0000897e  Device_initGPIO                  
0     0000898e  __error__                        
0     00008995  SysCtl_isPLLValid                
0     00008a7f  GPIO_setAnalogMode               
0     00008b2b  __c28xabi_divf                   
0     00008c26  SysCtl_getClock                  
0     00008c8b  GPIO_setPadConfig                
0     00008cdd  SysCtl_selectOscSource           
0     00008d24  SysCtl_selectXTAL                
0     00008d6a  SCI_clearInterruptStatus         
0     00008e38  SCI_writeCharArray               
0     00008e79  SCI_setConfig                    
0     00008eb7  Interrupt_initModule             
0     00008ef4  INT_myCPUTIMER0_ISR              
0     00008f2c  GPIO_setPinConfig                
0     00008f63  GPIO_setQualificationMode        
0     00008f9a  Interrupt_enable                 
0     00008fd1  GPIO_setDirectionMode            
0     00009002  __TI_decompress_lzss             
0     00009030  __TI_auto_init_nobinit_nopinit   
0     0000905b  C$$EXIT                          
0     0000905b  abort                            
0     0000905d  exit                             
0     00009084  SysCtl_selectXTALSingleEnded     
0     00009129  Interrupt_initVectorTable        
0     00009147  memcpy                           
0     00009199  SysCtl_getLowSpeedClock          
0     00009241  _c_int00                         
0     0000926e  Interrupt_defaultHandler         
0     000092ff  CPUTimer_setEmulationMode        
0     0000934f  __TI_zero_init_nomemset          
0     0000935c  _args_main                       
0     0000937d  Interrupt_illegalOperationHandler
0     00009387  Interrupt_nmiHandler             
0     00009391  _register_unlock                 
0     00009395  _register_lock                   
0     00009399  _nop                             
0     0000939a  __TI_decompress_none             
0     000093b1  _system_pre_init                 
abs   00000100  __TI_STACK_SIZE                  
abs   ffffffff  __TI_pprof_out_hndl              
abs   ffffffff  __TI_prof_data_size              
abs   ffffffff  __TI_prof_data_start             
n/a   UNDEFED   __c_args__                       

[74 symbols]
