******************************************************************************
             TMS320C2000 Linker PC v22.6.2                     
******************************************************************************
>> Linked Mon Aug 25 14:18:46 2025

OUTPUT FILE NAME:   <ePWM_Test.out>
ENTRY POINT SYMBOL: "code_start"  address: 00000000


MEMORY CONFIGURATION

         name            origin    length      used     unused   attr    fill
----------------------  --------  ---------  --------  --------  ----  --------
  BEGIN                 00000000   00000002  00000002  00000000  RWIX
  BOOT_RSVD             00000002   00000126  00000000  00000126  RWIX
  RAMM0                 00000128   000002d8  00000020  000002b8  RWIX
  RAMM1                 00000400   000003f8  00000200  000001f8  RWIX
  RAMLS0                00008000   00002000  00001941  000006bf  RWIX
  RAMLS1                0000a000   00001ff8  00000000  00001ff8  RWIX
  FLASH_BANK0_SEC_0_7   00080002   00001ffe  00000000  00001ffe  RWIX
  FLASH_BANK0_SEC_8_15  00082000   00002000  00000000  00002000  RWIX
  FLASH_BANK0_SEC_16_23 00084000   00002000  00000000  00002000  RWIX
  FLASH_BANK0_SEC_24_31 00086000   00002000  00000000  00002000  RWIX
  FLASH_BANK0_SEC_32_39 00088000   00002000  00000000  00002000  RWIX
  FLASH_BANK0_SEC_40_47 0008a000   00002000  00000000  00002000  RWIX
  FLASH_BANK0_SEC_48_55 0008c000   00002000  00000000  00002000  RWIX
  FLASH_BANK0_SEC_56_63 0008e000   00002000  00000000  00002000  RWIX
  FLASH_BANK0_SEC_64_71 00090000   00002000  00000000  00002000  RWIX
  FLASH_BANK0_SEC_72_79 00092000   00002000  00000000  00002000  RWIX
  FLASH_BANK0_SEC_80_87 00094000   00002000  00000000  00002000  RWIX
  FLASH_BANK0_SEC_88_95 00096000   00002000  00000000  00002000  RWIX
  FLASH_BANK0_SEC_96_10 00098000   00002000  00000000  00002000  RWIX
  FLASH_BANK0_SEC_104_1 0009a000   00002000  00000000  00002000  RWIX
  FLASH_BANK0_SEC_112_1 0009c000   00002000  00000000  00002000  RWIX
  FLASH_BANK0_SEC_120_1 0009e000   00001ff0  00000000  00001ff0  RWIX
  RESET                 003fffc0   00000002  00000000  00000002  RWIX


SECTION ALLOCATION MAP

 output                                  attributes/
section   page    origin      length       input sections
--------  ----  ----------  ----------   ----------------
codestart 
*          0    00000000    00000002     
                  00000000    00000002     f280013x_codestartbranch.obj (codestart)

.TI.ramfunc 
*          0    00000128    00000004     
                  00000128    00000004     driverlib.lib : sysctl.obj (.TI.ramfunc)

.cinit     0    0000012c    0000001c     
                  0000012c    00000009     (.cinit..data.load) [load image, compression = lzss]
                  00000135    00000001     --HOLE-- [fill = 0]
                  00000136    00000006     (__TI_handler_table)
                  0000013c    00000004     (.cinit..bss.load) [load image, compression = zero_init]
                  00000140    00000008     (__TI_cinit_table)

.reset     0    003fffc0    00000000     DSECT

.stack     0    00000400    00000200     UNINITIALIZED
                  00000400    00000200     --HOLE--

.bss       0    000082d5    00000102     UNINITIALIZED
                  000082d5    00000100     ePWM_main.obj (.bss:myADC0Results)
                  000083d5    00000002     ePWM_main.obj (.bss)

.init_array 
*          0    00000128    00000000     UNINITIALIZED

.const     0    00008000    000002d5     
                  00008000    000000bf     board.obj (.const:.string)
                  000080bf    00000001     --HOLE-- [fill = 0]
                  000080c0    0000009b     driverlib.lib : gpio.obj (.const:.string)
                  0000815b    00000001     --HOLE-- [fill = 0]
                  0000815c    0000009b                   : sysctl.obj (.const:.string)
                  000081f7    00000001     --HOLE-- [fill = 0]
                  000081f8    0000007d     ePWM_main.obj (.const:.string)
                  00008275    00000001     --HOLE-- [fill = 0]
                  00008276    0000004c     driverlib.lib : adc.obj (.const:.string)
                  000082c2    00000013     device.obj (.const:.string)

.data      0    000083d8    0000000b     UNINITIALIZED
                  000083d8    00000006     rts2800_fpu32_eabi.lib : exit.c.obj (.data)
                  000083de    00000002                            : _lock.c.obj (.data:_lock)
                  000083e0    00000002                            : _lock.c.obj (.data:_unlock)
                  000083e2    00000001     ePWM_main.obj (.data)

.text.1    0    000083d7    00000001     
                  000083d7    00000001     c2000ware_libraries.obj (.text:C2000Ware_libraries_init)

.text.2    0    000083e3    0000155e     
                  000083e3    00000266     board.obj (.text:EPWM_init)
                  00008649    00000141     driverlib.lib : sysctl.obj (.text:SysCtl_setClock)
                  0000878a    000000ea                   : sysctl.obj (.text:SysCtl_isPLLValid)
                  00008874    000000ac                   : gpio.obj (.text:GPIO_setAnalogMode)
                  00008920    00000088     rts2800_fpu32_eabi.lib : fs_div28.asm.obj (.text)
                  000089a8    00000082     board.obj (.text:PinMux_init)
                  00008a2a    00000075     board.obj (.text:EPWM_setADCTriggerSource)
                  00008a9f    00000073     driverlib.lib : sysctl.obj (.text:DCC_setCounterSeeds)
                  00008b12    0000006e     device.obj (.text:Device_enableAllPeripherals)
                  00008b80    00000065     driverlib.lib : sysctl.obj (.text:SysCtl_getClock)
                  00008be5    00000054     ePWM_main.obj (.text:INT_myADC0_1_ISR)
                  00008c39    00000052     driverlib.lib : gpio.obj (.text:GPIO_setPadConfig)
                  00008c8b    0000004c                   : adc.obj (.text:ADC_setOffsetTrimAll)
                  00008cd7    00000048     device.obj (.text:Device_init)
                  00008d1f    00000048     board.obj (.text:myADC0_init)
                  00008d67    00000047     driverlib.lib : sysctl.obj (.text:SysCtl_selectOscSource)
                  00008dae    00000046     board.obj (.text:ADC_setupSOC)
                  00008df4    00000046     driverlib.lib : sysctl.obj (.text:SysCtl_selectXTAL)
                  00008e3a    00000045                   : sysctl.obj (.text:SysCtl_pollX1Counter)
                  00008e7f    00000044                   : gpio.obj (.text:GPIO_isPinValid)
                  00008ec3    00000044     ePWM_main.obj (.text:GPIO_isPinValid)
                  00008f07    00000040     board.obj (.text:EPWM_setActionQualifierAction)
                  00008f47    0000003e     board.obj (.text:EPWM_setCounterCompareShadowLoadMode)
                  00008f85    0000003d     driverlib.lib : interrupt.obj (.text:Interrupt_initModule)
                  00008fc2    0000003a     board.obj (.text:EPWM_setADCTriggerEventPrescale)
                  00008ffc    0000003a     board.obj (.text:EPWM_setActionQualifierShadowLoadMode)
                  00009036    00000037     driverlib.lib : gpio.obj (.text:GPIO_setPinConfig)
                  0000906d    00000037                   : gpio.obj (.text:GPIO_setQualificationMode)
                  000090a4    00000037                   : interrupt.obj (.text:Interrupt_enable)
                  000090db    00000031                   : gpio.obj (.text:GPIO_setDirectionMode)
                  0000910c    0000002f     board.obj (.text:ADC_setInterruptSource)
                  0000913b    0000002e     board.obj (.text:ADC_setInterruptSOCTrigger)
                  00009169    0000002e     rts2800_fpu32_eabi.lib : copy_decompress_lzss.c.obj (.text:decompress:lzss)
                  00009197    0000002c     board.obj (.text:EPWM_setDeadBandDelayMode)
                  000091c3    0000002b     rts2800_fpu32_eabi.lib : autoinit.c.obj (.text:__TI_auto_init_nobinit_nopinit)
                  000091ee    00000029                            : exit.c.obj (.text)
                  00009217    00000027     driverlib.lib : adc.obj (.text:ADC_setVREF)
                  0000923e    00000027     board.obj (.text:EPWM_isBaseValid)
                  00009265    00000027     ePWM_main.obj (.text:GPIO_writePin)
                  0000928c    00000027     ePWM_main.obj (.text:main)
                  000092b3    00000025     driverlib.lib : sysctl.obj (.text:SysCtl_selectXTALSingleEnded)
                  000092d8    00000024                   : sysctl.obj (.text:DCC_enableSingleShotMode)
                  000092fc    00000024     board.obj (.text:EPWM_setDeadBandDelayPolarity)
                  00009320    00000022     board.obj (.text:EPWM_setCounterCompareValue)
                  00009342    00000021     board.obj (.text:ADC_disableContinuousMode)
                  00009363    00000020     board.obj (.text:ADC_enableInterrupt)
                  00009383    0000001f     board.obj (.text:EPWM_setFallingEdgeDelayCountShadowLoadMode)
                  000093a2    0000001f     board.obj (.text:EPWM_setRisingEdgeDelayCountShadowLoadMode)
                  000093c1    0000001e     driverlib.lib : sysctl.obj (.text:DCC_setCounter0ClkSource)
                  000093df    0000001e                   : sysctl.obj (.text:DCC_setCounter1ClkSource)
                  000093fd    0000001e     board.obj (.text:EPWM_setPhaseShift)
                  0000941b    0000001e     driverlib.lib : interrupt.obj (.text:Interrupt_initVectorTable)
                  00009439    0000001d     ePWM_main.obj (.text:ADC_getInterruptOverflowStatus)
                  00009456    0000001d     board.obj (.text:EPWM_setFallingEdgeDelayCount)
                  00009473    0000001d     board.obj (.text:EPWM_setRisingEdgeDelayCount)
                  00009490    0000001d     rts2800_fpu32_eabi.lib : memcpy.c.obj (.text)
                  000094ad    0000001c     board.obj (.text:ADC_setSOCPriority)
                  000094c9    0000001c     board.obj (.text:EPWM_enableADCTrigger)
                  000094e5    0000001c     board.obj (.text:EPWM_setClockPrescaler)
                  00009501    0000001b     driverlib.lib : sysctl.obj (.text:SysCtl_setIntOSC2_Mode)
                  0000951c    0000001a     board.obj (.text:EPWM_disableActionQualifierShadowLoadMode)
                  00009536    0000001a     driverlib.lib : sysctl.obj (.text:SysCtl_getLowSpeedClock)
                  00009550    00000019                   : sysctl.obj (.text:SysCtl_setPLLSysClk)
                  00009569    00000018     board.obj (.text:ASysCtl_setAnalogReferenceExternal)
                  00009581    00000018     board.obj (.text:EPWM_disableFallingEdgeDelayCountShadowLoadMode)
                  00009599    00000018     board.obj (.text:EPWM_disableRisingEdgeDelayCountShadowLoadMode)
                  000095b1    00000018     ePWM_main.obj (.text:SysCtl_disablePeripheral)
                  000095c9    00000017     device.obj (.text:SysCtl_enablePeripheral)
                  000095e0    00000017     driverlib.lib : sysctl.obj (.text:SysCtl_enablePeripheral)
                  000095f7    00000017     ePWM_main.obj (.text:SysCtl_enablePeripheral)
                  0000960e    00000017     rts2800_fpu32_eabi.lib : boot28.asm.obj (.text)
                  00009625    00000016     board.obj (.text:ADC_setInterruptPulseMode)
                  0000963b    00000016     board.obj (.text:ADC_setPrescaler)
                  00009651    00000016     driverlib.lib : sysctl.obj (.text:DCC_disableDoneSignal)
                  00009667    00000016                   : interrupt.obj (.text:Interrupt_defaultHandler)
                  0000967d    00000015     board.obj (.text:ADC_disableBurstMode)
                  00009692    00000015     driverlib.lib : sysctl.obj (.text:DCC_clearDoneFlag)
                  000096a7    00000015                   : sysctl.obj (.text:DCC_clearErrorFlag)
                  000096bc    00000015                   : sysctl.obj (.text:DCC_disableErrorSignal)
                  000096d1    00000015     device.obj (.text:GPIO_unlockPortConfig)
                  000096e6    00000014     ePWM_main.obj (.text:ADC_clearInterruptOverflowStatus)
                  000096fa    00000014     board.obj (.text:ADC_clearInterruptStatus)
                  0000970e    00000014     ePWM_main.obj (.text:ADC_clearInterruptStatus)
                  00009722    00000014     driverlib.lib : sysctl.obj (.text:DCC_disableModule)
                  00009736    00000014                   : sysctl.obj (.text:DCC_enableModule)
                  0000974a    00000014     board.obj (.text:EPWM_setTimeBaseCounterMode)
                  0000975e    00000014     board.obj (.text:EPWM_setTimeBasePeriod)
                  00009772    00000014     board.obj (.text:myAIO0_init)
                  00009786    00000013     board.obj (.text:ADC_enableConverter)
                  00009799    00000013     board.obj (.text:ADC_isBaseValid)
                  000097ac    00000013     driverlib.lib : adc.obj (.text:ADC_isBaseValid)
                  000097bf    00000013     ePWM_main.obj (.text:ADC_isBaseValid)
                  000097d2    00000013     board.obj (.text:Board_init)
                  000097e5    00000012     board.obj (.text:EPWM_setTimeBaseCounter)
                  000097f7    00000012     board.obj (.text:SysCtl_setSyncOutputConfig)
                  00009809    00000011     board.obj (.text:EPWM_disablePhaseShiftLoad)
                  0000981a    00000010     driverlib.lib : sysctl.obj (.text:DCC_isBaseValid)
                  0000982a    00000010     device.obj (.text:Device_initGPIO)
                  0000983a    00000010     board.obj (.text:myGPIO0_init)
                  0000984a    0000000f     board.obj (.text:Interrupt_register)
                  00009859    0000000d     board.obj (.text:INTERRUPT_init)
                  00009866    0000000d     driverlib.lib : interrupt.obj (.text:Interrupt_disableGlobal)
                  00009873    0000000d                   : interrupt.obj (.text:Interrupt_enableGlobal)
                  00009880    0000000d     device.obj (.text:SysCtl_setLowSpeedClock)
                  0000988d    0000000d     rts2800_fpu32_eabi.lib : copy_zero_init.c.obj (.text:decompress:ZI:__TI_zero_init_nomemset)
                  0000989a    0000000c     board.obj (.text:SysCtl_enableExtADCSOCSource)
                  000098a6    0000000c     rts2800_fpu32_eabi.lib : args_main.c.obj (.text)
                  000098b2    0000000b     device.obj (.text:SysCtl_disableWatchdog)
                  000098bd    0000000b     driverlib.lib : sysctl.obj (.text:SysCtl_isMCDClockFailureDetected)
                  000098c8    0000000a                   : sysctl.obj (.text:ASysCtl_getExtROscStatus)
                  000098d2    0000000a                   : interrupt.obj (.text:Interrupt_illegalOperationHandler)
                  000098dc    0000000a                   : interrupt.obj (.text:Interrupt_nmiHandler)
                  000098e6    0000000a     board.obj (.text:SYNC_init)
                  000098f0    00000009     rts2800_fpu32_eabi.lib : _lock.c.obj (.text)
                  000098f9    00000008                            : copy_decompress_none.c.obj (.text:decompress:none)
                  00009901    00000008     f280013x_codestartbranch.obj (.text)
                  00009909    00000007     board.obj (.text:ASysCtl_disableTemperatureSensor)
                  00009910    00000007     device.obj (.text:ASysCtl_lockVREG)
                  00009917    00000007     driverlib.lib : sysctl.obj (.text:SysCtl_resetMCD)
                  0000991e    00000007     device.obj (.text:__error__)
                  00009925    00000006     board.obj (.text:ASYSCTL_init)
                  0000992b    00000006     ePWM_main.obj (.text:Interrupt_clearACKGroup)
                  00009931    00000004     device.obj (.text:SysCtl_deviceCal)
                  00009935    00000003     board.obj (.text:ADC_init)
                  00009938    00000003     board.obj (.text:AIO_init)
                  0000993b    00000003     board.obj (.text:GPIO_init)
                  0000993e    00000002     rts2800_fpu32_eabi.lib : pre_init.c.obj (.text)
                  00009940    00000001                            : startup.c.obj (.text)

MODULE SUMMARY

       Module                         code   ro data   rw data
       ------                         ----   -------   -------
    .\
       ePWM_main.obj                  371    125       259    
    +--+------------------------------+------+---------+---------+
       Total:                         371    125       259    
                                                              
    .\device\
       device.obj                     284    19        0      
       f280013x_codestartbranch.obj   10     0         0      
    +--+------------------------------+------+---------+---------+
       Total:                         294    19        0      
                                                              
    .\syscfg\
       board.obj                      2231   191       0      
       c2000ware_libraries.obj        1      0         0      
    +--+------------------------------+------+---------+---------+
       Total:                         2232   191       0      
                                                              
    C:/ti/C2000Ware_6_00_00_00/driverlib/f280013x/driverlib/ccs/Debug/driverlib.lib
       sysctl.obj                     1388   155       0      
       gpio.obj                       481    155       0      
       interrupt.obj                  214    0         0      
       adc.obj                        134    76        0      
    +--+------------------------------+------+---------+---------+
       Total:                         2217   386       0      
                                                              
    C:\ti\ccs2020\ccs\tools\compiler\ti-cgt-c2000_22.6.2.LTS\lib\rts2800_fpu32_eabi.lib
       fs_div28.asm.obj               136    0         0      
       exit.c.obj                     41     0         6      
       copy_decompress_lzss.c.obj     46     0         0      
       autoinit.c.obj                 43     0         0      
       memcpy.c.obj                   29     0         0      
       boot28.asm.obj                 23     0         0      
       _lock.c.obj                    9      0         4      
       copy_zero_init.c.obj           13     0         0      
       args_main.c.obj                12     0         0      
       copy_decompress_none.c.obj     8      0         0      
       pre_init.c.obj                 2      0         0      
       startup.c.obj                  1      0         0      
    +--+------------------------------+------+---------+---------+
       Total:                         363    0         10     
                                                              
       Stack:                         0      0         512    
       Linker Generated:              0      27        0      
    +--+------------------------------+------+---------+---------+
       Grand Total:                   5477   748       781    


LINKER GENERATED COPY TABLES

__TI_cinit_table @ 00000140 records: 2, size/record: 4, table size: 8
	.data: load addr=0000012c, load size=00000009 bytes, run addr=000083d8, run size=0000000b bytes, compression=lzss
	.bss: load addr=0000013c, load size=00000004 bytes, run addr=000082d5, run size=00000102 bytes, compression=zero_init


LINKER GENERATED HANDLER TABLE

__TI_handler_table @ 00000136 records: 3, size/record: 2, table size: 6
	index: 0, handler: __TI_zero_init
	index: 1, handler: __TI_decompress_lzss
	index: 2, handler: __TI_decompress_none


GLOBAL DATA SYMBOLS: SORTED BY DATA PAGE

address     data page           name
--------    ----------------    ----
00000400      10 (00000400)     __stack

000082d5     20b (000082c0)     myADC0Results

000083d5     20f (000083c0)     index
000083d6     20f (000083c0)     bufferFull
000083d8     20f (000083c0)     __TI_enable_exit_profile_output
000083da     20f (000083c0)     __TI_cleanup_ptr
000083dc     20f (000083c0)     __TI_dtors_ptr
000083de     20f (000083c0)     _lock
000083e0     20f (000083c0)     _unlock


GLOBAL SYMBOLS: SORTED ALPHABETICALLY BY Name 

page  address   name                             
----  -------   ----                             
0     00009935  ADC_init                         
0     00008c8b  ADC_setOffsetTrimAll             
0     00009217  ADC_setVREF                      
0     00009938  AIO_init                         
0     00009925  ASYSCTL_init                     
0     000097d2  Board_init                       
0     000091ee  C$$EXIT                          
0     000083d7  C2000Ware_libraries_init         
0     00008b12  Device_enableAllPeripherals      
0     00008cd7  Device_init                      
0     0000982a  Device_initGPIO                  
0     000083e3  EPWM_init                        
0     0000993b  GPIO_init                        
0     00008874  GPIO_setAnalogMode               
0     000090db  GPIO_setDirectionMode            
0     00008c39  GPIO_setPadConfig                
0     00009036  GPIO_setPinConfig                
0     0000906d  GPIO_setQualificationMode        
0     00009859  INTERRUPT_init                   
0     00008be5  INT_myADC0_1_ISR                 
0     00009667  Interrupt_defaultHandler         
0     000090a4  Interrupt_enable                 
0     000098d2  Interrupt_illegalOperationHandler
0     00008f85  Interrupt_initModule             
0     0000941b  Interrupt_initVectorTable        
0     000098dc  Interrupt_nmiHandler             
0     000089a8  PinMux_init                      
0     000098e6  SYNC_init                        
0     00000128  SysCtl_delay                     
0     00008b80  SysCtl_getClock                  
0     00009536  SysCtl_getLowSpeedClock          
0     0000878a  SysCtl_isPLLValid                
0     00008d67  SysCtl_selectOscSource           
0     00008df4  SysCtl_selectXTAL                
0     000092b3  SysCtl_selectXTALSingleEnded     
0     00008649  SysCtl_setClock                  
0     00000140  __TI_CINIT_Base                  
0     00000148  __TI_CINIT_Limit                 
0     00000148  __TI_CINIT_Warm                  
0     00000136  __TI_Handler_Table_Base          
0     0000013c  __TI_Handler_Table_Limit         
0     00000600  __TI_STACK_END                   
abs   00000200  __TI_STACK_SIZE                  
0     000091c3  __TI_auto_init_nobinit_nopinit   
0     000083da  __TI_cleanup_ptr                 
0     00009169  __TI_decompress_lzss             
0     000098f9  __TI_decompress_none             
0     000083dc  __TI_dtors_ptr                   
0     000083d8  __TI_enable_exit_profile_output  
abs   ffffffff  __TI_pprof_out_hndl              
abs   ffffffff  __TI_prof_data_size              
abs   ffffffff  __TI_prof_data_start             
0     0000988d  __TI_zero_init_nomemset          
0     00008920  __c28xabi_divf                   
n/a   UNDEFED   __c_args__                       
0     0000991e  __error__                        
0     00000400  __stack                          
0     000098a6  _args_main                       
0     0000960e  _c_int00                         
0     000083de  _lock                            
0     000098f8  _nop                             
0     000098f4  _register_lock                   
0     000098f0  _register_unlock                 
0     00009940  _system_post_cinit               
0     0000993e  _system_pre_init                 
0     000083e0  _unlock                          
0     000091ee  abort                            
0     000083d6  bufferFull                       
0     00000000  code_start                       
0     000091f0  exit                             
0     000083d5  index                            
0     0000928c  main                             
0     00009490  memcpy                           
0     000082d5  myADC0Results                    
0     00008d1f  myADC0_init                      
0     00009772  myAIO0_init                      
0     0000983a  myGPIO0_init                     


GLOBAL SYMBOLS: SORTED BY Symbol Address 

page  address   name                             
----  -------   ----                             
0     00000000  code_start                       
0     00000128  SysCtl_delay                     
0     00000136  __TI_Handler_Table_Base          
0     0000013c  __TI_Handler_Table_Limit         
0     00000140  __TI_CINIT_Base                  
0     00000148  __TI_CINIT_Limit                 
0     00000148  __TI_CINIT_Warm                  
0     00000400  __stack                          
0     00000600  __TI_STACK_END                   
0     000082d5  myADC0Results                    
0     000083d5  index                            
0     000083d6  bufferFull                       
0     000083d7  C2000Ware_libraries_init         
0     000083d8  __TI_enable_exit_profile_output  
0     000083da  __TI_cleanup_ptr                 
0     000083dc  __TI_dtors_ptr                   
0     000083de  _lock                            
0     000083e0  _unlock                          
0     000083e3  EPWM_init                        
0     00008649  SysCtl_setClock                  
0     0000878a  SysCtl_isPLLValid                
0     00008874  GPIO_setAnalogMode               
0     00008920  __c28xabi_divf                   
0     000089a8  PinMux_init                      
0     00008b12  Device_enableAllPeripherals      
0     00008b80  SysCtl_getClock                  
0     00008be5  INT_myADC0_1_ISR                 
0     00008c39  GPIO_setPadConfig                
0     00008c8b  ADC_setOffsetTrimAll             
0     00008cd7  Device_init                      
0     00008d1f  myADC0_init                      
0     00008d67  SysCtl_selectOscSource           
0     00008df4  SysCtl_selectXTAL                
0     00008f85  Interrupt_initModule             
0     00009036  GPIO_setPinConfig                
0     0000906d  GPIO_setQualificationMode        
0     000090a4  Interrupt_enable                 
0     000090db  GPIO_setDirectionMode            
0     00009169  __TI_decompress_lzss             
0     000091c3  __TI_auto_init_nobinit_nopinit   
0     000091ee  C$$EXIT                          
0     000091ee  abort                            
0     000091f0  exit                             
0     00009217  ADC_setVREF                      
0     0000928c  main                             
0     000092b3  SysCtl_selectXTALSingleEnded     
0     0000941b  Interrupt_initVectorTable        
0     00009490  memcpy                           
0     00009536  SysCtl_getLowSpeedClock          
0     0000960e  _c_int00                         
0     00009667  Interrupt_defaultHandler         
0     00009772  myAIO0_init                      
0     000097d2  Board_init                       
0     0000982a  Device_initGPIO                  
0     0000983a  myGPIO0_init                     
0     00009859  INTERRUPT_init                   
0     0000988d  __TI_zero_init_nomemset          
0     000098a6  _args_main                       
0     000098d2  Interrupt_illegalOperationHandler
0     000098dc  Interrupt_nmiHandler             
0     000098e6  SYNC_init                        
0     000098f0  _register_unlock                 
0     000098f4  _register_lock                   
0     000098f8  _nop                             
0     000098f9  __TI_decompress_none             
0     0000991e  __error__                        
0     00009925  ASYSCTL_init                     
0     00009935  ADC_init                         
0     00009938  AIO_init                         
0     0000993b  GPIO_init                        
0     0000993e  _system_pre_init                 
0     00009940  _system_post_cinit               
abs   00000200  __TI_STACK_SIZE                  
abs   ffffffff  __TI_pprof_out_hndl              
abs   ffffffff  __TI_prof_data_size              
abs   ffffffff  __TI_prof_data_start             
n/a   UNDEFED   __c_args__                       

[77 symbols]
