******************************************************************************
             TMS320C2000 Linker PC v22.6.2                     
******************************************************************************
>> Linked Mon Aug 25 08:12:05 2025

OUTPUT FILE NAME:   <ADC_Test.out>
ENTRY POINT SYMBOL: "code_start"  address: 00000000


MEMORY CONFIGURATION

         name            origin    length      used     unused   attr    fill
----------------------  --------  ---------  --------  --------  ----  --------
  BEGIN                 00000000   00000002  00000002  00000000  RWIX
  BOOT_RSVD             00000002   00000126  00000000  00000126  RWIX
  RAMM0                 00000128   000002d8  0000001e  000002ba  RWIX
  RAMM1                 00000400   000003f8  00000200  000001f8  RWIX
  RAMLS0                00008000   00002000  00001659  000009a7  RWIX
  RAMLS1                0000a000   00001ff8  00000000  00001ff8  RWIX
  FLASH_BANK0_SEC_0_7   00080002   00001ffe  00000000  00001ffe  RWIX
  FLASH_BANK0_SEC_8_15  00082000   00002000  00000000  00002000  RWIX
  FLASH_BANK0_SEC_16_23 00084000   00002000  00000000  00002000  RWIX
  FLASH_BANK0_SEC_24_31 00086000   00002000  00000000  00002000  RWIX
  FLASH_BANK0_SEC_32_39 00088000   00002000  00000000  00002000  RWIX
  FLASH_BANK0_SEC_40_47 0008a000   00002000  00000000  00002000  RWIX
  FLASH_BANK0_SEC_48_55 0008c000   00002000  00000000  00002000  RWIX
  FLASH_BANK0_SEC_56_63 0008e000   00002000  00000000  00002000  RWIX
  FLASH_BANK0_SEC_64_71 00090000   00002000  00000000  00002000  RWIX
  FLASH_BANK0_SEC_72_79 00092000   00002000  00000000  00002000  RWIX
  FLASH_BANK0_SEC_80_87 00094000   00002000  00000000  00002000  RWIX
  FLASH_BANK0_SEC_88_95 00096000   00002000  00000000  00002000  RWIX
  FLASH_BANK0_SEC_96_10 00098000   00002000  00000000  00002000  RWIX
  FLASH_BANK0_SEC_104_1 0009a000   00002000  00000000  00002000  RWIX
  FLASH_BANK0_SEC_112_1 0009c000   00002000  00000000  00002000  RWIX
  FLASH_BANK0_SEC_120_1 0009e000   00001ff0  00000000  00001ff0  RWIX
  RESET                 003fffc0   00000002  00000000  00000002  RWIX


SECTION ALLOCATION MAP

 output                                  attributes/
section   page    origin      length       input sections
--------  ----  ----------  ----------   ----------------
codestart 
*          0    00000000    00000002     
                  00000000    00000002     f280013x_codestartbranch.obj (codestart)

.TI.ramfunc 
*          0    00000128    00000004     
                  00000128    00000004     driverlib.lib : sysctl.obj (.TI.ramfunc)

.cinit     0    0000012c    0000001a     
                  0000012c    00000008     (.cinit..data.load) [load image, compression = lzss]
                  00000134    00000006     (__TI_handler_table)
                  0000013a    00000004     (.cinit..bss.load) [load image, compression = zero_init]
                  0000013e    00000008     (__TI_cinit_table)

.reset     0    003fffc0    00000000     DSECT

.stack     0    00000400    00000200     UNINITIALIZED
                  00000400    00000200     --HOLE--

.bss       0    00008295    00000102     UNINITIALIZED
                  00008295    00000100     ADC_Test_main.obj (.bss:myADC0Results)
                  00008395    00000002     ADC_Test_main.obj (.bss)

.init_array 
*          0    00000128    00000000     UNINITIALIZED

.const     0    00008000    00000295     
                  00008000    000000bf     board.obj (.const:.string)
                  000080bf    00000001     --HOLE-- [fill = 0]
                  000080c0    0000009b     driverlib.lib : gpio.obj (.const:.string)
                  0000815b    00000001     --HOLE-- [fill = 0]
                  0000815c    0000009b                   : sysctl.obj (.const:.string)
                  000081f7    00000001     --HOLE-- [fill = 0]
                  000081f8    0000004c                   : adc.obj (.const:.string)
                  00008244    0000003e     ADC_Test_main.obj (.const:.string)
                  00008282    00000013     device.obj (.const:.string)

.data      0    00008398    0000000a     UNINITIALIZED
                  00008398    00000006     rts2800_fpu32_eabi.lib : exit.c.obj (.data)
                  0000839e    00000002                            : _lock.c.obj (.data:_lock)
                  000083a0    00000002                            : _lock.c.obj (.data:_unlock)

.text.1    0    00008397    00000001     
                  00008397    00000001     c2000ware_libraries.obj (.text:C2000Ware_libraries_init)

.text.2    0    000083a2    000012b7     
                  000083a2    00000141     driverlib.lib : sysctl.obj (.text:SysCtl_setClock)
                  000084e3    000000ea                   : sysctl.obj (.text:SysCtl_isPLLValid)
                  000085cd    000000db     board.obj (.text:PinMux_init)
                  000086a8    000000d1     board.obj (.text:EPWM_init)
                  00008779    000000ac     driverlib.lib : gpio.obj (.text:GPIO_setAnalogMode)
                  00008825    00000088     rts2800_fpu32_eabi.lib : fs_div28.asm.obj (.text)
                  000088ad    00000075     board.obj (.text:EPWM_setADCTriggerSource)
                  00008922    00000073     driverlib.lib : sysctl.obj (.text:DCC_setCounterSeeds)
                  00008995    0000006e     device.obj (.text:Device_enableAllPeripherals)
                  00008a03    00000065     driverlib.lib : sysctl.obj (.text:SysCtl_getClock)
                  00008a68    00000058     ADC_Test_main.obj (.text:INT_myADC0_1_ISR)
                  00008ac0    00000052     driverlib.lib : gpio.obj (.text:GPIO_setPadConfig)
                  00008b12    0000004c                   : adc.obj (.text:ADC_setOffsetTrimAll)
                  00008b5e    00000048     device.obj (.text:Device_init)
                  00008ba6    00000048     board.obj (.text:myADC0_init)
                  00008bee    00000047     driverlib.lib : sysctl.obj (.text:SysCtl_selectOscSource)
                  00008c35    00000046     board.obj (.text:ADC_setupSOC)
                  00008c7b    00000046     driverlib.lib : sysctl.obj (.text:SysCtl_selectXTAL)
                  00008cc1    00000045                   : sysctl.obj (.text:SysCtl_pollX1Counter)
                  00008d06    00000044                   : gpio.obj (.text:GPIO_isPinValid)
                  00008d4a    00000040     board.obj (.text:EPWM_setActionQualifierAction)
                  00008d8a    0000003e     board.obj (.text:EPWM_setCounterCompareShadowLoadMode)
                  00008dc8    0000003d     driverlib.lib : interrupt.obj (.text:Interrupt_initModule)
                  00008e05    0000003a     board.obj (.text:EPWM_setADCTriggerEventPrescale)
                  00008e3f    0000003a     board.obj (.text:EPWM_setActionQualifierShadowLoadMode)
                  00008e79    00000037     driverlib.lib : gpio.obj (.text:GPIO_setPinConfig)
                  00008eb0    00000037                   : gpio.obj (.text:GPIO_setQualificationMode)
                  00008ee7    00000037                   : interrupt.obj (.text:Interrupt_enable)
                  00008f1e    0000002f     board.obj (.text:ADC_setInterruptSource)
                  00008f4d    0000002e     board.obj (.text:ADC_setInterruptSOCTrigger)
                  00008f7b    0000002e     rts2800_fpu32_eabi.lib : copy_decompress_lzss.c.obj (.text:decompress:lzss)
                  00008fa9    0000002b                            : autoinit.c.obj (.text:__TI_auto_init_nobinit_nopinit)
                  00008fd4    00000029                            : exit.c.obj (.text)
                  00008ffd    00000027     driverlib.lib : adc.obj (.text:ADC_setVREF)
                  00009024    00000027     board.obj (.text:EPWM_isBaseValid)
                  0000904b    00000025     driverlib.lib : sysctl.obj (.text:SysCtl_selectXTALSingleEnded)
                  00009070    00000025     ADC_Test_main.obj (.text:main)
                  00009095    00000024     driverlib.lib : sysctl.obj (.text:DCC_enableSingleShotMode)
                  000090b9    00000022     board.obj (.text:EPWM_setCounterCompareValue)
                  000090db    00000021     board.obj (.text:ADC_disableContinuousMode)
                  000090fc    00000020     board.obj (.text:ADC_enableInterrupt)
                  0000911c    0000001f     board.obj (.text:EPWM_setFallingEdgeDelayCountShadowLoadMode)
                  0000913b    0000001f     board.obj (.text:EPWM_setRisingEdgeDelayCountShadowLoadMode)
                  0000915a    0000001e     driverlib.lib : sysctl.obj (.text:DCC_setCounter0ClkSource)
                  00009178    0000001e                   : sysctl.obj (.text:DCC_setCounter1ClkSource)
                  00009196    0000001e     board.obj (.text:EPWM_setPhaseShift)
                  000091b4    0000001e     driverlib.lib : interrupt.obj (.text:Interrupt_initVectorTable)
                  000091d2    0000001d     ADC_Test_main.obj (.text:ADC_getInterruptOverflowStatus)
                  000091ef    0000001d     rts2800_fpu32_eabi.lib : memcpy.c.obj (.text)
                  0000920c    0000001c     board.obj (.text:ADC_setSOCPriority)
                  00009228    0000001c     board.obj (.text:EPWM_enableADCTrigger)
                  00009244    0000001c     board.obj (.text:EPWM_setClockPrescaler)
                  00009260    0000001b     driverlib.lib : sysctl.obj (.text:SysCtl_setIntOSC2_Mode)
                  0000927b    0000001a     board.obj (.text:EPWM_disableActionQualifierShadowLoadMode)
                  00009295    0000001a     driverlib.lib : sysctl.obj (.text:SysCtl_getLowSpeedClock)
                  000092af    00000019                   : sysctl.obj (.text:SysCtl_setPLLSysClk)
                  000092c8    00000018     board.obj (.text:ASysCtl_setAnalogReferenceExternal)
                  000092e0    00000018     board.obj (.text:EPWM_disableFallingEdgeDelayCountShadowLoadMode)
                  000092f8    00000018     board.obj (.text:EPWM_disableRisingEdgeDelayCountShadowLoadMode)
                  00009310    00000017     device.obj (.text:SysCtl_enablePeripheral)
                  00009327    00000017     driverlib.lib : sysctl.obj (.text:SysCtl_enablePeripheral)
                  0000933e    00000017     rts2800_fpu32_eabi.lib : boot28.asm.obj (.text)
                  00009355    00000016     ADC_Test_main.obj (.text:ADC_readResult)
                  0000936b    00000016     board.obj (.text:ADC_setInterruptPulseMode)
                  00009381    00000016     board.obj (.text:ADC_setPrescaler)
                  00009397    00000016     driverlib.lib : sysctl.obj (.text:DCC_disableDoneSignal)
                  000093ad    00000016                   : interrupt.obj (.text:Interrupt_defaultHandler)
                  000093c3    00000015     board.obj (.text:ADC_disableBurstMode)
                  000093d8    00000015     driverlib.lib : sysctl.obj (.text:DCC_clearDoneFlag)
                  000093ed    00000015                   : sysctl.obj (.text:DCC_clearErrorFlag)
                  00009402    00000015                   : sysctl.obj (.text:DCC_disableErrorSignal)
                  00009417    00000015     device.obj (.text:GPIO_unlockPortConfig)
                  0000942c    00000014     ADC_Test_main.obj (.text:ADC_clearInterruptOverflowStatus)
                  00009440    00000014     ADC_Test_main.obj (.text:ADC_clearInterruptStatus)
                  00009454    00000014     board.obj (.text:ADC_clearInterruptStatus)
                  00009468    00000014     driverlib.lib : sysctl.obj (.text:DCC_disableModule)
                  0000947c    00000014                   : sysctl.obj (.text:DCC_enableModule)
                  00009490    00000014     board.obj (.text:EPWM_setTimeBaseCounterMode)
                  000094a4    00000014     board.obj (.text:EPWM_setTimeBasePeriod)
                  000094b8    00000013     board.obj (.text:ADC_enableConverter)
                  000094cb    00000013     ADC_Test_main.obj (.text:ADC_isBaseValid)
                  000094de    00000013     board.obj (.text:ADC_isBaseValid)
                  000094f1    00000013     driverlib.lib : adc.obj (.text:ADC_isBaseValid)
                  00009504    00000012     board.obj (.text:EPWM_setTimeBaseCounter)
                  00009516    00000012     board.obj (.text:SysCtl_setSyncOutputConfig)
                  00009528    00000011     board.obj (.text:EPWM_disablePhaseShiftLoad)
                  00009539    00000010     driverlib.lib : sysctl.obj (.text:DCC_isBaseValid)
                  00009549    00000010     device.obj (.text:Device_initGPIO)
                  00009559    0000000f     board.obj (.text:Board_init)
                  00009568    0000000f     board.obj (.text:Interrupt_register)
                  00009577    0000000d     board.obj (.text:INTERRUPT_init)
                  00009584    0000000d     driverlib.lib : interrupt.obj (.text:Interrupt_disableGlobal)
                  00009591    0000000d                   : interrupt.obj (.text:Interrupt_enableGlobal)
                  0000959e    0000000d     device.obj (.text:SysCtl_setLowSpeedClock)
                  000095ab    0000000d     rts2800_fpu32_eabi.lib : copy_zero_init.c.obj (.text:decompress:ZI:__TI_zero_init_nomemset)
                  000095b8    0000000c     board.obj (.text:SysCtl_enableExtADCSOCSource)
                  000095c4    0000000c     rts2800_fpu32_eabi.lib : args_main.c.obj (.text)
                  000095d0    0000000b     device.obj (.text:SysCtl_disableWatchdog)
                  000095db    0000000b     driverlib.lib : sysctl.obj (.text:SysCtl_isMCDClockFailureDetected)
                  000095e6    0000000a                   : sysctl.obj (.text:ASysCtl_getExtROscStatus)
                  000095f0    0000000a                   : interrupt.obj (.text:Interrupt_illegalOperationHandler)
                  000095fa    0000000a                   : interrupt.obj (.text:Interrupt_nmiHandler)
                  00009604    0000000a     board.obj (.text:SYNC_init)
                  0000960e    00000009     rts2800_fpu32_eabi.lib : _lock.c.obj (.text)
                  00009617    00000008                            : copy_decompress_none.c.obj (.text:decompress:none)
                  0000961f    00000008     f280013x_codestartbranch.obj (.text)
                  00009627    00000007     board.obj (.text:ASysCtl_disableTemperatureSensor)
                  0000962e    00000007     device.obj (.text:ASysCtl_lockVREG)
                  00009635    00000007     driverlib.lib : sysctl.obj (.text:SysCtl_resetMCD)
                  0000963c    00000007     device.obj (.text:__error__)
                  00009643    00000006     board.obj (.text:ASYSCTL_init)
                  00009649    00000006     ADC_Test_main.obj (.text:Interrupt_clearACKGroup)
                  0000964f    00000004     device.obj (.text:SysCtl_deviceCal)
                  00009653    00000003     board.obj (.text:ADC_init)
                  00009656    00000002     rts2800_fpu32_eabi.lib : pre_init.c.obj (.text)
                  00009658    00000001                            : startup.c.obj (.text)

MODULE SUMMARY

       Module                         code   ro data   rw data
       ------                         ----   -------   -------
    .\
       ADC_Test_main.obj              241    62        258    
    +--+------------------------------+------+---------+---------+
       Total:                         241    62        258    
                                                              
    .\device\
       device.obj                     284    19        0      
       f280013x_codestartbranch.obj   10     0         0      
    +--+------------------------------+------+---------+---------+
       Total:                         294    19        0      
                                                              
    .\syscfg\
       board.obj                      1731   191       0      
       c2000ware_libraries.obj        1      0         0      
    +--+------------------------------+------+---------+---------+
       Total:                         1732   191       0      
                                                              
    C:/ti/C2000Ware_6_00_00_00/driverlib/f280013x/driverlib/ccs/Debug/driverlib.lib
       sysctl.obj                     1388   155       0      
       gpio.obj                       432    155       0      
       interrupt.obj                  214    0         0      
       adc.obj                        134    76        0      
    +--+------------------------------+------+---------+---------+
       Total:                         2168   386       0      
                                                              
    C:\ti\ccs2020\ccs\tools\compiler\ti-cgt-c2000_22.6.2.LTS\lib\rts2800_fpu32_eabi.lib
       fs_div28.asm.obj               136    0         0      
       exit.c.obj                     41     0         6      
       copy_decompress_lzss.c.obj     46     0         0      
       autoinit.c.obj                 43     0         0      
       memcpy.c.obj                   29     0         0      
       boot28.asm.obj                 23     0         0      
       _lock.c.obj                    9      0         4      
       copy_zero_init.c.obj           13     0         0      
       args_main.c.obj                12     0         0      
       copy_decompress_none.c.obj     8      0         0      
       pre_init.c.obj                 2      0         0      
       startup.c.obj                  1      0         0      
    +--+------------------------------+------+---------+---------+
       Total:                         363    0         10     
                                                              
       Stack:                         0      0         512    
       Linker Generated:              0      26        0      
    +--+------------------------------+------+---------+---------+
       Grand Total:                   4798   684       780    


LINKER GENERATED COPY TABLES

__TI_cinit_table @ 0000013e records: 2, size/record: 4, table size: 8
	.data: load addr=0000012c, load size=00000008 bytes, run addr=00008398, run size=0000000a bytes, compression=lzss
	.bss: load addr=0000013a, load size=00000004 bytes, run addr=00008295, run size=00000102 bytes, compression=zero_init


LINKER GENERATED HANDLER TABLE

__TI_handler_table @ 00000134 records: 3, size/record: 2, table size: 6
	index: 0, handler: __TI_zero_init
	index: 1, handler: __TI_decompress_lzss
	index: 2, handler: __TI_decompress_none


GLOBAL DATA SYMBOLS: SORTED BY DATA PAGE

address     data page           name
--------    ----------------    ----
00000400      10 (00000400)     __stack

00008295     20a (00008280)     myADC0Results

00008395     20e (00008380)     index
00008396     20e (00008380)     bufferFull
00008398     20e (00008380)     __TI_enable_exit_profile_output
0000839a     20e (00008380)     __TI_cleanup_ptr
0000839c     20e (00008380)     __TI_dtors_ptr
0000839e     20e (00008380)     _lock
000083a0     20e (00008380)     _unlock


GLOBAL SYMBOLS: SORTED ALPHABETICALLY BY Name 

page  address   name                             
----  -------   ----                             
0     00009653  ADC_init                         
0     00008b12  ADC_setOffsetTrimAll             
0     00008ffd  ADC_setVREF                      
0     00009643  ASYSCTL_init                     
0     00009559  Board_init                       
0     00008fd4  C$$EXIT                          
0     00008397  C2000Ware_libraries_init         
0     00008995  Device_enableAllPeripherals      
0     00008b5e  Device_init                      
0     00009549  Device_initGPIO                  
0     000086a8  EPWM_init                        
0     00008779  GPIO_setAnalogMode               
0     00008ac0  GPIO_setPadConfig                
0     00008e79  GPIO_setPinConfig                
0     00008eb0  GPIO_setQualificationMode        
0     00009577  INTERRUPT_init                   
0     00008a68  INT_myADC0_1_ISR                 
0     000093ad  Interrupt_defaultHandler         
0     00008ee7  Interrupt_enable                 
0     000095f0  Interrupt_illegalOperationHandler
0     00008dc8  Interrupt_initModule             
0     000091b4  Interrupt_initVectorTable        
0     000095fa  Interrupt_nmiHandler             
0     000085cd  PinMux_init                      
0     00009604  SYNC_init                        
0     00000128  SysCtl_delay                     
0     00008a03  SysCtl_getClock                  
0     00009295  SysCtl_getLowSpeedClock          
0     000084e3  SysCtl_isPLLValid                
0     00008bee  SysCtl_selectOscSource           
0     00008c7b  SysCtl_selectXTAL                
0     0000904b  SysCtl_selectXTALSingleEnded     
0     000083a2  SysCtl_setClock                  
0     0000013e  __TI_CINIT_Base                  
0     00000146  __TI_CINIT_Limit                 
0     00000146  __TI_CINIT_Warm                  
0     00000134  __TI_Handler_Table_Base          
0     0000013a  __TI_Handler_Table_Limit         
0     00000600  __TI_STACK_END                   
abs   00000200  __TI_STACK_SIZE                  
0     00008fa9  __TI_auto_init_nobinit_nopinit   
0     0000839a  __TI_cleanup_ptr                 
0     00008f7b  __TI_decompress_lzss             
0     00009617  __TI_decompress_none             
0     0000839c  __TI_dtors_ptr                   
0     00008398  __TI_enable_exit_profile_output  
abs   ffffffff  __TI_pprof_out_hndl              
abs   ffffffff  __TI_prof_data_size              
abs   ffffffff  __TI_prof_data_start             
0     000095ab  __TI_zero_init_nomemset          
0     00008825  __c28xabi_divf                   
n/a   UNDEFED   __c_args__                       
0     0000963c  __error__                        
0     00000400  __stack                          
0     000095c4  _args_main                       
0     0000933e  _c_int00                         
0     0000839e  _lock                            
0     00009616  _nop                             
0     00009612  _register_lock                   
0     0000960e  _register_unlock                 
0     00009658  _system_post_cinit               
0     00009656  _system_pre_init                 
0     000083a0  _unlock                          
0     00008fd4  abort                            
0     00008396  bufferFull                       
0     00000000  code_start                       
0     00008fd6  exit                             
0     00008395  index                            
0     00009070  main                             
0     000091ef  memcpy                           
0     00008295  myADC0Results                    
0     00008ba6  myADC0_init                      


GLOBAL SYMBOLS: SORTED BY Symbol Address 

page  address   name                             
----  -------   ----                             
0     00000000  code_start                       
0     00000128  SysCtl_delay                     
0     00000134  __TI_Handler_Table_Base          
0     0000013a  __TI_Handler_Table_Limit         
0     0000013e  __TI_CINIT_Base                  
0     00000146  __TI_CINIT_Limit                 
0     00000146  __TI_CINIT_Warm                  
0     00000400  __stack                          
0     00000600  __TI_STACK_END                   
0     00008295  myADC0Results                    
0     00008395  index                            
0     00008396  bufferFull                       
0     00008397  C2000Ware_libraries_init         
0     00008398  __TI_enable_exit_profile_output  
0     0000839a  __TI_cleanup_ptr                 
0     0000839c  __TI_dtors_ptr                   
0     0000839e  _lock                            
0     000083a0  _unlock                          
0     000083a2  SysCtl_setClock                  
0     000084e3  SysCtl_isPLLValid                
0     000085cd  PinMux_init                      
0     000086a8  EPWM_init                        
0     00008779  GPIO_setAnalogMode               
0     00008825  __c28xabi_divf                   
0     00008995  Device_enableAllPeripherals      
0     00008a03  SysCtl_getClock                  
0     00008a68  INT_myADC0_1_ISR                 
0     00008ac0  GPIO_setPadConfig                
0     00008b12  ADC_setOffsetTrimAll             
0     00008b5e  Device_init                      
0     00008ba6  myADC0_init                      
0     00008bee  SysCtl_selectOscSource           
0     00008c7b  SysCtl_selectXTAL                
0     00008dc8  Interrupt_initModule             
0     00008e79  GPIO_setPinConfig                
0     00008eb0  GPIO_setQualificationMode        
0     00008ee7  Interrupt_enable                 
0     00008f7b  __TI_decompress_lzss             
0     00008fa9  __TI_auto_init_nobinit_nopinit   
0     00008fd4  C$$EXIT                          
0     00008fd4  abort                            
0     00008fd6  exit                             
0     00008ffd  ADC_setVREF                      
0     0000904b  SysCtl_selectXTALSingleEnded     
0     00009070  main                             
0     000091b4  Interrupt_initVectorTable        
0     000091ef  memcpy                           
0     00009295  SysCtl_getLowSpeedClock          
0     0000933e  _c_int00                         
0     000093ad  Interrupt_defaultHandler         
0     00009549  Device_initGPIO                  
0     00009559  Board_init                       
0     00009577  INTERRUPT_init                   
0     000095ab  __TI_zero_init_nomemset          
0     000095c4  _args_main                       
0     000095f0  Interrupt_illegalOperationHandler
0     000095fa  Interrupt_nmiHandler             
0     00009604  SYNC_init                        
0     0000960e  _register_unlock                 
0     00009612  _register_lock                   
0     00009616  _nop                             
0     00009617  __TI_decompress_none             
0     0000963c  __error__                        
0     00009643  ASYSCTL_init                     
0     00009653  ADC_init                         
0     00009656  _system_pre_init                 
0     00009658  _system_post_cinit               
abs   00000200  __TI_STACK_SIZE                  
abs   ffffffff  __TI_pprof_out_hndl              
abs   ffffffff  __TI_prof_data_size              
abs   ffffffff  __TI_prof_data_start             
n/a   UNDEFED   __c_args__                       

[72 symbols]
