<?xml version="1.0" encoding="ISO-8859-1" ?>
<link_info>
   <banner>TMS320C2000 Linker PC v22.6.2.LTS</banner>
   <copyright>Copyright (c) 1996-2018 Texas Instruments Incorporated</copyright>
   <link_time>0x68abfeb5</link_time>
   <link_errors>0x0</link_errors>
   <output_file>ADC_Test.out</output_file>
   <entry_point>
      <name>code_start</name>
      <address>0x0</address>
   </entry_point>
   <input_file_list>
      <input_file id="fl-2">
         <path>.\</path>
         <kind>object</kind>
         <file>ADC_Test_main.obj</file>
         <name>ADC_Test_main.obj</name>
      </input_file>
      <input_file id="fl-3">
         <path>.\syscfg\</path>
         <kind>object</kind>
         <file>board.obj</file>
         <name>board.obj</name>
      </input_file>
      <input_file id="fl-4">
         <path>.\syscfg\</path>
         <kind>object</kind>
         <file>c2000ware_libraries.obj</file>
         <name>c2000ware_libraries.obj</name>
      </input_file>
      <input_file id="fl-5">
         <path>.\device\</path>
         <kind>object</kind>
         <file>device.obj</file>
         <name>device.obj</name>
      </input_file>
      <input_file id="fl-6">
         <path>.\device\</path>
         <kind>object</kind>
         <file>f280013x_codestartbranch.obj</file>
         <name>f280013x_codestartbranch.obj</name>
      </input_file>
      <input_file id="fl-c">
         <kind>object</kind>
         <file>&lt;internal&gt;</file>
         <name>&lt;internal&gt;</name>
      </input_file>
      <input_file id="fl-d">
         <path>C:\ti\C2000Ware_6_00_00_00\driverlib\f280013x\driverlib\ccs\Debug\</path>
         <kind>archive</kind>
         <file>driverlib.lib</file>
         <name>adc.obj</name>
      </input_file>
      <input_file id="fl-e">
         <path>C:\ti\C2000Ware_6_00_00_00\driverlib\f280013x\driverlib\ccs\Debug\</path>
         <kind>archive</kind>
         <file>driverlib.lib</file>
         <name>gpio.obj</name>
      </input_file>
      <input_file id="fl-f">
         <path>C:\ti\C2000Ware_6_00_00_00\driverlib\f280013x\driverlib\ccs\Debug\</path>
         <kind>archive</kind>
         <file>driverlib.lib</file>
         <name>interrupt.obj</name>
      </input_file>
      <input_file id="fl-10">
         <path>C:\ti\C2000Ware_6_00_00_00\driverlib\f280013x\driverlib\ccs\Debug\</path>
         <kind>archive</kind>
         <file>driverlib.lib</file>
         <name>sysctl.obj</name>
      </input_file>
      <input_file id="fl-1c">
         <path>C:\ti\ccs2020\ccs\tools\compiler\ti-cgt-c2000_22.6.2.LTS\lib\</path>
         <kind>archive</kind>
         <file>rts2800_fpu32_eabi.lib</file>
         <name>boot28.asm.obj</name>
      </input_file>
      <input_file id="fl-1d">
         <path>C:\ti\ccs2020\ccs\tools\compiler\ti-cgt-c2000_22.6.2.LTS\lib\</path>
         <kind>archive</kind>
         <file>rts2800_fpu32_eabi.lib</file>
         <name>fs_div28.asm.obj</name>
      </input_file>
      <input_file id="fl-1e">
         <path>C:\ti\ccs2020\ccs\tools\compiler\ti-cgt-c2000_22.6.2.LTS\lib\</path>
         <kind>archive</kind>
         <file>rts2800_fpu32_eabi.lib</file>
         <name>pre_init.c.obj</name>
      </input_file>
      <input_file id="fl-1f">
         <path>C:\ti\ccs2020\ccs\tools\compiler\ti-cgt-c2000_22.6.2.LTS\lib\</path>
         <kind>archive</kind>
         <file>rts2800_fpu32_eabi.lib</file>
         <name>autoinit.c.obj</name>
      </input_file>
      <input_file id="fl-20">
         <path>C:\ti\ccs2020\ccs\tools\compiler\ti-cgt-c2000_22.6.2.LTS\lib\</path>
         <kind>archive</kind>
         <file>rts2800_fpu32_eabi.lib</file>
         <name>copy_zero_init.c.obj</name>
      </input_file>
      <input_file id="fl-21">
         <path>C:\ti\ccs2020\ccs\tools\compiler\ti-cgt-c2000_22.6.2.LTS\lib\</path>
         <kind>archive</kind>
         <file>rts2800_fpu32_eabi.lib</file>
         <name>copy_decompress_none.c.obj</name>
      </input_file>
      <input_file id="fl-22">
         <path>C:\ti\ccs2020\ccs\tools\compiler\ti-cgt-c2000_22.6.2.LTS\lib\</path>
         <kind>archive</kind>
         <file>rts2800_fpu32_eabi.lib</file>
         <name>copy_decompress_lzss.c.obj</name>
      </input_file>
      <input_file id="fl-23">
         <path>C:\ti\ccs2020\ccs\tools\compiler\ti-cgt-c2000_22.6.2.LTS\lib\</path>
         <kind>archive</kind>
         <file>rts2800_fpu32_eabi.lib</file>
         <name>exit.c.obj</name>
      </input_file>
      <input_file id="fl-24">
         <path>C:\ti\ccs2020\ccs\tools\compiler\ti-cgt-c2000_22.6.2.LTS\lib\</path>
         <kind>archive</kind>
         <file>rts2800_fpu32_eabi.lib</file>
         <name>_lock.c.obj</name>
      </input_file>
      <input_file id="fl-25">
         <path>C:\ti\ccs2020\ccs\tools\compiler\ti-cgt-c2000_22.6.2.LTS\lib\</path>
         <kind>archive</kind>
         <file>rts2800_fpu32_eabi.lib</file>
         <name>args_main.c.obj</name>
      </input_file>
      <input_file id="fl-26">
         <path>C:\ti\ccs2020\ccs\tools\compiler\ti-cgt-c2000_22.6.2.LTS\lib\</path>
         <kind>archive</kind>
         <file>rts2800_fpu32_eabi.lib</file>
         <name>memset.c.obj</name>
      </input_file>
      <input_file id="fl-27">
         <path>C:\ti\ccs2020\ccs\tools\compiler\ti-cgt-c2000_22.6.2.LTS\lib\</path>
         <kind>archive</kind>
         <file>rts2800_fpu32_eabi.lib</file>
         <name>cpy_tbl.c.obj</name>
      </input_file>
      <input_file id="fl-28">
         <path>C:\ti\ccs2020\ccs\tools\compiler\ti-cgt-c2000_22.6.2.LTS\lib\</path>
         <kind>archive</kind>
         <file>rts2800_fpu32_eabi.lib</file>
         <name>memcpy.c.obj</name>
      </input_file>
      <input_file id="fl-29">
         <path>C:\ti\ccs2020\ccs\tools\compiler\ti-cgt-c2000_22.6.2.LTS\lib\</path>
         <kind>archive</kind>
         <file>rts2800_fpu32_eabi.lib</file>
         <name>startup.c.obj</name>
      </input_file>
   </input_file_list>
   <object_component_list>
      <object_component id="oc-20">
         <name>codestart</name>
         <load_address>0x0</load_address>
         <run_address>0x0</run_address>
         <size>0x2</size>
         <input_file_ref idref="fl-6"/>
      </object_component>
      <object_component id="oc-217">
         <name>.TI.ramfunc</name>
         <load_address>0x128</load_address>
         <run_address>0x128</run_address>
         <size>0x4</size>
         <input_file_ref idref="fl-10"/>
      </object_component>
      <object_component id="oc-17c">
         <name>.text:C2000Ware_libraries_init</name>
         <load_address>0x8397</load_address>
         <run_address>0x8397</run_address>
         <size>0x1</size>
         <input_file_ref idref="fl-4"/>
      </object_component>
      <object_component id="oc-1a1">
         <name>.text:SysCtl_setClock</name>
         <load_address>0x83a2</load_address>
         <run_address>0x83a2</run_address>
         <size>0x141</size>
         <input_file_ref idref="fl-10"/>
      </object_component>
      <object_component id="oc-22a">
         <name>.text:SysCtl_isPLLValid</name>
         <load_address>0x84e3</load_address>
         <run_address>0x84e3</run_address>
         <size>0xea</size>
         <input_file_ref idref="fl-10"/>
      </object_component>
      <object_component id="oc-1db">
         <name>.text:PinMux_init</name>
         <load_address>0x85cd</load_address>
         <run_address>0x85cd</run_address>
         <size>0xdb</size>
         <input_file_ref idref="fl-3"/>
      </object_component>
      <object_component id="oc-1f3">
         <name>.text:EPWM_init</name>
         <load_address>0x86a8</load_address>
         <run_address>0x86a8</run_address>
         <size>0xd1</size>
         <input_file_ref idref="fl-3"/>
      </object_component>
      <object_component id="oc-1cc">
         <name>.text:GPIO_setAnalogMode</name>
         <load_address>0x8779</load_address>
         <run_address>0x8779</run_address>
         <size>0xac</size>
         <input_file_ref idref="fl-e"/>
      </object_component>
      <object_component id="oc-2f9">
         <name>.text</name>
         <load_address>0x8825</load_address>
         <run_address>0x8825</run_address>
         <size>0x88</size>
         <input_file_ref idref="fl-1d"/>
      </object_component>
      <object_component id="oc-2d6">
         <name>.text:EPWM_setADCTriggerSource</name>
         <load_address>0x88ad</load_address>
         <run_address>0x88ad</run_address>
         <size>0x75</size>
         <input_file_ref idref="fl-3"/>
      </object_component>
      <object_component id="oc-32e">
         <name>.text:DCC_setCounterSeeds</name>
         <load_address>0x8922</load_address>
         <run_address>0x8922</run_address>
         <size>0x73</size>
         <input_file_ref idref="fl-10"/>
      </object_component>
      <object_component id="oc-1c0">
         <name>.text:Device_enableAllPeripherals</name>
         <load_address>0x8995</load_address>
         <run_address>0x8995</run_address>
         <size>0x6e</size>
         <input_file_ref idref="fl-5"/>
      </object_component>
      <object_component id="oc-1ad">
         <name>.text:SysCtl_getClock</name>
         <load_address>0x8a03</load_address>
         <run_address>0x8a03</run_address>
         <size>0x65</size>
         <input_file_ref idref="fl-10"/>
      </object_component>
      <object_component id="oc-25">
         <name>.text:INT_myADC0_1_ISR</name>
         <load_address>0x8a68</load_address>
         <run_address>0x8a68</run_address>
         <size>0x58</size>
         <input_file_ref idref="fl-2"/>
      </object_component>
      <object_component id="oc-248">
         <name>.text:GPIO_setPadConfig</name>
         <load_address>0x8ac0</load_address>
         <run_address>0x8ac0</run_address>
         <size>0x52</size>
         <input_file_ref idref="fl-e"/>
      </object_component>
      <object_component id="oc-3df">
         <name>.text:ADC_setOffsetTrimAll</name>
         <load_address>0x8b12</load_address>
         <run_address>0x8b12</run_address>
         <size>0x4c</size>
         <input_file_ref idref="fl-d"/>
      </object_component>
      <object_component id="oc-164">
         <name>.text:Device_init</name>
         <load_address>0x8b5e</load_address>
         <run_address>0x8b5e</run_address>
         <size>0x48</size>
         <input_file_ref idref="fl-5"/>
      </object_component>
      <object_component id="oc-26f">
         <name>.text:myADC0_init</name>
         <load_address>0x8ba6</load_address>
         <run_address>0x8ba6</run_address>
         <size>0x48</size>
         <input_file_ref idref="fl-3"/>
      </object_component>
      <object_component id="oc-211">
         <name>.text:SysCtl_selectOscSource</name>
         <load_address>0x8bee</load_address>
         <run_address>0x8bee</run_address>
         <size>0x47</size>
         <input_file_ref idref="fl-10"/>
      </object_component>
      <object_component id="oc-37a">
         <name>.text:ADC_setupSOC</name>
         <load_address>0x8c35</load_address>
         <run_address>0x8c35</run_address>
         <size>0x46</size>
         <input_file_ref idref="fl-3"/>
      </object_component>
      <object_component id="oc-2e9">
         <name>.text:SysCtl_selectXTAL</name>
         <load_address>0x8c7b</load_address>
         <run_address>0x8c7b</run_address>
         <size>0x46</size>
         <input_file_ref idref="fl-10"/>
      </object_component>
      <object_component id="oc-3b7">
         <name>.text:SysCtl_pollX1Counter</name>
         <load_address>0x8cc1</load_address>
         <run_address>0x8cc1</run_address>
         <size>0x45</size>
         <input_file_ref idref="fl-10"/>
      </object_component>
      <object_component id="oc-349">
         <name>.text:GPIO_isPinValid</name>
         <load_address>0x8d06</load_address>
         <run_address>0x8d06</run_address>
         <size>0x44</size>
         <input_file_ref idref="fl-e"/>
      </object_component>
      <object_component id="oc-2b2">
         <name>.text:EPWM_setActionQualifierAction</name>
         <load_address>0x8d4a</load_address>
         <run_address>0x8d4a</run_address>
         <size>0x40</size>
         <input_file_ref idref="fl-3"/>
      </object_component>
      <object_component id="oc-2a0">
         <name>.text:EPWM_setCounterCompareShadowLoadMode</name>
         <load_address>0x8d8a</load_address>
         <run_address>0x8d8a</run_address>
         <size>0x3e</size>
         <input_file_ref idref="fl-3"/>
      </object_component>
      <object_component id="oc-170">
         <name>.text:Interrupt_initModule</name>
         <load_address>0x8dc8</load_address>
         <run_address>0x8dc8</run_address>
         <size>0x3d</size>
         <input_file_ref idref="fl-f"/>
      </object_component>
      <object_component id="oc-2dc">
         <name>.text:EPWM_setADCTriggerEventPrescale</name>
         <load_address>0x8e05</load_address>
         <run_address>0x8e05</run_address>
         <size>0x3a</size>
         <input_file_ref idref="fl-3"/>
      </object_component>
      <object_component id="oc-2ac">
         <name>.text:EPWM_setActionQualifierShadowLoadMode</name>
         <load_address>0x8e3f</load_address>
         <run_address>0x8e3f</run_address>
         <size>0x3a</size>
         <input_file_ref idref="fl-3"/>
      </object_component>
      <object_component id="oc-242">
         <name>.text:GPIO_setPinConfig</name>
         <load_address>0x8e79</load_address>
         <run_address>0x8e79</run_address>
         <size>0x37</size>
         <input_file_ref idref="fl-e"/>
      </object_component>
      <object_component id="oc-24e">
         <name>.text:GPIO_setQualificationMode</name>
         <load_address>0x8eb0</load_address>
         <run_address>0x8eb0</run_address>
         <size>0x37</size>
         <input_file_ref idref="fl-e"/>
      </object_component>
      <object_component id="oc-92">
         <name>.text:Interrupt_enable</name>
         <load_address>0x8ee7</load_address>
         <run_address>0x8ee7</run_address>
         <size>0x37</size>
         <input_file_ref idref="fl-f"/>
      </object_component>
      <object_component id="oc-386">
         <name>.text:ADC_setInterruptSource</name>
         <load_address>0x8f1e</load_address>
         <run_address>0x8f1e</run_address>
         <size>0x2f</size>
         <input_file_ref idref="fl-3"/>
      </object_component>
      <object_component id="oc-380">
         <name>.text:ADC_setInterruptSOCTrigger</name>
         <load_address>0x8f4d</load_address>
         <run_address>0x8f4d</run_address>
         <size>0x2e</size>
         <input_file_ref idref="fl-3"/>
      </object_component>
      <object_component id="oc-13">
         <name>.text:decompress:lzss</name>
         <load_address>0x8f7b</load_address>
         <run_address>0x8f7b</run_address>
         <size>0x2e</size>
         <input_file_ref idref="fl-22"/>
      </object_component>
      <object_component id="oc-109">
         <name>.text:__TI_auto_init_nobinit_nopinit</name>
         <load_address>0x8fa9</load_address>
         <run_address>0x8fa9</run_address>
         <size>0x2b</size>
         <input_file_ref idref="fl-1f"/>
      </object_component>
      <object_component id="oc-f8">
         <name>.text</name>
         <load_address>0x8fd4</load_address>
         <run_address>0x8fd4</run_address>
         <size>0x29</size>
         <input_file_ref idref="fl-23"/>
      </object_component>
      <object_component id="oc-356">
         <name>.text:ADC_setVREF</name>
         <load_address>0x8ffd</load_address>
         <run_address>0x8ffd</run_address>
         <size>0x27</size>
         <input_file_ref idref="fl-d"/>
      </object_component>
      <object_component id="oc-39f">
         <name>.text:EPWM_isBaseValid</name>
         <load_address>0x9024</load_address>
         <run_address>0x9024</run_address>
         <size>0x27</size>
         <input_file_ref idref="fl-3"/>
      </object_component>
      <object_component id="oc-2ef">
         <name>.text:SysCtl_selectXTALSingleEnded</name>
         <load_address>0x904b</load_address>
         <run_address>0x904b</run_address>
         <size>0x25</size>
         <input_file_ref idref="fl-10"/>
      </object_component>
      <object_component id="oc-139">
         <name>.text:main</name>
         <load_address>0x9070</load_address>
         <run_address>0x9070</run_address>
         <size>0x25</size>
         <input_file_ref idref="fl-2"/>
      </object_component>
      <object_component id="oc-334">
         <name>.text:DCC_enableSingleShotMode</name>
         <load_address>0x9095</load_address>
         <run_address>0x9095</run_address>
         <size>0x24</size>
         <input_file_ref idref="fl-10"/>
      </object_component>
      <object_component id="oc-29a">
         <name>.text:EPWM_setCounterCompareValue</name>
         <load_address>0x90b9</load_address>
         <run_address>0x90b9</run_address>
         <size>0x22</size>
         <input_file_ref idref="fl-3"/>
      </object_component>
      <object_component id="oc-392">
         <name>.text:ADC_disableContinuousMode</name>
         <load_address>0x90db</load_address>
         <run_address>0x90db</run_address>
         <size>0x21</size>
         <input_file_ref idref="fl-3"/>
      </object_component>
      <object_component id="oc-398">
         <name>.text:ADC_enableInterrupt</name>
         <load_address>0x90fc</load_address>
         <run_address>0x90fc</run_address>
         <size>0x20</size>
         <input_file_ref idref="fl-3"/>
      </object_component>
      <object_component id="oc-2c4">
         <name>.text:EPWM_setFallingEdgeDelayCountShadowLoadMode</name>
         <load_address>0x911c</load_address>
         <run_address>0x911c</run_address>
         <size>0x1f</size>
         <input_file_ref idref="fl-3"/>
      </object_component>
      <object_component id="oc-2b8">
         <name>.text:EPWM_setRisingEdgeDelayCountShadowLoadMode</name>
         <load_address>0x913b</load_address>
         <run_address>0x913b</run_address>
         <size>0x1f</size>
         <input_file_ref idref="fl-3"/>
      </object_component>
      <object_component id="oc-322">
         <name>.text:DCC_setCounter0ClkSource</name>
         <load_address>0x915a</load_address>
         <run_address>0x915a</run_address>
         <size>0x1e</size>
         <input_file_ref idref="fl-10"/>
      </object_component>
      <object_component id="oc-328">
         <name>.text:DCC_setCounter1ClkSource</name>
         <load_address>0x9178</load_address>
         <run_address>0x9178</run_address>
         <size>0x1e</size>
         <input_file_ref idref="fl-10"/>
      </object_component>
      <object_component id="oc-294">
         <name>.text:EPWM_setPhaseShift</name>
         <load_address>0x9196</load_address>
         <run_address>0x9196</run_address>
         <size>0x1e</size>
         <input_file_ref idref="fl-3"/>
      </object_component>
      <object_component id="oc-32">
         <name>.text:Interrupt_initVectorTable</name>
         <load_address>0x91b4</load_address>
         <run_address>0x91b4</run_address>
         <size>0x1e</size>
         <input_file_ref idref="fl-f"/>
      </object_component>
      <object_component id="oc-75">
         <name>.text:ADC_getInterruptOverflowStatus</name>
         <load_address>0x91d2</load_address>
         <run_address>0x91d2</run_address>
         <size>0x1d</size>
         <input_file_ref idref="fl-2"/>
      </object_component>
      <object_component id="oc-4c">
         <name>.text</name>
         <load_address>0x91ef</load_address>
         <run_address>0x91ef</run_address>
         <size>0x1d</size>
         <input_file_ref idref="fl-28"/>
      </object_component>
      <object_component id="oc-374">
         <name>.text:ADC_setSOCPriority</name>
         <load_address>0x920c</load_address>
         <run_address>0x920c</run_address>
         <size>0x1c</size>
         <input_file_ref idref="fl-3"/>
      </object_component>
      <object_component id="oc-2d0">
         <name>.text:EPWM_enableADCTrigger</name>
         <load_address>0x9228</load_address>
         <run_address>0x9228</run_address>
         <size>0x1c</size>
         <input_file_ref idref="fl-3"/>
      </object_component>
      <object_component id="oc-276">
         <name>.text:EPWM_setClockPrescaler</name>
         <load_address>0x9244</load_address>
         <run_address>0x9244</run_address>
         <size>0x1c</size>
         <input_file_ref idref="fl-3"/>
      </object_component>
      <object_component id="oc-218">
         <name>.text:SysCtl_setIntOSC2_Mode</name>
         <load_address>0x9260</load_address>
         <run_address>0x9260</run_address>
         <size>0x1b</size>
         <input_file_ref idref="fl-10"/>
      </object_component>
      <object_component id="oc-2a6">
         <name>.text:EPWM_disableActionQualifierShadowLoadMode</name>
         <load_address>0x927b</load_address>
         <run_address>0x927b</run_address>
         <size>0x1a</size>
         <input_file_ref idref="fl-3"/>
      </object_component>
      <object_component id="oc-1b4">
         <name>.text:SysCtl_getLowSpeedClock</name>
         <load_address>0x9295</load_address>
         <run_address>0x9295</run_address>
         <size>0x1a</size>
         <input_file_ref idref="fl-10"/>
      </object_component>
      <object_component id="oc-224">
         <name>.text:SysCtl_setPLLSysClk</name>
         <load_address>0x92af</load_address>
         <run_address>0x92af</run_address>
         <size>0x19</size>
         <input_file_ref idref="fl-10"/>
      </object_component>
      <object_component id="oc-268">
         <name>.text:ASysCtl_setAnalogReferenceExternal</name>
         <load_address>0x92c8</load_address>
         <run_address>0x92c8</run_address>
         <size>0x18</size>
         <input_file_ref idref="fl-3"/>
      </object_component>
      <object_component id="oc-2ca">
         <name>.text:EPWM_disableFallingEdgeDelayCountShadowLoadMode</name>
         <load_address>0x92e0</load_address>
         <run_address>0x92e0</run_address>
         <size>0x18</size>
         <input_file_ref idref="fl-3"/>
      </object_component>
      <object_component id="oc-2be">
         <name>.text:EPWM_disableRisingEdgeDelayCountShadowLoadMode</name>
         <load_address>0x92f8</load_address>
         <run_address>0x92f8</run_address>
         <size>0x18</size>
         <input_file_ref idref="fl-3"/>
      </object_component>
      <object_component id="oc-236">
         <name>.text:SysCtl_enablePeripheral</name>
         <load_address>0x9310</load_address>
         <run_address>0x9310</run_address>
         <size>0x17</size>
         <input_file_ref idref="fl-5"/>
      </object_component>
      <object_component id="oc-2fe">
         <name>.text:SysCtl_enablePeripheral</name>
         <load_address>0x9327</load_address>
         <run_address>0x9327</run_address>
         <size>0x17</size>
         <input_file_ref idref="fl-10"/>
      </object_component>
      <object_component id="oc-b0">
         <name>.text</name>
         <load_address>0x933e</load_address>
         <run_address>0x933e</run_address>
         <size>0x17</size>
         <input_file_ref idref="fl-1c"/>
      </object_component>
      <object_component id="oc-66">
         <name>.text:ADC_readResult</name>
         <load_address>0x9355</load_address>
         <run_address>0x9355</run_address>
         <size>0x16</size>
         <input_file_ref idref="fl-2"/>
      </object_component>
      <object_component id="oc-362">
         <name>.text:ADC_setInterruptPulseMode</name>
         <load_address>0x936b</load_address>
         <run_address>0x936b</run_address>
         <size>0x16</size>
         <input_file_ref idref="fl-3"/>
      </object_component>
      <object_component id="oc-35c">
         <name>.text:ADC_setPrescaler</name>
         <load_address>0x9381</load_address>
         <run_address>0x9381</run_address>
         <size>0x16</size>
         <input_file_ref idref="fl-3"/>
      </object_component>
      <object_component id="oc-31c">
         <name>.text:DCC_disableDoneSignal</name>
         <load_address>0x9397</load_address>
         <run_address>0x9397</run_address>
         <size>0x16</size>
         <input_file_ref idref="fl-10"/>
      </object_component>
      <object_component id="oc-31">
         <name>.text:Interrupt_defaultHandler</name>
         <load_address>0x93ad</load_address>
         <run_address>0x93ad</run_address>
         <size>0x16</size>
         <input_file_ref idref="fl-f"/>
      </object_component>
      <object_component id="oc-36e">
         <name>.text:ADC_disableBurstMode</name>
         <load_address>0x93c3</load_address>
         <run_address>0x93c3</run_address>
         <size>0x15</size>
         <input_file_ref idref="fl-3"/>
      </object_component>
      <object_component id="oc-30a">
         <name>.text:DCC_clearDoneFlag</name>
         <load_address>0x93d8</load_address>
         <run_address>0x93d8</run_address>
         <size>0x15</size>
         <input_file_ref idref="fl-10"/>
      </object_component>
      <object_component id="oc-304">
         <name>.text:DCC_clearErrorFlag</name>
         <load_address>0x93ed</load_address>
         <run_address>0x93ed</run_address>
         <size>0x15</size>
         <input_file_ref idref="fl-10"/>
      </object_component>
      <object_component id="oc-316">
         <name>.text:DCC_disableErrorSignal</name>
         <load_address>0x9402</load_address>
         <run_address>0x9402</run_address>
         <size>0x15</size>
         <input_file_ref idref="fl-10"/>
      </object_component>
      <object_component id="oc-1d3">
         <name>.text:GPIO_unlockPortConfig</name>
         <load_address>0x9417</load_address>
         <run_address>0x9417</run_address>
         <size>0x15</size>
         <input_file_ref idref="fl-5"/>
      </object_component>
      <object_component id="oc-7b">
         <name>.text:ADC_clearInterruptOverflowStatus</name>
         <load_address>0x942c</load_address>
         <run_address>0x942c</run_address>
         <size>0x14</size>
         <input_file_ref idref="fl-2"/>
      </object_component>
      <object_component id="oc-6f">
         <name>.text:ADC_clearInterruptStatus</name>
         <load_address>0x9440</load_address>
         <run_address>0x9440</run_address>
         <size>0x14</size>
         <input_file_ref idref="fl-2"/>
      </object_component>
      <object_component id="oc-38c">
         <name>.text:ADC_clearInterruptStatus</name>
         <load_address>0x9454</load_address>
         <run_address>0x9454</run_address>
         <size>0x14</size>
         <input_file_ref idref="fl-3"/>
      </object_component>
      <object_component id="oc-310">
         <name>.text:DCC_disableModule</name>
         <load_address>0x9468</load_address>
         <run_address>0x9468</run_address>
         <size>0x14</size>
         <input_file_ref idref="fl-10"/>
      </object_component>
      <object_component id="oc-33a">
         <name>.text:DCC_enableModule</name>
         <load_address>0x947c</load_address>
         <run_address>0x947c</run_address>
         <size>0x14</size>
         <input_file_ref idref="fl-10"/>
      </object_component>
      <object_component id="oc-288">
         <name>.text:EPWM_setTimeBaseCounterMode</name>
         <load_address>0x9490</load_address>
         <run_address>0x9490</run_address>
         <size>0x14</size>
         <input_file_ref idref="fl-3"/>
      </object_component>
      <object_component id="oc-27c">
         <name>.text:EPWM_setTimeBasePeriod</name>
         <load_address>0x94a4</load_address>
         <run_address>0x94a4</run_address>
         <size>0x14</size>
         <input_file_ref idref="fl-3"/>
      </object_component>
      <object_component id="oc-368">
         <name>.text:ADC_enableConverter</name>
         <load_address>0x94b8</load_address>
         <run_address>0x94b8</run_address>
         <size>0x13</size>
         <input_file_ref idref="fl-3"/>
      </object_component>
      <object_component id="oc-c0">
         <name>.text:ADC_isBaseValid</name>
         <load_address>0x94cb</load_address>
         <run_address>0x94cb</run_address>
         <size>0x13</size>
         <input_file_ref idref="fl-2"/>
      </object_component>
      <object_component id="oc-3e7">
         <name>.text:ADC_isBaseValid</name>
         <load_address>0x94de</load_address>
         <run_address>0x94de</run_address>
         <size>0x13</size>
         <input_file_ref idref="fl-3"/>
      </object_component>
      <object_component id="oc-3d8">
         <name>.text:ADC_isBaseValid</name>
         <load_address>0x94f1</load_address>
         <run_address>0x94f1</run_address>
         <size>0x13</size>
         <input_file_ref idref="fl-d"/>
      </object_component>
      <object_component id="oc-282">
         <name>.text:EPWM_setTimeBaseCounter</name>
         <load_address>0x9504</load_address>
         <run_address>0x9504</run_address>
         <size>0x12</size>
         <input_file_ref idref="fl-3"/>
      </object_component>
      <object_component id="oc-255">
         <name>.text:SysCtl_setSyncOutputConfig</name>
         <load_address>0x9516</load_address>
         <run_address>0x9516</run_address>
         <size>0x12</size>
         <input_file_ref idref="fl-3"/>
      </object_component>
      <object_component id="oc-28e">
         <name>.text:EPWM_disablePhaseShiftLoad</name>
         <load_address>0x9528</load_address>
         <run_address>0x9528</run_address>
         <size>0x11</size>
         <input_file_ref idref="fl-3"/>
      </object_component>
      <object_component id="oc-3c7">
         <name>.text:DCC_isBaseValid</name>
         <load_address>0x9539</load_address>
         <run_address>0x9539</run_address>
         <size>0x10</size>
         <input_file_ref idref="fl-10"/>
      </object_component>
      <object_component id="oc-16a">
         <name>.text:Device_initGPIO</name>
         <load_address>0x9549</load_address>
         <run_address>0x9549</run_address>
         <size>0x10</size>
         <input_file_ref idref="fl-5"/>
      </object_component>
      <object_component id="oc-176">
         <name>.text:Board_init</name>
         <load_address>0x9559</load_address>
         <run_address>0x9559</run_address>
         <size>0xf</size>
         <input_file_ref idref="fl-3"/>
      </object_component>
      <object_component id="oc-8c">
         <name>.text:Interrupt_register</name>
         <load_address>0x9568</load_address>
         <run_address>0x9568</run_address>
         <size>0xf</size>
         <input_file_ref idref="fl-3"/>
      </object_component>
      <object_component id="oc-2b">
         <name>.text:INTERRUPT_init</name>
         <load_address>0x9577</load_address>
         <run_address>0x9577</run_address>
         <size>0xd</size>
         <input_file_ref idref="fl-3"/>
      </object_component>
      <object_component id="oc-d0">
         <name>.text:Interrupt_disableGlobal</name>
         <load_address>0x9584</load_address>
         <run_address>0x9584</run_address>
         <size>0xd</size>
         <input_file_ref idref="fl-f"/>
      </object_component>
      <object_component id="oc-d6">
         <name>.text:Interrupt_enableGlobal</name>
         <load_address>0x9591</load_address>
         <run_address>0x9591</run_address>
         <size>0xd</size>
         <input_file_ref idref="fl-f"/>
      </object_component>
      <object_component id="oc-1a7">
         <name>.text:SysCtl_setLowSpeedClock</name>
         <load_address>0x959e</load_address>
         <run_address>0x959e</run_address>
         <size>0xd</size>
         <input_file_ref idref="fl-5"/>
      </object_component>
      <object_component id="oc-54">
         <name>.text:decompress:ZI:__TI_zero_init_nomemset</name>
         <load_address>0x95ab</load_address>
         <run_address>0x95ab</run_address>
         <size>0xd</size>
         <input_file_ref idref="fl-20"/>
      </object_component>
      <object_component id="oc-25b">
         <name>.text:SysCtl_enableExtADCSOCSource</name>
         <load_address>0x95b8</load_address>
         <run_address>0x95b8</run_address>
         <size>0xc</size>
         <input_file_ref idref="fl-3"/>
      </object_component>
      <object_component id="oc-f2">
         <name>.text</name>
         <load_address>0x95c4</load_address>
         <run_address>0x95c4</run_address>
         <size>0xc</size>
         <input_file_ref idref="fl-25"/>
      </object_component>
      <object_component id="oc-19b">
         <name>.text:SysCtl_disableWatchdog</name>
         <load_address>0x95d0</load_address>
         <run_address>0x95d0</run_address>
         <size>0xb</size>
         <input_file_ref idref="fl-5"/>
      </object_component>
      <object_component id="oc-20b">
         <name>.text:SysCtl_isMCDClockFailureDetected</name>
         <load_address>0x95db</load_address>
         <run_address>0x95db</run_address>
         <size>0xb</size>
         <input_file_ref idref="fl-10"/>
      </object_component>
      <object_component id="oc-21e">
         <name>.text:ASysCtl_getExtROscStatus</name>
         <load_address>0x95e6</load_address>
         <run_address>0x95e6</run_address>
         <size>0xa</size>
         <input_file_ref idref="fl-10"/>
      </object_component>
      <object_component id="oc-3d">
         <name>.text:Interrupt_illegalOperationHandler</name>
         <load_address>0x95f0</load_address>
         <run_address>0x95f0</run_address>
         <size>0xa</size>
         <input_file_ref idref="fl-f"/>
      </object_component>
      <object_component id="oc-43">
         <name>.text:Interrupt_nmiHandler</name>
         <load_address>0x95fa</load_address>
         <run_address>0x95fa</run_address>
         <size>0xa</size>
         <input_file_ref idref="fl-f"/>
      </object_component>
      <object_component id="oc-1e1">
         <name>.text:SYNC_init</name>
         <load_address>0x9604</load_address>
         <run_address>0x9604</run_address>
         <size>0xa</size>
         <input_file_ref idref="fl-3"/>
      </object_component>
      <object_component id="oc-188">
         <name>.text</name>
         <load_address>0x960e</load_address>
         <run_address>0x960e</run_address>
         <size>0x9</size>
         <input_file_ref idref="fl-24"/>
      </object_component>
      <object_component id="oc-19">
         <name>.text:decompress:none</name>
         <load_address>0x9617</load_address>
         <run_address>0x9617</run_address>
         <size>0x8</size>
         <input_file_ref idref="fl-21"/>
      </object_component>
      <object_component id="oc-60">
         <name>.text</name>
         <load_address>0x961f</load_address>
         <run_address>0x961f</run_address>
         <size>0x8</size>
         <input_file_ref idref="fl-6"/>
      </object_component>
      <object_component id="oc-262">
         <name>.text:ASysCtl_disableTemperatureSensor</name>
         <load_address>0x9627</load_address>
         <run_address>0x9627</run_address>
         <size>0x7</size>
         <input_file_ref idref="fl-3"/>
      </object_component>
      <object_component id="oc-1c6">
         <name>.text:ASysCtl_lockVREG</name>
         <load_address>0x962e</load_address>
         <run_address>0x962e</run_address>
         <size>0x7</size>
         <input_file_ref idref="fl-5"/>
      </object_component>
      <object_component id="oc-3bd">
         <name>.text:SysCtl_resetMCD</name>
         <load_address>0x9635</load_address>
         <run_address>0x9635</run_address>
         <size>0x7</size>
         <input_file_ref idref="fl-10"/>
      </object_component>
      <object_component id="oc-b7">
         <name>.text:__error__</name>
         <load_address>0x963c</load_address>
         <run_address>0x963c</run_address>
         <size>0x7</size>
         <input_file_ref idref="fl-5"/>
      </object_component>
      <object_component id="oc-1e7">
         <name>.text:ASYSCTL_init</name>
         <load_address>0x9643</load_address>
         <run_address>0x9643</run_address>
         <size>0x6</size>
         <input_file_ref idref="fl-3"/>
      </object_component>
      <object_component id="oc-81">
         <name>.text:Interrupt_clearACKGroup</name>
         <load_address>0x9649</load_address>
         <run_address>0x9649</run_address>
         <size>0x6</size>
         <input_file_ref idref="fl-2"/>
      </object_component>
      <object_component id="oc-1ba">
         <name>.text:SysCtl_deviceCal</name>
         <load_address>0x964f</load_address>
         <run_address>0x964f</run_address>
         <size>0x4</size>
         <input_file_ref idref="fl-5"/>
      </object_component>
      <object_component id="oc-1ed">
         <name>.text:ADC_init</name>
         <load_address>0x9653</load_address>
         <run_address>0x9653</run_address>
         <size>0x3</size>
         <input_file_ref idref="fl-3"/>
      </object_component>
      <object_component id="oc-eb">
         <name>.text</name>
         <load_address>0x9656</load_address>
         <run_address>0x9656</run_address>
         <size>0x2</size>
         <input_file_ref idref="fl-1e"/>
      </object_component>
      <object_component id="oc-14f">
         <name>.text</name>
         <load_address>0x9658</load_address>
         <run_address>0x9658</run_address>
         <size>0x1</size>
         <input_file_ref idref="fl-29"/>
      </object_component>
      <object_component id="oc-42b">
         <name>.cinit..data.load</name>
         <load_address>0x12c</load_address>
         <run_address>0x12c</run_address>
         <size>0x8</size>
      </object_component>
      <object_component id="oc-428">
         <name>__TI_handler_table</name>
         <load_address>0x134</load_address>
         <run_address>0x134</run_address>
         <size>0x6</size>
      </object_component>
      <object_component id="oc-42a">
         <name>.cinit..bss.load</name>
         <load_address>0x13a</load_address>
         <run_address>0x13a</run_address>
         <size>0x4</size>
      </object_component>
      <object_component id="oc-429">
         <name>__TI_cinit_table</name>
         <load_address>0x13e</load_address>
         <run_address>0x13e</run_address>
         <size>0x8</size>
      </object_component>
      <object_component id="oc-49">
         <name>.stack</name>
         <uninitialized>true</uninitialized>
         <run_address>0x400</run_address>
         <size>0x0</size>
         <input_file_ref idref="fl-1c"/>
      </object_component>
      <object_component id="oc-42c">
         <name>.stack</name>
         <uninitialized>true</uninitialized>
         <run_address>0x400</run_address>
         <size>0x0</size>
      </object_component>
      <object_component id="oc-87">
         <name>.bss</name>
         <uninitialized>true</uninitialized>
         <run_address>0x8395</run_address>
         <size>0x2</size>
         <input_file_ref idref="fl-2"/>
      </object_component>
      <object_component id="oc-6c">
         <name>.bss:myADC0Results</name>
         <uninitialized>true</uninitialized>
         <run_address>0x8295</run_address>
         <size>0x100</size>
         <input_file_ref idref="fl-2"/>
      </object_component>
      <object_component id="oc-354">
         <name>.const:.string</name>
         <load_address>0x8000</load_address>
         <run_address>0x8000</run_address>
         <size>0xbf</size>
         <input_file_ref idref="fl-3"/>
      </object_component>
      <object_component id="oc-23e">
         <name>.const:.string</name>
         <load_address>0x80c0</load_address>
         <run_address>0x80c0</run_address>
         <size>0x9b</size>
         <input_file_ref idref="fl-e"/>
      </object_component>
      <object_component id="oc-20a">
         <name>.const:.string</name>
         <load_address>0x815c</load_address>
         <run_address>0x815c</run_address>
         <size>0x9b</size>
         <input_file_ref idref="fl-10"/>
      </object_component>
      <object_component id="oc-3de">
         <name>.const:.string</name>
         <load_address>0x81f8</load_address>
         <run_address>0x81f8</run_address>
         <size>0x4c</size>
         <input_file_ref idref="fl-d"/>
      </object_component>
      <object_component id="oc-b6">
         <name>.const:.string</name>
         <load_address>0x8244</load_address>
         <run_address>0x8244</run_address>
         <size>0x3e</size>
         <input_file_ref idref="fl-2"/>
      </object_component>
      <object_component id="oc-1b3">
         <name>.const:.string</name>
         <load_address>0x8282</load_address>
         <run_address>0x8282</run_address>
         <size>0x13</size>
         <input_file_ref idref="fl-5"/>
      </object_component>
      <object_component id="oc-141">
         <name>.data</name>
         <load_address>0x8398</load_address>
         <run_address>0x8398</run_address>
         <size>0x6</size>
         <input_file_ref idref="fl-23"/>
      </object_component>
      <object_component id="oc-144">
         <name>.data:_lock</name>
         <load_address>0x839e</load_address>
         <run_address>0x839e</run_address>
         <size>0x2</size>
         <input_file_ref idref="fl-24"/>
      </object_component>
      <object_component id="oc-1fc">
         <name>.data:_unlock</name>
         <load_address>0x83a0</load_address>
         <run_address>0x83a0</run_address>
         <size>0x2</size>
         <input_file_ref idref="fl-24"/>
      </object_component>
      <object_component id="oc-8b">
         <name>.debug_types</name>
         <load_address>0x0</load_address>
         <run_address>0x0</run_address>
         <size>0x6f9</size>
         <input_file_ref idref="fl-2"/>
      </object_component>
      <object_component id="oc-99">
         <name>.debug_types</name>
         <load_address>0x6f9</load_address>
         <run_address>0x6f9</run_address>
         <size>0x1e89</size>
         <input_file_ref idref="fl-3"/>
      </object_component>
      <object_component id="oc-1fb">
         <name>.debug_types</name>
         <load_address>0x0</load_address>
         <run_address>0x0</run_address>
         <size>0x0</size>
         <input_file_ref idref="fl-4"/>
      </object_component>
      <object_component id="oc-100">
         <name>.debug_types</name>
         <load_address>0x2582</load_address>
         <run_address>0x2582</run_address>
         <size>0x666</size>
         <input_file_ref idref="fl-5"/>
      </object_component>
      <object_component id="oc-3e6">
         <name>.debug_types</name>
         <load_address>0x2be8</load_address>
         <run_address>0x2be8</run_address>
         <size>0x17f</size>
         <input_file_ref idref="fl-d"/>
      </object_component>
      <object_component id="oc-240">
         <name>.debug_types</name>
         <load_address>0x2d67</load_address>
         <run_address>0x2d67</run_address>
         <size>0x2e1</size>
         <input_file_ref idref="fl-e"/>
      </object_component>
      <object_component id="oc-9b">
         <name>.debug_types</name>
         <load_address>0x0</load_address>
         <run_address>0x0</run_address>
         <size>0x0</size>
         <input_file_ref idref="fl-f"/>
      </object_component>
      <object_component id="oc-231">
         <name>.debug_types</name>
         <load_address>0x3048</load_address>
         <run_address>0x3048</run_address>
         <size>0xb10</size>
         <input_file_ref idref="fl-10"/>
      </object_component>
      <object_component id="oc-108">
         <name>.debug_types</name>
         <load_address>0x0</load_address>
         <run_address>0x0</run_address>
         <size>0x0</size>
         <input_file_ref idref="fl-1e"/>
      </object_component>
      <object_component id="oc-156">
         <name>.debug_types</name>
         <load_address>0x3b58</load_address>
         <run_address>0x3b58</run_address>
         <size>0x46c</size>
         <input_file_ref idref="fl-1f"/>
      </object_component>
      <object_component id="oc-a8">
         <name>.debug_types</name>
         <load_address>0x3fc4</load_address>
         <run_address>0x3fc4</run_address>
         <size>0x1f3</size>
         <input_file_ref idref="fl-20"/>
      </object_component>
      <object_component id="oc-53">
         <name>.debug_types</name>
         <load_address>0x0</load_address>
         <run_address>0x0</run_address>
         <size>0x0</size>
         <input_file_ref idref="fl-21"/>
      </object_component>
      <object_component id="oc-4b">
         <name>.debug_types</name>
         <load_address>0x41b7</load_address>
         <run_address>0x41b7</run_address>
         <size>0x191</size>
         <input_file_ref idref="fl-22"/>
      </object_component>
      <object_component id="oc-148">
         <name>.debug_types</name>
         <load_address>0x4348</load_address>
         <run_address>0x4348</run_address>
         <size>0xbf</size>
         <input_file_ref idref="fl-23"/>
      </object_component>
      <object_component id="oc-190">
         <name>.debug_types</name>
         <load_address>0x4407</load_address>
         <run_address>0x4407</run_address>
         <size>0x2f</size>
         <input_file_ref idref="fl-24"/>
      </object_component>
      <object_component id="oc-140">
         <name>.debug_types</name>
         <load_address>0x4436</load_address>
         <run_address>0x4436</run_address>
         <size>0xe1</size>
         <input_file_ref idref="fl-25"/>
      </object_component>
      <object_component id="oc-a3">
         <name>.debug_types</name>
         <load_address>0x4517</load_address>
         <run_address>0x4517</run_address>
         <size>0xb8</size>
         <input_file_ref idref="fl-28"/>
      </object_component>
      <object_component id="oc-195">
         <name>.debug_types</name>
         <load_address>0x0</load_address>
         <run_address>0x0</run_address>
         <size>0x0</size>
         <input_file_ref idref="fl-29"/>
      </object_component>
      <object_component id="oc-88">
         <name>.debug_info</name>
         <load_address>0x0</load_address>
         <run_address>0x0</run_address>
         <size>0x121</size>
         <input_file_ref idref="fl-2"/>
      </object_component>
      <object_component id="oc-6d">
         <name>.debug_info</name>
         <load_address>0x121</load_address>
         <run_address>0x121</run_address>
         <size>0x109</size>
         <input_file_ref idref="fl-2"/>
      </object_component>
      <object_component id="oc-c3">
         <name>.debug_info</name>
         <load_address>0x22a</load_address>
         <run_address>0x22a</run_address>
         <size>0x185</size>
         <input_file_ref idref="fl-2"/>
      </object_component>
      <object_component id="oc-72">
         <name>.debug_info</name>
         <load_address>0x3af</load_address>
         <run_address>0x3af</run_address>
         <size>0x1de</size>
         <input_file_ref idref="fl-2"/>
      </object_component>
      <object_component id="oc-79">
         <name>.debug_info</name>
         <load_address>0x58d</load_address>
         <run_address>0x58d</run_address>
         <size>0x1f2</size>
         <input_file_ref idref="fl-2"/>
      </object_component>
      <object_component id="oc-7f">
         <name>.debug_info</name>
         <load_address>0x77f</load_address>
         <run_address>0x77f</run_address>
         <size>0x1ee</size>
         <input_file_ref idref="fl-2"/>
      </object_component>
      <object_component id="oc-68">
         <name>.debug_info</name>
         <load_address>0x96d</load_address>
         <run_address>0x96d</run_address>
         <size>0x1c9</size>
         <input_file_ref idref="fl-2"/>
      </object_component>
      <object_component id="oc-83">
         <name>.debug_info</name>
         <load_address>0xb36</load_address>
         <run_address>0xb36</run_address>
         <size>0x195</size>
         <input_file_ref idref="fl-2"/>
      </object_component>
      <object_component id="oc-13d">
         <name>.debug_info</name>
         <load_address>0xccb</load_address>
         <run_address>0xccb</run_address>
         <size>0x1a1</size>
         <input_file_ref idref="fl-2"/>
      </object_component>
      <object_component id="oc-27">
         <name>.debug_info</name>
         <load_address>0xe6c</load_address>
         <run_address>0xe6c</run_address>
         <size>0x1e8</size>
         <input_file_ref idref="fl-2"/>
      </object_component>
      <object_component id="oc-3e9">
         <name>.debug_info</name>
         <load_address>0x1054</load_address>
         <run_address>0x1054</run_address>
         <size>0x181</size>
         <input_file_ref idref="fl-3"/>
      </object_component>
      <object_component id="oc-35d">
         <name>.debug_info</name>
         <load_address>0x11d5</load_address>
         <run_address>0x11d5</run_address>
         <size>0x1ce</size>
         <input_file_ref idref="fl-3"/>
      </object_component>
      <object_component id="oc-37b">
         <name>.debug_info</name>
         <load_address>0x13a3</load_address>
         <run_address>0x13a3</run_address>
         <size>0x24d</size>
         <input_file_ref idref="fl-3"/>
      </object_component>
      <object_component id="oc-381">
         <name>.debug_info</name>
         <load_address>0x15f0</load_address>
         <run_address>0x15f0</run_address>
         <size>0x21a</size>
         <input_file_ref idref="fl-3"/>
      </object_component>
      <object_component id="oc-363">
         <name>.debug_info</name>
         <load_address>0x180a</load_address>
         <run_address>0x180a</run_address>
         <size>0x1dc</size>
         <input_file_ref idref="fl-3"/>
      </object_component>
      <object_component id="oc-369">
         <name>.debug_info</name>
         <load_address>0x19e6</load_address>
         <run_address>0x19e6</run_address>
         <size>0x1a5</size>
         <input_file_ref idref="fl-3"/>
      </object_component>
      <object_component id="oc-38d">
         <name>.debug_info</name>
         <load_address>0x1b8b</load_address>
         <run_address>0x1b8b</run_address>
         <size>0x1da</size>
         <input_file_ref idref="fl-3"/>
      </object_component>
      <object_component id="oc-36f">
         <name>.debug_info</name>
         <load_address>0x1d65</load_address>
         <run_address>0x1d65</run_address>
         <size>0x1a7</size>
         <input_file_ref idref="fl-3"/>
      </object_component>
      <object_component id="oc-375">
         <name>.debug_info</name>
         <load_address>0x1f0c</load_address>
         <run_address>0x1f0c</run_address>
         <size>0x1ca</size>
         <input_file_ref idref="fl-3"/>
      </object_component>
      <object_component id="oc-399">
         <name>.debug_info</name>
         <load_address>0x20d6</load_address>
         <run_address>0x20d6</run_address>
         <size>0x1fc</size>
         <input_file_ref idref="fl-3"/>
      </object_component>
      <object_component id="oc-387">
         <name>.debug_info</name>
         <load_address>0x22d2</load_address>
         <run_address>0x22d2</run_address>
         <size>0x23e</size>
         <input_file_ref idref="fl-3"/>
      </object_component>
      <object_component id="oc-393">
         <name>.debug_info</name>
         <load_address>0x2510</load_address>
         <run_address>0x2510</run_address>
         <size>0x208</size>
         <input_file_ref idref="fl-3"/>
      </object_component>
      <object_component id="oc-263">
         <name>.debug_info</name>
         <load_address>0x2718</load_address>
         <run_address>0x2718</run_address>
         <size>0x17c</size>
         <input_file_ref idref="fl-3"/>
      </object_component>
      <object_component id="oc-269">
         <name>.debug_info</name>
         <load_address>0x2894</load_address>
         <run_address>0x2894</run_address>
         <size>0x1bc</size>
         <input_file_ref idref="fl-3"/>
      </object_component>
      <object_component id="oc-8d">
         <name>.debug_info</name>
         <load_address>0x2a50</load_address>
         <run_address>0x2a50</run_address>
         <size>0x1d5</size>
         <input_file_ref idref="fl-3"/>
      </object_component>
      <object_component id="oc-256">
         <name>.debug_info</name>
         <load_address>0x2c25</load_address>
         <run_address>0x2c25</run_address>
         <size>0x198</size>
         <input_file_ref idref="fl-3"/>
      </object_component>
      <object_component id="oc-25c">
         <name>.debug_info</name>
         <load_address>0x2dbd</load_address>
         <run_address>0x2dbd</run_address>
         <size>0x1a0</size>
         <input_file_ref idref="fl-3"/>
      </object_component>
      <object_component id="oc-3a0">
         <name>.debug_info</name>
         <load_address>0x2f5d</load_address>
         <run_address>0x2f5d</run_address>
         <size>0x184</size>
         <input_file_ref idref="fl-3"/>
      </object_component>
      <object_component id="oc-283">
         <name>.debug_info</name>
         <load_address>0x30e1</load_address>
         <run_address>0x30e1</run_address>
         <size>0x1d2</size>
         <input_file_ref idref="fl-3"/>
      </object_component>
      <object_component id="oc-277">
         <name>.debug_info</name>
         <load_address>0x32b3</load_address>
         <run_address>0x32b3</run_address>
         <size>0x215</size>
         <input_file_ref idref="fl-3"/>
      </object_component>
      <object_component id="oc-28f">
         <name>.debug_info</name>
         <load_address>0x34c8</load_address>
         <run_address>0x34c8</run_address>
         <size>0x1b5</size>
         <input_file_ref idref="fl-3"/>
      </object_component>
      <object_component id="oc-289">
         <name>.debug_info</name>
         <load_address>0x367d</load_address>
         <run_address>0x367d</run_address>
         <size>0x1e6</size>
         <input_file_ref idref="fl-3"/>
      </object_component>
      <object_component id="oc-295">
         <name>.debug_info</name>
         <load_address>0x3863</load_address>
         <run_address>0x3863</run_address>
         <size>0x1d2</size>
         <input_file_ref idref="fl-3"/>
      </object_component>
      <object_component id="oc-27d">
         <name>.debug_info</name>
         <load_address>0x3a35</load_address>
         <run_address>0x3a35</run_address>
         <size>0x1dc</size>
         <input_file_ref idref="fl-3"/>
      </object_component>
      <object_component id="oc-2a1">
         <name>.debug_info</name>
         <load_address>0x3c11</load_address>
         <run_address>0x3c11</run_address>
         <size>0x28d</size>
         <input_file_ref idref="fl-3"/>
      </object_component>
      <object_component id="oc-29b">
         <name>.debug_info</name>
         <load_address>0x3e9e</load_address>
         <run_address>0x3e9e</run_address>
         <size>0x22a</size>
         <input_file_ref idref="fl-3"/>
      </object_component>
      <object_component id="oc-2ad">
         <name>.debug_info</name>
         <load_address>0x40c8</load_address>
         <run_address>0x40c8</run_address>
         <size>0x255</size>
         <input_file_ref idref="fl-3"/>
      </object_component>
      <object_component id="oc-2a7">
         <name>.debug_info</name>
         <load_address>0x431d</load_address>
         <run_address>0x431d</run_address>
         <size>0x219</size>
         <input_file_ref idref="fl-3"/>
      </object_component>
      <object_component id="oc-2b3">
         <name>.debug_info</name>
         <load_address>0x4536</load_address>
         <run_address>0x4536</run_address>
         <size>0x256</size>
         <input_file_ref idref="fl-3"/>
      </object_component>
      <object_component id="oc-2b9">
         <name>.debug_info</name>
         <load_address>0x478c</load_address>
         <run_address>0x478c</run_address>
         <size>0x1fe</size>
         <input_file_ref idref="fl-3"/>
      </object_component>
      <object_component id="oc-2bf">
         <name>.debug_info</name>
         <load_address>0x498a</load_address>
         <run_address>0x498a</run_address>
         <size>0x1dd</size>
         <input_file_ref idref="fl-3"/>
      </object_component>
      <object_component id="oc-2c5">
         <name>.debug_info</name>
         <load_address>0x4b67</load_address>
         <run_address>0x4b67</run_address>
         <size>0x200</size>
         <input_file_ref idref="fl-3"/>
      </object_component>
      <object_component id="oc-2cb">
         <name>.debug_info</name>
         <load_address>0x4d67</load_address>
         <run_address>0x4d67</run_address>
         <size>0x1df</size>
         <input_file_ref idref="fl-3"/>
      </object_component>
      <object_component id="oc-2d1">
         <name>.debug_info</name>
         <load_address>0x4f46</load_address>
         <run_address>0x4f46</run_address>
         <size>0x1d8</size>
         <input_file_ref idref="fl-3"/>
      </object_component>
      <object_component id="oc-2d7">
         <name>.debug_info</name>
         <load_address>0x511e</load_address>
         <run_address>0x511e</run_address>
         <size>0x21c</size>
         <input_file_ref idref="fl-3"/>
      </object_component>
      <object_component id="oc-2dd">
         <name>.debug_info</name>
         <load_address>0x533a</load_address>
         <run_address>0x533a</run_address>
         <size>0x22e</size>
         <input_file_ref idref="fl-3"/>
      </object_component>
      <object_component id="oc-177">
         <name>.debug_info</name>
         <load_address>0x5568</load_address>
         <run_address>0x5568</run_address>
         <size>0x180</size>
         <input_file_ref idref="fl-3"/>
      </object_component>
      <object_component id="oc-1dc">
         <name>.debug_info</name>
         <load_address>0x56e8</load_address>
         <run_address>0x56e8</run_address>
         <size>0x594</size>
         <input_file_ref idref="fl-3"/>
      </object_component>
      <object_component id="oc-1ee">
         <name>.debug_info</name>
         <load_address>0x5c7c</load_address>
         <run_address>0x5c7c</run_address>
         <size>0x12a</size>
         <input_file_ref idref="fl-3"/>
      </object_component>
      <object_component id="oc-270">
         <name>.debug_info</name>
         <load_address>0x5da6</load_address>
         <run_address>0x5da6</run_address>
         <size>0x266</size>
         <input_file_ref idref="fl-3"/>
      </object_component>
      <object_component id="oc-1e8">
         <name>.debug_info</name>
         <load_address>0x600c</load_address>
         <run_address>0x600c</run_address>
         <size>0x170</size>
         <input_file_ref idref="fl-3"/>
      </object_component>
      <object_component id="oc-1f4">
         <name>.debug_info</name>
         <load_address>0x617c</load_address>
         <run_address>0x617c</run_address>
         <size>0x5e1</size>
         <input_file_ref idref="fl-3"/>
      </object_component>
      <object_component id="oc-2c">
         <name>.debug_info</name>
         <load_address>0x675d</load_address>
         <run_address>0x675d</run_address>
         <size>0x155</size>
         <input_file_ref idref="fl-3"/>
      </object_component>
      <object_component id="oc-1e2">
         <name>.debug_info</name>
         <load_address>0x68b2</load_address>
         <run_address>0x68b2</run_address>
         <size>0x181</size>
         <input_file_ref idref="fl-3"/>
      </object_component>
      <object_component id="oc-17f">
         <name>.debug_info</name>
         <load_address>0x6a33</load_address>
         <run_address>0x6a33</run_address>
         <size>0x155</size>
         <input_file_ref idref="fl-4"/>
      </object_component>
      <object_component id="oc-1c7">
         <name>.debug_info</name>
         <load_address>0x6b88</load_address>
         <run_address>0x6b88</run_address>
         <size>0x162</size>
         <input_file_ref idref="fl-5"/>
      </object_component>
      <object_component id="oc-1bd">
         <name>.debug_info</name>
         <load_address>0x6cea</load_address>
         <run_address>0x6cea</run_address>
         <size>0x166</size>
         <input_file_ref idref="fl-5"/>
      </object_component>
      <object_component id="oc-237">
         <name>.debug_info</name>
         <load_address>0x6e50</load_address>
         <run_address>0x6e50</run_address>
         <size>0x1c6</size>
         <input_file_ref idref="fl-5"/>
      </object_component>
      <object_component id="oc-1a9">
         <name>.debug_info</name>
         <load_address>0x7016</load_address>
         <run_address>0x7016</run_address>
         <size>0x19a</size>
         <input_file_ref idref="fl-5"/>
      </object_component>
      <object_component id="oc-19e">
         <name>.debug_info</name>
         <load_address>0x71b0</load_address>
         <run_address>0x71b0</run_address>
         <size>0x16d</size>
         <input_file_ref idref="fl-5"/>
      </object_component>
      <object_component id="oc-1d6">
         <name>.debug_info</name>
         <load_address>0x731d</load_address>
         <run_address>0x731d</run_address>
         <size>0x1c9</size>
         <input_file_ref idref="fl-5"/>
      </object_component>
      <object_component id="oc-166">
         <name>.debug_info</name>
         <load_address>0x74e6</load_address>
         <run_address>0x74e6</run_address>
         <size>0x28a</size>
         <input_file_ref idref="fl-5"/>
      </object_component>
      <object_component id="oc-1c1">
         <name>.debug_info</name>
         <load_address>0x7770</load_address>
         <run_address>0x7770</run_address>
         <size>0x4ad</size>
         <input_file_ref idref="fl-5"/>
      </object_component>
      <object_component id="oc-16b">
         <name>.debug_info</name>
         <load_address>0x7c1d</load_address>
         <run_address>0x7c1d</run_address>
         <size>0x180</size>
         <input_file_ref idref="fl-5"/>
      </object_component>
      <object_component id="oc-b8">
         <name>.debug_info</name>
         <load_address>0x7d9d</load_address>
         <run_address>0x7d9d</run_address>
         <size>0x16d</size>
         <input_file_ref idref="fl-5"/>
      </object_component>
      <object_component id="oc-21">
         <name>.debug_info</name>
         <load_address>0x7f0a</load_address>
         <run_address>0x7f0a</run_address>
         <size>0x124</size>
         <input_file_ref idref="fl-6"/>
      </object_component>
      <object_component id="oc-62">
         <name>.debug_info</name>
         <load_address>0x802e</load_address>
         <run_address>0x802e</run_address>
         <size>0x125</size>
         <input_file_ref idref="fl-6"/>
      </object_component>
      <object_component id="oc-3dc">
         <name>.debug_info</name>
         <load_address>0x8153</load_address>
         <run_address>0x8153</run_address>
         <size>0x1cf</size>
         <input_file_ref idref="fl-d"/>
      </object_component>
      <object_component id="oc-357">
         <name>.debug_info</name>
         <load_address>0x8322</load_address>
         <run_address>0x8322</run_address>
         <size>0x24f</size>
         <input_file_ref idref="fl-d"/>
      </object_component>
      <object_component id="oc-3e0">
         <name>.debug_info</name>
         <load_address>0x8571</load_address>
         <run_address>0x8571</run_address>
         <size>0x248</size>
         <input_file_ref idref="fl-d"/>
      </object_component>
      <object_component id="oc-34a">
         <name>.debug_info</name>
         <load_address>0x87b9</load_address>
         <run_address>0x87b9</run_address>
         <size>0x1cd</size>
         <input_file_ref idref="fl-e"/>
      </object_component>
      <object_component id="oc-249">
         <name>.debug_info</name>
         <load_address>0x8986</load_address>
         <run_address>0x8986</run_address>
         <size>0x22e</size>
         <input_file_ref idref="fl-e"/>
      </object_component>
      <object_component id="oc-24f">
         <name>.debug_info</name>
         <load_address>0x8bb4</load_address>
         <run_address>0x8bb4</run_address>
         <size>0x276</size>
         <input_file_ref idref="fl-e"/>
      </object_component>
      <object_component id="oc-1ce">
         <name>.debug_info</name>
         <load_address>0x8e2a</load_address>
         <run_address>0x8e2a</run_address>
         <size>0x22a</size>
         <input_file_ref idref="fl-e"/>
      </object_component>
      <object_component id="oc-243">
         <name>.debug_info</name>
         <load_address>0x9054</load_address>
         <run_address>0x9054</run_address>
         <size>0x217</size>
         <input_file_ref idref="fl-e"/>
      </object_component>
      <object_component id="oc-d7">
         <name>.debug_info</name>
         <load_address>0x926b</load_address>
         <run_address>0x926b</run_address>
         <size>0x1c6</size>
         <input_file_ref idref="fl-f"/>
      </object_component>
      <object_component id="oc-d2">
         <name>.debug_info</name>
         <load_address>0x9431</load_address>
         <run_address>0x9431</run_address>
         <size>0x1c8</size>
         <input_file_ref idref="fl-f"/>
      </object_component>
      <object_component id="oc-172">
         <name>.debug_info</name>
         <load_address>0x95f9</load_address>
         <run_address>0x95f9</run_address>
         <size>0x1d7</size>
         <input_file_ref idref="fl-f"/>
      </object_component>
      <object_component id="oc-38">
         <name>.debug_info</name>
         <load_address>0x97d0</load_address>
         <run_address>0x97d0</run_address>
         <size>0x1e4</size>
         <input_file_ref idref="fl-f"/>
      </object_component>
      <object_component id="oc-3f">
         <name>.debug_info</name>
         <load_address>0x99b4</load_address>
         <run_address>0x99b4</run_address>
         <size>0x1ca</size>
         <input_file_ref idref="fl-f"/>
      </object_component>
      <object_component id="oc-44">
         <name>.debug_info</name>
         <load_address>0x9b7e</load_address>
         <run_address>0x9b7e</run_address>
         <size>0x1b0</size>
         <input_file_ref idref="fl-f"/>
      </object_component>
      <object_component id="oc-34">
         <name>.debug_info</name>
         <load_address>0x9d2e</load_address>
         <run_address>0x9d2e</run_address>
         <size>0x1d4</size>
         <input_file_ref idref="fl-f"/>
      </object_component>
      <object_component id="oc-94">
         <name>.debug_info</name>
         <load_address>0x9f02</load_address>
         <run_address>0x9f02</run_address>
         <size>0x27b</size>
         <input_file_ref idref="fl-f"/>
      </object_component>
      <object_component id="oc-302">
         <name>.debug_info</name>
         <load_address>0xa17d</load_address>
         <run_address>0xa17d</run_address>
         <size>0x213</size>
         <input_file_ref idref="fl-10"/>
      </object_component>
      <object_component id="oc-21b">
         <name>.debug_info</name>
         <load_address>0xa390</load_address>
         <run_address>0xa390</run_address>
         <size>0x1db</size>
         <input_file_ref idref="fl-10"/>
      </object_component>
      <object_component id="oc-20f">
         <name>.debug_info</name>
         <load_address>0xa56b</load_address>
         <run_address>0xa56b</run_address>
         <size>0x1d6</size>
         <input_file_ref idref="fl-10"/>
      </object_component>
      <object_component id="oc-3c0">
         <name>.debug_info</name>
         <load_address>0xa741</load_address>
         <run_address>0xa741</run_address>
         <size>0x1ac</size>
         <input_file_ref idref="fl-10"/>
      </object_component>
      <object_component id="oc-228">
         <name>.debug_info</name>
         <load_address>0xa8ed</load_address>
         <run_address>0xa8ed</run_address>
         <size>0x1db</size>
         <input_file_ref idref="fl-10"/>
      </object_component>
      <object_component id="oc-3cb">
         <name>.debug_info</name>
         <load_address>0xaac8</load_address>
         <run_address>0xaac8</run_address>
         <size>0x1d0</size>
         <input_file_ref idref="fl-10"/>
      </object_component>
      <object_component id="oc-33e">
         <name>.debug_info</name>
         <load_address>0xac98</load_address>
         <run_address>0xac98</run_address>
         <size>0x1ee</size>
         <input_file_ref idref="fl-10"/>
      </object_component>
      <object_component id="oc-314">
         <name>.debug_info</name>
         <load_address>0xae86</load_address>
         <run_address>0xae86</run_address>
         <size>0x1f0</size>
         <input_file_ref idref="fl-10"/>
      </object_component>
      <object_component id="oc-319">
         <name>.debug_info</name>
         <load_address>0xb076</load_address>
         <run_address>0xb076</run_address>
         <size>0x1fc</size>
         <input_file_ref idref="fl-10"/>
      </object_component>
      <object_component id="oc-320">
         <name>.debug_info</name>
         <load_address>0xb272</load_address>
         <run_address>0xb272</run_address>
         <size>0x1fa</size>
         <input_file_ref idref="fl-10"/>
      </object_component>
      <object_component id="oc-337">
         <name>.debug_info</name>
         <load_address>0xb46c</load_address>
         <run_address>0xb46c</run_address>
         <size>0x221</size>
         <input_file_ref idref="fl-10"/>
      </object_component>
      <object_component id="oc-308">
         <name>.debug_info</name>
         <load_address>0xb68d</load_address>
         <run_address>0xb68d</run_address>
         <size>0x1f4</size>
         <input_file_ref idref="fl-10"/>
      </object_component>
      <object_component id="oc-30d">
         <name>.debug_info</name>
         <load_address>0xb881</load_address>
         <run_address>0xb881</run_address>
         <size>0x1f2</size>
         <input_file_ref idref="fl-10"/>
      </object_component>
      <object_component id="oc-32c">
         <name>.debug_info</name>
         <load_address>0xba73</load_address>
         <run_address>0xba73</run_address>
         <size>0x225</size>
         <input_file_ref idref="fl-10"/>
      </object_component>
      <object_component id="oc-325">
         <name>.debug_info</name>
         <load_address>0xbc98</load_address>
         <run_address>0xbc98</run_address>
         <size>0x225</size>
         <input_file_ref idref="fl-10"/>
      </object_component>
      <object_component id="oc-332">
         <name>.debug_info</name>
         <load_address>0xbebd</load_address>
         <run_address>0xbebd</run_address>
         <size>0x294</size>
         <input_file_ref idref="fl-10"/>
      </object_component>
      <object_component id="oc-222">
         <name>.debug_info</name>
         <load_address>0xc151</load_address>
         <run_address>0xc151</run_address>
         <size>0x1c7</size>
         <input_file_ref idref="fl-10"/>
      </object_component>
      <object_component id="oc-3bb">
         <name>.debug_info</name>
         <load_address>0xc318</load_address>
         <run_address>0xc318</run_address>
         <size>0x210</size>
         <input_file_ref idref="fl-10"/>
      </object_component>
      <object_component id="oc-1b1">
         <name>.debug_info</name>
         <load_address>0xc528</load_address>
         <run_address>0xc528</run_address>
         <size>0x26f</size>
         <input_file_ref idref="fl-10"/>
      </object_component>
      <object_component id="oc-1a5">
         <name>.debug_info</name>
         <load_address>0xc797</load_address>
         <run_address>0xc797</run_address>
         <size>0x486</size>
         <input_file_ref idref="fl-10"/>
      </object_component>
      <object_component id="oc-2ed">
         <name>.debug_info</name>
         <load_address>0xcc1d</load_address>
         <run_address>0xcc1d</run_address>
         <size>0x248</size>
         <input_file_ref idref="fl-10"/>
      </object_component>
      <object_component id="oc-2f3">
         <name>.debug_info</name>
         <load_address>0xce65</load_address>
         <run_address>0xce65</run_address>
         <size>0x219</size>
         <input_file_ref idref="fl-10"/>
      </object_component>
      <object_component id="oc-215">
         <name>.debug_info</name>
         <load_address>0xd07e</load_address>
         <run_address>0xd07e</run_address>
         <size>0x22d</size>
         <input_file_ref idref="fl-10"/>
      </object_component>
      <object_component id="oc-1b8">
         <name>.debug_info</name>
         <load_address>0xd2ab</load_address>
         <run_address>0xd2ab</run_address>
         <size>0x219</size>
         <input_file_ref idref="fl-10"/>
      </object_component>
      <object_component id="oc-22e">
         <name>.debug_info</name>
         <load_address>0xd4c4</load_address>
         <run_address>0xd4c4</run_address>
         <size>0x487</size>
         <input_file_ref idref="fl-10"/>
      </object_component>
      <object_component id="oc-b3">
         <name>.debug_info</name>
         <load_address>0xd94b</load_address>
         <run_address>0xd94b</run_address>
         <size>0x147</size>
         <input_file_ref idref="fl-1c"/>
      </object_component>
      <object_component id="oc-2fb">
         <name>.debug_info</name>
         <load_address>0xda92</load_address>
         <run_address>0xda92</run_address>
         <size>0x116</size>
         <input_file_ref idref="fl-1d"/>
      </object_component>
      <object_component id="oc-ec">
         <name>.debug_info</name>
         <load_address>0xdba8</load_address>
         <run_address>0xdba8</run_address>
         <size>0x13c</size>
         <input_file_ref idref="fl-1e"/>
      </object_component>
      <object_component id="oc-10b">
         <name>.debug_info</name>
         <load_address>0xdce4</load_address>
         <run_address>0xdce4</run_address>
         <size>0x1ae</size>
         <input_file_ref idref="fl-1f"/>
      </object_component>
      <object_component id="oc-57">
         <name>.debug_info</name>
         <load_address>0xde92</load_address>
         <run_address>0xde92</run_address>
         <size>0x1a5</size>
         <input_file_ref idref="fl-20"/>
      </object_component>
      <object_component id="oc-1c">
         <name>.debug_info</name>
         <load_address>0xe037</load_address>
         <run_address>0xe037</run_address>
         <size>0x1a6</size>
         <input_file_ref idref="fl-21"/>
      </object_component>
      <object_component id="oc-14">
         <name>.debug_info</name>
         <load_address>0xe1dd</load_address>
         <run_address>0xe1dd</run_address>
         <size>0x1fb</size>
         <input_file_ref idref="fl-22"/>
      </object_component>
      <object_component id="oc-142">
         <name>.debug_info</name>
         <load_address>0xe3d8</load_address>
         <run_address>0xe3d8</run_address>
         <size>0x18d</size>
         <input_file_ref idref="fl-23"/>
      </object_component>
      <object_component id="oc-fa">
         <name>.debug_info</name>
         <load_address>0xe565</load_address>
         <run_address>0xe565</run_address>
         <size>0x198</size>
         <input_file_ref idref="fl-23"/>
      </object_component>
      <object_component id="oc-145">
         <name>.debug_info</name>
         <load_address>0xe6fd</load_address>
         <run_address>0xe6fd</run_address>
         <size>0xf6</size>
         <input_file_ref idref="fl-24"/>
      </object_component>
      <object_component id="oc-1fd">
         <name>.debug_info</name>
         <load_address>0xe7f3</load_address>
         <run_address>0xe7f3</run_address>
         <size>0xfa</size>
         <input_file_ref idref="fl-24"/>
      </object_component>
      <object_component id="oc-189">
         <name>.debug_info</name>
         <load_address>0xe8ed</load_address>
         <run_address>0xe8ed</run_address>
         <size>0x1f2</size>
         <input_file_ref idref="fl-24"/>
      </object_component>
      <object_component id="oc-f3">
         <name>.debug_info</name>
         <load_address>0xeadf</load_address>
         <run_address>0xeadf</run_address>
         <size>0x14c</size>
         <input_file_ref idref="fl-25"/>
      </object_component>
      <object_component id="oc-4d">
         <name>.debug_info</name>
         <load_address>0xec2b</load_address>
         <run_address>0xec2b</run_address>
         <size>0x18a</size>
         <input_file_ref idref="fl-28"/>
      </object_component>
      <object_component id="oc-152">
         <name>.debug_info</name>
         <load_address>0xedb5</load_address>
         <run_address>0xedb5</run_address>
         <size>0x136</size>
         <input_file_ref idref="fl-29"/>
      </object_component>
      <object_component id="oc-42f">
         <name>.debug_info</name>
         <load_address>0xeeeb</load_address>
         <run_address>0xeeeb</run_address>
         <size>0xc2</size>
      </object_component>
      <object_component id="oc-cb">
         <name>.debug_line</name>
         <load_address>0x0</load_address>
         <run_address>0x0</run_address>
         <size>0x37</size>
         <input_file_ref idref="fl-2"/>
      </object_component>
      <object_component id="oc-bf">
         <name>.debug_line</name>
         <load_address>0x37</load_address>
         <run_address>0x37</run_address>
         <size>0x37</size>
         <input_file_ref idref="fl-2"/>
      </object_component>
      <object_component id="oc-c5">
         <name>.debug_line</name>
         <load_address>0x6e</load_address>
         <run_address>0x6e</run_address>
         <size>0x78</size>
         <input_file_ref idref="fl-2"/>
      </object_component>
      <object_component id="oc-71">
         <name>.debug_line</name>
         <load_address>0xe6</load_address>
         <run_address>0xe6</run_address>
         <size>0x79</size>
         <input_file_ref idref="fl-2"/>
      </object_component>
      <object_component id="oc-78">
         <name>.debug_line</name>
         <load_address>0x15f</load_address>
         <run_address>0x15f</run_address>
         <size>0x79</size>
         <input_file_ref idref="fl-2"/>
      </object_component>
      <object_component id="oc-7d">
         <name>.debug_line</name>
         <load_address>0x1d8</load_address>
         <run_address>0x1d8</run_address>
         <size>0x79</size>
         <input_file_ref idref="fl-2"/>
      </object_component>
      <object_component id="oc-6b">
         <name>.debug_line</name>
         <load_address>0x251</load_address>
         <run_address>0x251</run_address>
         <size>0x79</size>
         <input_file_ref idref="fl-2"/>
      </object_component>
      <object_component id="oc-85">
         <name>.debug_line</name>
         <load_address>0x2ca</load_address>
         <run_address>0x2ca</run_address>
         <size>0x7e</size>
         <input_file_ref idref="fl-2"/>
      </object_component>
      <object_component id="oc-13b">
         <name>.debug_line</name>
         <load_address>0x348</load_address>
         <run_address>0x348</run_address>
         <size>0x6e</size>
         <input_file_ref idref="fl-2"/>
      </object_component>
      <object_component id="oc-29">
         <name>.debug_line</name>
         <load_address>0x3b6</load_address>
[...]
               <start_address>0x8295</start_address>
               <size>0x102</size>
               <logical_group_ref idref="lg-9"/>
            </allocated_space>
            <allocated_space>
               <start_address>0x8397</start_address>
               <size>0x1</size>
               <logical_group_ref idref="lg-42d"/>
            </allocated_space>
            <allocated_space>
               <start_address>0x8398</start_address>
               <size>0xa</size>
               <logical_group_ref idref="lg-d"/>
            </allocated_space>
            <allocated_space>
               <start_address>0x83a2</start_address>
               <size>0x12b7</size>
               <logical_group_ref idref="lg-42e"/>
            </allocated_space>
            <available_space>
               <start_address>0x9659</start_address>
               <size>0x9a7</size>
            </available_space>
         </usage_details>
      </memory_area>
      <memory_area display="yes" color="green">
         <name>RAMLS1</name>
         <page_id>0x0</page_id>
         <origin>0xa000</origin>
         <length>0x1ff8</length>
         <used_space>0x0</used_space>
         <unused_space>0x1ff8</unused_space>
         <attributes>RWIX</attributes>
         <usage_details>
         </usage_details>
      </memory_area>
      <memory_area display="yes" color="green">
         <name>FLASH_BANK0_SEC_0_7</name>
         <page_id>0x0</page_id>
         <origin>0x80002</origin>
         <length>0x1ffe</length>
         <used_space>0x0</used_space>
         <unused_space>0x1ffe</unused_space>
         <attributes>RWIX</attributes>
         <usage_details>
         </usage_details>
      </memory_area>
      <memory_area display="yes" color="green">
         <name>FLASH_BANK0_SEC_8_15</name>
         <page_id>0x0</page_id>
         <origin>0x82000</origin>
         <length>0x2000</length>
         <used_space>0x0</used_space>
         <unused_space>0x2000</unused_space>
         <attributes>RWIX</attributes>
         <usage_details>
         </usage_details>
      </memory_area>
      <memory_area display="yes" color="green">
         <name>FLASH_BANK0_SEC_16_23</name>
         <page_id>0x0</page_id>
         <origin>0x84000</origin>
         <length>0x2000</length>
         <used_space>0x0</used_space>
         <unused_space>0x2000</unused_space>
         <attributes>RWIX</attributes>
         <usage_details>
         </usage_details>
      </memory_area>
      <memory_area display="yes" color="green">
         <name>FLASH_BANK0_SEC_24_31</name>
         <page_id>0x0</page_id>
         <origin>0x86000</origin>
         <length>0x2000</length>
         <used_space>0x0</used_space>
         <unused_space>0x2000</unused_space>
         <attributes>RWIX</attributes>
         <usage_details>
         </usage_details>
      </memory_area>
      <memory_area display="yes" color="green">
         <name>FLASH_BANK0_SEC_32_39</name>
         <page_id>0x0</page_id>
         <origin>0x88000</origin>
         <length>0x2000</length>
         <used_space>0x0</used_space>
         <unused_space>0x2000</unused_space>
         <attributes>RWIX</attributes>
         <usage_details>
         </usage_details>
      </memory_area>
      <memory_area display="yes" color="green">
         <name>FLASH_BANK0_SEC_40_47</name>
         <page_id>0x0</page_id>
         <origin>0x8a000</origin>
         <length>0x2000</length>
         <used_space>0x0</used_space>
         <unused_space>0x2000</unused_space>
         <attributes>RWIX</attributes>
         <usage_details>
         </usage_details>
      </memory_area>
      <memory_area display="yes" color="green">
         <name>FLASH_BANK0_SEC_48_55</name>
         <page_id>0x0</page_id>
         <origin>0x8c000</origin>
         <length>0x2000</length>
         <used_space>0x0</used_space>
         <unused_space>0x2000</unused_space>
         <attributes>RWIX</attributes>
         <usage_details>
         </usage_details>
      </memory_area>
      <memory_area display="yes" color="green">
         <name>FLASH_BANK0_SEC_56_63</name>
         <page_id>0x0</page_id>
         <origin>0x8e000</origin>
         <length>0x2000</length>
         <used_space>0x0</used_space>
         <unused_space>0x2000</unused_space>
         <attributes>RWIX</attributes>
         <usage_details>
         </usage_details>
      </memory_area>
      <memory_area display="yes" color="green">
         <name>FLASH_BANK0_SEC_64_71</name>
         <page_id>0x0</page_id>
         <origin>0x90000</origin>
         <length>0x2000</length>
         <used_space>0x0</used_space>
         <unused_space>0x2000</unused_space>
         <attributes>RWIX</attributes>
         <usage_details>
         </usage_details>
      </memory_area>
      <memory_area display="yes" color="green">
         <name>FLASH_BANK0_SEC_72_79</name>
         <page_id>0x0</page_id>
         <origin>0x92000</origin>
         <length>0x2000</length>
         <used_space>0x0</used_space>
         <unused_space>0x2000</unused_space>
         <attributes>RWIX</attributes>
         <usage_details>
         </usage_details>
      </memory_area>
      <memory_area display="yes" color="green">
         <name>FLASH_BANK0_SEC_80_87</name>
         <page_id>0x0</page_id>
         <origin>0x94000</origin>
         <length>0x2000</length>
         <used_space>0x0</used_space>
         <unused_space>0x2000</unused_space>
         <attributes>RWIX</attributes>
         <usage_details>
         </usage_details>
      </memory_area>
      <memory_area display="yes" color="green">
         <name>FLASH_BANK0_SEC_88_95</name>
         <page_id>0x0</page_id>
         <origin>0x96000</origin>
         <length>0x2000</length>
         <used_space>0x0</used_space>
         <unused_space>0x2000</unused_space>
         <attributes>RWIX</attributes>
         <usage_details>
         </usage_details>
      </memory_area>
      <memory_area display="yes" color="green">
         <name>FLASH_BANK0_SEC_96_103</name>
         <page_id>0x0</page_id>
         <origin>0x98000</origin>
         <length>0x2000</length>
         <used_space>0x0</used_space>
         <unused_space>0x2000</unused_space>
         <attributes>RWIX</attributes>
         <usage_details>
         </usage_details>
      </memory_area>
      <memory_area display="yes" color="green">
         <name>FLASH_BANK0_SEC_104_111</name>
         <page_id>0x0</page_id>
         <origin>0x9a000</origin>
         <length>0x2000</length>
         <used_space>0x0</used_space>
         <unused_space>0x2000</unused_space>
         <attributes>RWIX</attributes>
         <usage_details>
         </usage_details>
      </memory_area>
      <memory_area display="yes" color="green">
         <name>FLASH_BANK0_SEC_112_119</name>
         <page_id>0x0</page_id>
         <origin>0x9c000</origin>
         <length>0x2000</length>
         <used_space>0x0</used_space>
         <unused_space>0x2000</unused_space>
         <attributes>RWIX</attributes>
         <usage_details>
         </usage_details>
      </memory_area>
      <memory_area display="yes" color="green">
         <name>FLASH_BANK0_SEC_120_127</name>
         <page_id>0x0</page_id>
         <origin>0x9e000</origin>
         <length>0x1ff0</length>
         <used_space>0x0</used_space>
         <unused_space>0x1ff0</unused_space>
         <attributes>RWIX</attributes>
         <usage_details>
         </usage_details>
      </memory_area>
      <memory_area display="no" color="green">
         <name>RESET</name>
         <page_id>0x0</page_id>
         <origin>0x3fffc0</origin>
         <length>0x2</length>
         <used_space>0x0</used_space>
         <unused_space>0x2</unused_space>
         <attributes>RWIX</attributes>
         <usage_details>
         </usage_details>
      </memory_area>
   </placement_map>
   <cptbl_list>
      <cptbl>
         <name>__TI_cinit_table</name>
         <cprec>
            <name>.data</name>
            <load_address>0x12c</load_address>
            <load_size>0x8</load_size>
            <run_address>0x8398</run_address>
            <run_size>0xa</run_size>
            <compression>lzss</compression>
         </cprec>
         <cprec>
            <name>.bss</name>
            <load_address>0x13a</load_address>
            <load_size>0x4</load_size>
            <run_address>0x8295</run_address>
            <run_size>0x102</run_size>
            <compression>zero_init</compression>
         </cprec>
      </cptbl>
   </cptbl_list>
   <handler_table>
      <handler_table_name>__TI_handler_table</handler_table_name>
      <handler>
         <index>0x0</index>
         <name>__TI_zero_init</name>
      </handler>
      <handler>
         <index>0x1</index>
         <name>__TI_decompress_lzss</name>
      </handler>
      <handler>
         <index>0x2</index>
         <name>__TI_decompress_none</name>
      </handler>
   </handler_table>
   <symbol_table>
      <symbol id="sm-1">
         <name>__TI_CINIT_Base</name>
         <value>0x13e</value>
      </symbol>
      <symbol id="sm-2">
         <name>__TI_CINIT_Limit</name>
         <value>0x146</value>
      </symbol>
      <symbol id="sm-3">
         <name>__TI_CINIT_Warm</name>
         <value>0x146</value>
      </symbol>
      <symbol id="sm-4">
         <name>__TI_Handler_Table_Base</name>
         <value>0x134</value>
      </symbol>
      <symbol id="sm-5">
         <name>__TI_Handler_Table_Limit</name>
         <value>0x13a</value>
      </symbol>
      <symbol id="sm-6">
         <name>__TI_STACK_SIZE</name>
         <value>0x200</value>
      </symbol>
      <symbol id="sm-7">
         <name>__TI_STACK_END</name>
         <value>0x600</value>
      </symbol>
      <symbol id="sm-8">
         <name>__TI_pprof_out_hndl</name>
         <value>0xffffffff</value>
      </symbol>
      <symbol id="sm-9">
         <name>__TI_prof_data_start</name>
         <value>0xffffffff</value>
      </symbol>
      <symbol id="sm-a">
         <name>__TI_prof_data_size</name>
         <value>0xffffffff</value>
      </symbol>
      <symbol id="sm-83">
         <name>INT_myADC0_1_ISR</name>
         <value>0x8a68</value>
         <object_component_ref idref="oc-25"/>
      </symbol>
      <symbol id="sm-84">
         <name>main</name>
         <value>0x9070</value>
         <object_component_ref idref="oc-139"/>
      </symbol>
      <symbol id="sm-85">
         <name>myADC0Results</name>
         <value>0x8295</value>
         <object_component_ref idref="oc-6c"/>
      </symbol>
      <symbol id="sm-86">
         <name>index</name>
         <value>0x8395</value>
         <object_component_ref idref="oc-87"/>
      </symbol>
      <symbol id="sm-87">
         <name>bufferFull</name>
         <value>0x8396</value>
         <object_component_ref idref="oc-87"/>
      </symbol>
      <symbol id="sm-226">
         <name>INTERRUPT_init</name>
         <value>0x9577</value>
         <object_component_ref idref="oc-2b"/>
      </symbol>
      <symbol id="sm-227">
         <name>PinMux_init</name>
         <value>0x85cd</value>
         <object_component_ref idref="oc-1db"/>
      </symbol>
      <symbol id="sm-228">
         <name>Board_init</name>
         <value>0x9559</value>
         <object_component_ref idref="oc-176"/>
      </symbol>
      <symbol id="sm-229">
         <name>ADC_init</name>
         <value>0x9653</value>
         <object_component_ref idref="oc-1ed"/>
      </symbol>
      <symbol id="sm-22a">
         <name>myADC0_init</name>
         <value>0x8ba6</value>
         <object_component_ref idref="oc-26f"/>
      </symbol>
      <symbol id="sm-22b">
         <name>SYNC_init</name>
         <value>0x9604</value>
         <object_component_ref idref="oc-1e1"/>
      </symbol>
      <symbol id="sm-22c">
         <name>EPWM_init</name>
         <value>0x86a8</value>
         <object_component_ref idref="oc-1f3"/>
      </symbol>
      <symbol id="sm-22d">
         <name>ASYSCTL_init</name>
         <value>0x9643</value>
         <object_component_ref idref="oc-1e7"/>
      </symbol>
      <symbol id="sm-23a">
         <name>C2000Ware_libraries_init</name>
         <value>0x8397</value>
         <object_component_ref idref="oc-17c"/>
      </symbol>
      <symbol id="sm-290">
         <name>Device_enableAllPeripherals</name>
         <value>0x8995</value>
         <object_component_ref idref="oc-1c0"/>
      </symbol>
      <symbol id="sm-291">
         <name>Device_initGPIO</name>
         <value>0x9549</value>
         <object_component_ref idref="oc-16a"/>
      </symbol>
      <symbol id="sm-292">
         <name>Device_init</name>
         <value>0x8b5e</value>
         <object_component_ref idref="oc-164"/>
      </symbol>
      <symbol id="sm-293">
         <name>__error__</name>
         <value>0x963c</value>
         <object_component_ref idref="oc-b7"/>
      </symbol>
      <symbol id="sm-2a2">
         <name>code_start</name>
         <value>0x0</value>
         <object_component_ref idref="oc-20"/>
      </symbol>
      <symbol id="sm-2cf">
         <name>ADC_setOffsetTrimAll</name>
         <value>0x8b12</value>
         <object_component_ref idref="oc-3df"/>
      </symbol>
      <symbol id="sm-2d0">
         <name>ADC_setVREF</name>
         <value>0x8ffd</value>
         <object_component_ref idref="oc-356"/>
      </symbol>
      <symbol id="sm-30e">
         <name>GPIO_setQualificationMode</name>
         <value>0x8eb0</value>
         <object_component_ref idref="oc-24e"/>
      </symbol>
      <symbol id="sm-30f">
         <name>GPIO_setPadConfig</name>
         <value>0x8ac0</value>
         <object_component_ref idref="oc-248"/>
      </symbol>
      <symbol id="sm-310">
         <name>GPIO_setAnalogMode</name>
         <value>0x8779</value>
         <object_component_ref idref="oc-1cc"/>
      </symbol>
      <symbol id="sm-311">
         <name>GPIO_setPinConfig</name>
         <value>0x8e79</value>
         <object_component_ref idref="oc-242"/>
      </symbol>
      <symbol id="sm-360">
         <name>Interrupt_defaultHandler</name>
         <value>0x93ad</value>
         <object_component_ref idref="oc-31"/>
      </symbol>
      <symbol id="sm-361">
         <name>Interrupt_initModule</name>
         <value>0x8dc8</value>
         <object_component_ref idref="oc-170"/>
      </symbol>
      <symbol id="sm-362">
         <name>Interrupt_nmiHandler</name>
         <value>0x95fa</value>
         <object_component_ref idref="oc-43"/>
      </symbol>
      <symbol id="sm-363">
         <name>Interrupt_enable</name>
         <value>0x8ee7</value>
         <object_component_ref idref="oc-92"/>
      </symbol>
      <symbol id="sm-364">
         <name>Interrupt_initVectorTable</name>
         <value>0x91b4</value>
         <object_component_ref idref="oc-32"/>
      </symbol>
      <symbol id="sm-365">
         <name>Interrupt_illegalOperationHandler</name>
         <value>0x95f0</value>
         <object_component_ref idref="oc-3d"/>
      </symbol>
      <symbol id="sm-487">
         <name>SysCtl_isPLLValid</name>
         <value>0x84e3</value>
         <object_component_ref idref="oc-22a"/>
      </symbol>
      <symbol id="sm-488">
         <name>SysCtl_delay</name>
         <value>0x128</value>
         <object_component_ref idref="oc-217"/>
      </symbol>
      <symbol id="sm-489">
         <name>SysCtl_selectXTALSingleEnded</name>
         <value>0x904b</value>
         <object_component_ref idref="oc-2ef"/>
      </symbol>
      <symbol id="sm-48a">
         <name>SysCtl_selectXTAL</name>
         <value>0x8c7b</value>
         <object_component_ref idref="oc-2e9"/>
      </symbol>
      <symbol id="sm-48b">
         <name>SysCtl_selectOscSource</name>
         <value>0x8bee</value>
         <object_component_ref idref="oc-211"/>
      </symbol>
      <symbol id="sm-48c">
         <name>SysCtl_getLowSpeedClock</name>
         <value>0x9295</value>
         <object_component_ref idref="oc-1b4"/>
      </symbol>
      <symbol id="sm-48d">
         <name>SysCtl_setClock</name>
         <value>0x83a2</value>
         <object_component_ref idref="oc-1a1"/>
      </symbol>
      <symbol id="sm-48e">
         <name>SysCtl_getClock</name>
         <value>0x8a03</value>
         <object_component_ref idref="oc-1ad"/>
      </symbol>
      <symbol id="sm-498">
         <name>_c_int00</name>
         <value>0x933e</value>
         <object_component_ref idref="oc-b0"/>
      </symbol>
      <symbol id="sm-499">
         <name>__stack</name>
         <value>0x400</value>
         <object_component_ref idref="oc-49"/>
      </symbol>
      <symbol id="sm-4a6">
         <name>__c28xabi_divf</name>
         <value>0x8825</value>
         <object_component_ref idref="oc-2f9"/>
      </symbol>
      <symbol id="sm-4b3">
         <name>_system_pre_init</name>
         <value>0x9656</value>
         <object_component_ref idref="oc-eb"/>
      </symbol>
      <symbol id="sm-4c2">
         <name>__TI_auto_init_nobinit_nopinit</name>
         <value>0x8fa9</value>
         <object_component_ref idref="oc-109"/>
      </symbol>
      <symbol id="sm-4d1">
         <name>__TI_zero_init_nomemset</name>
         <value>0x95ab</value>
         <object_component_ref idref="oc-54"/>
      </symbol>
      <symbol id="sm-4de">
         <name>__TI_decompress_none</name>
         <value>0x9617</value>
         <object_component_ref idref="oc-19"/>
      </symbol>
      <symbol id="sm-4f2">
         <name>__TI_decompress_lzss</name>
         <value>0x8f7b</value>
         <object_component_ref idref="oc-13"/>
      </symbol>
      <symbol id="sm-508">
         <name>C$$EXIT</name>
         <value>0x8fd4</value>
         <object_component_ref idref="oc-f8"/>
      </symbol>
      <symbol id="sm-509">
         <name>abort</name>
         <value>0x8fd4</value>
         <object_component_ref idref="oc-f8"/>
      </symbol>
      <symbol id="sm-50a">
         <name>exit</name>
         <value>0x8fd6</value>
         <object_component_ref idref="oc-f8"/>
      </symbol>
      <symbol id="sm-50b">
         <name>__TI_dtors_ptr</name>
         <value>0x839c</value>
         <object_component_ref idref="oc-141"/>
      </symbol>
      <symbol id="sm-50c">
         <name>__TI_cleanup_ptr</name>
         <value>0x839a</value>
         <object_component_ref idref="oc-141"/>
      </symbol>
      <symbol id="sm-50d">
         <name>__TI_enable_exit_profile_output</name>
         <value>0x8398</value>
         <object_component_ref idref="oc-141"/>
      </symbol>
      <symbol id="sm-524">
         <name>_nop</name>
         <value>0x9616</value>
         <object_component_ref idref="oc-188"/>
      </symbol>
      <symbol id="sm-525">
         <name>_lock</name>
         <value>0x839e</value>
         <object_component_ref idref="oc-144"/>
      </symbol>
      <symbol id="sm-526">
         <name>_unlock</name>
         <value>0x83a0</value>
         <object_component_ref idref="oc-1fc"/>
      </symbol>
      <symbol id="sm-527">
         <name>_register_lock</name>
         <value>0x9612</value>
         <object_component_ref idref="oc-188"/>
      </symbol>
      <symbol id="sm-528">
         <name>_register_unlock</name>
         <value>0x960e</value>
         <object_component_ref idref="oc-188"/>
      </symbol>
      <symbol id="sm-537">
         <name>_args_main</name>
         <value>0x95c4</value>
         <object_component_ref idref="oc-f2"/>
      </symbol>
      <symbol id="sm-54b">
         <name>memcpy</name>
         <value>0x91ef</value>
         <object_component_ref idref="oc-4c"/>
      </symbol>
      <symbol id="sm-558">
         <name>_system_post_cinit</name>
         <value>0x9658</value>
         <object_component_ref idref="oc-14f"/>
      </symbol>
      <symbol id="sm-55a">
         <name>__c_args__</name>
         <value>0x0</value>
      </symbol>
   </symbol_table>
   <title>Link successful</title>
</link_info>
