******************************************************************************
             TMS320C2000 Linker PC v22.6.2                     
******************************************************************************
>> Linked Wed Aug 27 14:09:29 2025

OUTPUT FILE NAME:   <Test_project.out>
ENTRY POINT SYMBOL: "code_start"  address: 00000000


MEMORY CONFIGURATION

         name            origin    length      used     unused   attr    fill
----------------------  --------  ---------  --------  --------  ----  --------
  BEGIN                 00000000   00000002  00000002  00000000  RWIX
  BOOT_RSVD             00000002   00000126  00000000  00000126  RWIX
  RAMM0                 00000128   000002d8  0000001e  000002ba  RWIX
  RAMM1                 00000400   000003f8  00000200  000001f8  RWIX
  RAMLS0                00008000   00002000  00001b8c  00000474  RWIX
  RAMLS1                0000a000   00001ff8  00000000  00001ff8  RWIX
  FLASH_BANK0_SEC_0_7   00080002   00001ffe  00000000  00001ffe  RWIX
  FLASH_BANK0_SEC_8_15  00082000   00002000  00000000  00002000  RWIX
  FLASH_BANK0_SEC_16_23 00084000   00002000  00000000  00002000  RWIX
  FLASH_BANK0_SEC_24_31 00086000   00002000  00000000  00002000  RWIX
  FLASH_BANK0_SEC_32_39 00088000   00002000  00000000  00002000  RWIX
  FLASH_BANK0_SEC_40_47 0008a000   00002000  00000000  00002000  RWIX
  FLASH_BANK0_SEC_48_55 0008c000   00002000  00000000  00002000  RWIX
  FLASH_BANK0_SEC_56_63 0008e000   00002000  00000000  00002000  RWIX
  FLASH_BANK0_SEC_64_71 00090000   00002000  00000000  00002000  RWIX
  FLASH_BANK0_SEC_72_79 00092000   00002000  00000000  00002000  RWIX
  FLASH_BANK0_SEC_80_87 00094000   00002000  00000000  00002000  RWIX
  FLASH_BANK0_SEC_88_95 00096000   00002000  00000000  00002000  RWIX
  FLASH_BANK0_SEC_96_10 00098000   00002000  00000000  00002000  RWIX
  FLASH_BANK0_SEC_104_1 0009a000   00002000  00000000  00002000  RWIX
  FLASH_BANK0_SEC_112_1 0009c000   00002000  00000000  00002000  RWIX
  FLASH_BANK0_SEC_120_1 0009e000   00001ff0  00000000  00001ff0  RWIX
  RESET                 003fffc0   00000002  00000000  00000002  RWIX


SECTION ALLOCATION MAP

 output                                  attributes/
section   page    origin      length       input sections
--------  ----  ----------  ----------   ----------------
codestart 
*          0    00000000    00000002     
                  00000000    00000002     f280013x_codestartbranch.obj (codestart)

.TI.ramfunc 
*          0    00000128    00000004     
                  00000128    00000004     driverlib.lib : sysctl.obj (.TI.ramfunc)

.cinit     0    0000012c    0000001a     
                  0000012c    00000008     (.cinit..data.load) [load image, compression = lzss]
                  00000134    00000006     (__TI_handler_table)
                  0000013a    00000004     (.cinit..bss.load) [load image, compression = zero_init]
                  0000013e    00000008     (__TI_cinit_table)

.reset     0    003fffc0    00000000     DSECT

.stack     0    00000400    00000200     UNINITIALIZED
                  00000400    00000200     --HOLE--

.bss       0    00008401    00000102     UNINITIALIZED
                  00008401    00000100     Test_Project_main.obj (.bss:myADC0Results)
                  00008501    00000002     Test_Project_main.obj (.bss)

.init_array 
*          0    00000128    00000000     UNINITIALIZED

.const     0    00008000    00000401     
                  00008000    000000fe     board.obj (.const:.string)
                  000080fe    000000d3     Test_Project_main.obj (.const:.string)
                  000081d1    00000001     --HOLE-- [fill = 0]
                  000081d2    0000009b     driverlib.lib : gpio.obj (.const:.string)
                  0000826d    00000001     --HOLE-- [fill = 0]
                  0000826e    0000009b                   : sysctl.obj (.const:.string)
                  00008309    00000001     --HOLE-- [fill = 0]
                  0000830a    00000098                   : sci.obj (.const:.string)
                  000083a2    0000004c                   : adc.obj (.const:.string)
                  000083ee    00000013     device.obj (.const:.string)

.data      0    00008504    0000000a     UNINITIALIZED
                  00008504    00000006     rts2800_fpu32_eabi.lib : exit.c.obj (.data)
                  0000850a    00000002                            : _lock.c.obj (.data:_lock)
                  0000850c    00000002                            : _lock.c.obj (.data:_unlock)

.text.1    0    00008503    00000001     
                  00008503    00000001     c2000ware_libraries.obj (.text:C2000Ware_libraries_init)

.text.2    0    0000850e    0000167e     
                  0000850e    00000141     driverlib.lib : sysctl.obj (.text:SysCtl_setClock)
                  0000864f    000000ee     board.obj (.text:EPWM_init)
                  0000873d    000000ea     driverlib.lib : sysctl.obj (.text:SysCtl_isPLLValid)
                  00008827    000000ac                   : gpio.obj (.text:GPIO_setAnalogMode)
                  000088d3    00000088     rts2800_fpu32_eabi.lib : fs_div28.asm.obj (.text)
                  0000895b    00000078     Test_Project_main.obj (.text:INT_myADC0_1_ISR)
                  000089d3    00000075     board.obj (.text:EPWM_setADCTriggerSource)
                  00008a48    00000073     driverlib.lib : sysctl.obj (.text:DCC_setCounterSeeds)
                  00008abb    0000006e     device.obj (.text:Device_enableAllPeripherals)
                  00008b29    00000065     driverlib.lib : sysctl.obj (.text:SysCtl_getClock)
                  00008b8e    00000052                   : gpio.obj (.text:GPIO_setPadConfig)
                  00008be0    0000004d     board.obj (.text:PinMux_init)
                  00008c2d    0000004c     driverlib.lib : adc.obj (.text:ADC_setOffsetTrimAll)
                  00008c79    00000048     device.obj (.text:Device_init)
                  00008cc1    00000048     board.obj (.text:myADC0_init)
                  00008d09    00000047     driverlib.lib : sysctl.obj (.text:SysCtl_selectOscSource)
                  00008d50    00000046     board.obj (.text:ADC_setupSOC)
                  00008d96    00000046     driverlib.lib : sysctl.obj (.text:SysCtl_selectXTAL)
                  00008ddc    00000045                   : sci.obj (.text:SCI_clearInterruptStatus)
                  00008e21    00000045                   : sysctl.obj (.text:SysCtl_pollX1Counter)
                  00008e66    00000044     Test_Project_main.obj (.text:GPIO_isPinValid)
                  00008eaa    00000044     driverlib.lib : gpio.obj (.text:GPIO_isPinValid)
                  00008eee    00000041                   : sci.obj (.text:SCI_writeCharArray)
                  00008f2f    00000040     board.obj (.text:EPWM_setActionQualifierAction)
                  00008f6f    0000003e     board.obj (.text:EPWM_setCounterCompareShadowLoadMode)
                  00008fad    0000003e     driverlib.lib : sci.obj (.text:SCI_setConfig)
                  00008feb    0000003d                   : interrupt.obj (.text:Interrupt_initModule)
                  00009028    0000003d     board.obj (.text:mySCI0_init)
                  00009065    0000003a     board.obj (.text:EPWM_setADCTriggerEventPrescale)
                  0000909f    0000003a     board.obj (.text:EPWM_setActionQualifierShadowLoadMode)
                  000090d9    00000037     driverlib.lib : gpio.obj (.text:GPIO_setPinConfig)
                  00009110    00000037                   : gpio.obj (.text:GPIO_setQualificationMode)
                  00009147    00000037                   : interrupt.obj (.text:Interrupt_enable)
                  0000917e    00000034     Test_Project_main.obj (.text:main)
                  000091b2    00000031     driverlib.lib : gpio.obj (.text:GPIO_setDirectionMode)
                  000091e3    0000002f     board.obj (.text:ADC_setInterruptSource)
                  00009212    0000002e     board.obj (.text:ADC_setInterruptSOCTrigger)
                  00009240    0000002e     rts2800_fpu32_eabi.lib : copy_decompress_lzss.c.obj (.text:decompress:lzss)
                  0000926e    0000002c     board.obj (.text:EPWM_setDeadBandDelayMode)
                  0000929a    0000002b     rts2800_fpu32_eabi.lib : autoinit.c.obj (.text:__TI_auto_init_nobinit_nopinit)
                  000092c5    00000029                            : exit.c.obj (.text)
                  000092ee    00000027     driverlib.lib : adc.obj (.text:ADC_setVREF)
                  00009315    00000027     board.obj (.text:EPWM_isBaseValid)
                  0000933c    00000027     Test_Project_main.obj (.text:GPIO_writePin)
                  00009363    00000026     board.obj (.text:SCI_setFIFOInterruptLevel)
                  00009389    00000025     driverlib.lib : sysctl.obj (.text:SysCtl_selectXTALSingleEnded)
                  000093ae    00000024                   : sysctl.obj (.text:DCC_enableSingleShotMode)
                  000093d2    00000024     board.obj (.text:EPWM_setDeadBandDelayPolarity)
                  000093f6    00000022     board.obj (.text:EPWM_setCounterCompareValue)
                  00009418    00000021     board.obj (.text:ADC_disableContinuousMode)
                  00009439    00000020     board.obj (.text:ADC_enableInterrupt)
                  00009459    00000020     driverlib.lib : sci.obj (.text:SCI_isFIFOEnabled)
                  00009479    0000001f     board.obj (.text:EPWM_setFallingEdgeDelayCountShadowLoadMode)
                  00009498    0000001f     board.obj (.text:EPWM_setRisingEdgeDelayCountShadowLoadMode)
                  000094b7    0000001e     driverlib.lib : sysctl.obj (.text:DCC_setCounter0ClkSource)
                  000094d5    0000001e                   : sysctl.obj (.text:DCC_setCounter1ClkSource)
                  000094f3    0000001e     board.obj (.text:EPWM_setPhaseShift)
                  00009511    0000001e     driverlib.lib : interrupt.obj (.text:Interrupt_initVectorTable)
                  0000952f    0000001d     Test_Project_main.obj (.text:ADC_getInterruptOverflowStatus)
                  0000954c    0000001d     board.obj (.text:EPWM_setFallingEdgeDelayCount)
                  00009569    0000001d     board.obj (.text:EPWM_setRisingEdgeDelayCount)
                  00009586    0000001d     board.obj (.text:SCI_enableFIFO)
                  000095a3    0000001d     rts2800_fpu32_eabi.lib : memcpy.c.obj (.text)
                  000095c0    0000001c     board.obj (.text:ADC_setSOCPriority)
                  000095dc    0000001c     board.obj (.text:EPWM_enableADCTrigger)
                  000095f8    0000001c     board.obj (.text:EPWM_setClockPrescaler)
                  00009614    0000001b     driverlib.lib : sysctl.obj (.text:SysCtl_setIntOSC2_Mode)
                  0000962f    0000001a     board.obj (.text:EPWM_disableActionQualifierShadowLoadMode)
                  00009649    0000001a     driverlib.lib : sci.obj (.text:SCI_isSpaceAvailableNonFIFO)
                  00009663    0000001a                   : sysctl.obj (.text:SysCtl_getLowSpeedClock)
                  0000967d    00000019                   : sysctl.obj (.text:SysCtl_setPLLSysClk)
                  00009696    00000018     board.obj (.text:ASysCtl_setAnalogReferenceExternal)
                  000096ae    00000018     board.obj (.text:EPWM_disableFallingEdgeDelayCountShadowLoadMode)
                  000096c6    00000018     board.obj (.text:EPWM_disableRisingEdgeDelayCountShadowLoadMode)
                  000096de    00000018     driverlib.lib : sci.obj (.text:SCI_disableModule)
                  000096f6    00000018     board.obj (.text:SCI_performSoftwareReset)
                  0000970e    00000018     driverlib.lib : sci.obj (.text:SCI_performSoftwareReset)
                  00009726    00000018     board.obj (.text:SCI_resetChannels)
                  0000973e    00000018     board.obj (.text:SCI_resetRxFIFO)
                  00009756    00000018     board.obj (.text:SCI_resetTxFIFO)
                  0000976e    00000018     Test_Project_main.obj (.text:SysCtl_disablePeripheral)
                  00009786    00000017     board.obj (.text:SCI_isBaseValid)
                  0000979d    00000017     driverlib.lib : sci.obj (.text:SCI_isBaseValid)
                  000097b4    00000017     Test_Project_main.obj (.text:SysCtl_enablePeripheral)
                  000097cb    00000017     device.obj (.text:SysCtl_enablePeripheral)
                  000097e2    00000017     driverlib.lib : sysctl.obj (.text:SysCtl_enablePeripheral)
                  000097f9    00000017     rts2800_fpu32_eabi.lib : boot28.asm.obj (.text)
                  00009810    00000016     Test_Project_main.obj (.text:ADC_readResult)
                  00009826    00000016     board.obj (.text:ADC_setInterruptPulseMode)
                  0000983c    00000016     board.obj (.text:ADC_setPrescaler)
                  00009852    00000016     driverlib.lib : sysctl.obj (.text:DCC_disableDoneSignal)
                  00009868    00000016                   : interrupt.obj (.text:Interrupt_defaultHandler)
                  0000987e    00000015     board.obj (.text:ADC_disableBurstMode)
                  00009893    00000015     driverlib.lib : sysctl.obj (.text:DCC_clearDoneFlag)
                  000098a8    00000015                   : sysctl.obj (.text:DCC_clearErrorFlag)
                  000098bd    00000015                   : sysctl.obj (.text:DCC_disableErrorSignal)
                  000098d2    00000015     device.obj (.text:GPIO_unlockPortConfig)
                  000098e7    00000014     Test_Project_main.obj (.text:ADC_clearInterruptOverflowStatus)
                  000098fb    00000014     Test_Project_main.obj (.text:ADC_clearInterruptStatus)
                  0000990f    00000014     board.obj (.text:ADC_clearInterruptStatus)
                  00009923    00000014     driverlib.lib : sysctl.obj (.text:DCC_disableModule)
                  00009937    00000014                   : sysctl.obj (.text:DCC_enableModule)
                  0000994b    00000014     board.obj (.text:EPWM_setTimeBaseCounterMode)
                  0000995f    00000014     board.obj (.text:EPWM_setTimeBasePeriod)
                  00009973    00000014     driverlib.lib : sci.obj (.text:SCI_getTxFIFOStatus)
                  00009987    00000013     board.obj (.text:ADC_enableConverter)
                  0000999a    00000013     Test_Project_main.obj (.text:ADC_isBaseValid)
                  000099ad    00000013     board.obj (.text:ADC_isBaseValid)
                  000099c0    00000013     driverlib.lib : adc.obj (.text:ADC_isBaseValid)
                  000099d3    00000013     board.obj (.text:Board_init)
                  000099e6    00000013     board.obj (.text:SCI_clearOverflowStatus)
                  000099f9    00000013     board.obj (.text:SCI_enableModule)
                  00009a0c    00000013     driverlib.lib : sci.obj (.text:SCI_enableModule)
                  00009a1f    00000012     board.obj (.text:EPWM_setTimeBaseCounter)
                  00009a31    00000012     board.obj (.text:SysCtl_setSyncOutputConfig)
                  00009a43    00000011     board.obj (.text:EPWM_disablePhaseShiftLoad)
                  00009a54    00000011     board.obj (.text:SCI_disableLoopback)
                  00009a65    00000010     driverlib.lib : sysctl.obj (.text:DCC_isBaseValid)
                  00009a75    00000010     device.obj (.text:Device_initGPIO)
                  00009a85    00000010     board.obj (.text:myGPIO0_init)
                  00009a95    0000000f     board.obj (.text:Interrupt_register)
                  00009aa4    0000000d     board.obj (.text:INTERRUPT_init)
                  00009ab1    0000000d     driverlib.lib : interrupt.obj (.text:Interrupt_disableGlobal)
                  00009abe    0000000d                   : interrupt.obj (.text:Interrupt_enableGlobal)
                  00009acb    0000000d     device.obj (.text:SysCtl_setLowSpeedClock)
                  00009ad8    0000000d     rts2800_fpu32_eabi.lib : copy_zero_init.c.obj (.text:decompress:ZI:__TI_zero_init_nomemset)
                  00009ae5    0000000c     board.obj (.text:SysCtl_enableExtADCSOCSource)
                  00009af1    0000000c     rts2800_fpu32_eabi.lib : args_main.c.obj (.text)
                  00009afd    0000000b     device.obj (.text:SysCtl_disableWatchdog)
                  00009b08    0000000b     driverlib.lib : sysctl.obj (.text:SysCtl_isMCDClockFailureDetected)
                  00009b13    0000000a                   : sysctl.obj (.text:ASysCtl_getExtROscStatus)
                  00009b1d    0000000a                   : interrupt.obj (.text:Interrupt_illegalOperationHandler)
                  00009b27    0000000a                   : interrupt.obj (.text:Interrupt_nmiHandler)
                  00009b31    0000000a     board.obj (.text:SYNC_init)
                  00009b3b    00000009     rts2800_fpu32_eabi.lib : _lock.c.obj (.text)
                  00009b44    00000008                            : copy_decompress_none.c.obj (.text:decompress:none)
                  00009b4c    00000008     f280013x_codestartbranch.obj (.text)
                  00009b54    00000007     board.obj (.text:ASysCtl_disableTemperatureSensor)
                  00009b5b    00000007     device.obj (.text:ASysCtl_lockVREG)
                  00009b62    00000007     driverlib.lib : sysctl.obj (.text:SysCtl_resetMCD)
                  00009b69    00000007     device.obj (.text:__error__)
                  00009b70    00000006     board.obj (.text:ASYSCTL_init)
                  00009b76    00000006     Test_Project_main.obj (.text:Interrupt_clearACKGroup)
                  00009b7c    00000004     device.obj (.text:SysCtl_deviceCal)
                  00009b80    00000003     board.obj (.text:ADC_init)
                  00009b83    00000003     board.obj (.text:GPIO_init)
                  00009b86    00000003     board.obj (.text:SCI_init)
                  00009b89    00000002     rts2800_fpu32_eabi.lib : pre_init.c.obj (.text)
                  00009b8b    00000001                            : startup.c.obj (.text)

MODULE SUMMARY

       Module                         code   ro data   rw data
       ------                         ----   -------   -------
    .\
       Test_Project_main.obj          442    211       258    
    +--+------------------------------+------+---------+---------+
       Total:                         442    211       258    
                                                              
    .\device\
       device.obj                     284    19        0      
       f280013x_codestartbranch.obj   10     0         0      
    +--+------------------------------+------+---------+---------+
       Total:                         294    19        0      
                                                              
    .\syscfg\
       board.obj                      2084   254       0      
       c2000ware_libraries.obj        1      0         0      
    +--+------------------------------+------+---------+---------+
       Total:                         2085   254       0      
                                                              
    C:/ti/C2000Ware_6_00_00_00/driverlib/f280013x/driverlib/ccs/Debug/driverlib.lib
       sysctl.obj                     1388   155       0      
       gpio.obj                       481    155       0      
       sci.obj                        364    152       0      
       interrupt.obj                  214    0         0      
       adc.obj                        134    76        0      
    +--+------------------------------+------+---------+---------+
       Total:                         2581   538       0      
                                                              
    C:\ti\ccs2020\ccs\tools\compiler\ti-cgt-c2000_22.6.2.LTS\lib\rts2800_fpu32_eabi.lib
       fs_div28.asm.obj               136    0         0      
       exit.c.obj                     41     0         6      
       copy_decompress_lzss.c.obj     46     0         0      
       autoinit.c.obj                 43     0         0      
       memcpy.c.obj                   29     0         0      
       boot28.asm.obj                 23     0         0      
       _lock.c.obj                    9      0         4      
       copy_zero_init.c.obj           13     0         0      
       args_main.c.obj                12     0         0      
       copy_decompress_none.c.obj     8      0         0      
       pre_init.c.obj                 2      0         0      
       startup.c.obj                  1      0         0      
    +--+------------------------------+------+---------+---------+
       Total:                         363    0         10     
                                                              
       Stack:                         0      0         512    
       Linker Generated:              0      26        0      
    +--+------------------------------+------+---------+---------+
       Grand Total:                   5765   1048      780    


LINKER GENERATED COPY TABLES

__TI_cinit_table @ 0000013e records: 2, size/record: 4, table size: 8
	.data: load addr=0000012c, load size=00000008 bytes, run addr=00008504, run size=0000000a bytes, compression=lzss
	.bss: load addr=0000013a, load size=00000004 bytes, run addr=00008401, run size=00000102 bytes, compression=zero_init


LINKER GENERATED HANDLER TABLE

__TI_handler_table @ 00000134 records: 3, size/record: 2, table size: 6
	index: 0, handler: __TI_zero_init
	index: 1, handler: __TI_decompress_lzss
	index: 2, handler: __TI_decompress_none


GLOBAL DATA SYMBOLS: SORTED BY DATA PAGE

address     data page           name
--------    ----------------    ----
00000400      10 (00000400)     __stack

00008401     210 (00008400)     myADC0Results

00008501     214 (00008500)     index
00008502     214 (00008500)     bufferFull
00008504     214 (00008500)     __TI_enable_exit_profile_output
00008506     214 (00008500)     __TI_cleanup_ptr
00008508     214 (00008500)     __TI_dtors_ptr
0000850a     214 (00008500)     _lock
0000850c     214 (00008500)     _unlock


GLOBAL SYMBOLS: SORTED ALPHABETICALLY BY Name 

page  address   name                             
----  -------   ----                             
0     00009b80  ADC_init                         
0     00008c2d  ADC_setOffsetTrimAll             
0     000092ee  ADC_setVREF                      
0     00009b70  ASYSCTL_init                     
0     000099d3  Board_init                       
0     000092c5  C$$EXIT                          
0     00008503  C2000Ware_libraries_init         
0     00008abb  Device_enableAllPeripherals      
0     00008c79  Device_init                      
0     00009a75  Device_initGPIO                  
0     0000864f  EPWM_init                        
0     00009b83  GPIO_init                        
0     00008827  GPIO_setAnalogMode               
0     000091b2  GPIO_setDirectionMode            
0     00008b8e  GPIO_setPadConfig                
0     000090d9  GPIO_setPinConfig                
0     00009110  GPIO_setQualificationMode        
0     00009aa4  INTERRUPT_init                   
0     0000895b  INT_myADC0_1_ISR                 
0     00009868  Interrupt_defaultHandler         
0     00009147  Interrupt_enable                 
0     00009b1d  Interrupt_illegalOperationHandler
0     00008feb  Interrupt_initModule             
0     00009511  Interrupt_initVectorTable        
0     00009b27  Interrupt_nmiHandler             
0     00008be0  PinMux_init                      
0     00008ddc  SCI_clearInterruptStatus         
0     00009b86  SCI_init                         
0     00008fad  SCI_setConfig                    
0     00008eee  SCI_writeCharArray               
0     00009b31  SYNC_init                        
0     00000128  SysCtl_delay                     
0     00008b29  SysCtl_getClock                  
0     00009663  SysCtl_getLowSpeedClock          
0     0000873d  SysCtl_isPLLValid                
0     00008d09  SysCtl_selectOscSource           
0     00008d96  SysCtl_selectXTAL                
0     00009389  SysCtl_selectXTALSingleEnded     
0     0000850e  SysCtl_setClock                  
0     0000013e  __TI_CINIT_Base                  
0     00000146  __TI_CINIT_Limit                 
0     00000146  __TI_CINIT_Warm                  
0     00000134  __TI_Handler_Table_Base          
0     0000013a  __TI_Handler_Table_Limit         
0     00000600  __TI_STACK_END                   
abs   00000200  __TI_STACK_SIZE                  
0     0000929a  __TI_auto_init_nobinit_nopinit   
0     00008506  __TI_cleanup_ptr                 
0     00009240  __TI_decompress_lzss             
0     00009b44  __TI_decompress_none             
0     00008508  __TI_dtors_ptr                   
0     00008504  __TI_enable_exit_profile_output  
abs   ffffffff  __TI_pprof_out_hndl              
abs   ffffffff  __TI_prof_data_size              
abs   ffffffff  __TI_prof_data_start             
0     00009ad8  __TI_zero_init_nomemset          
0     000088d3  __c28xabi_divf                   
n/a   UNDEFED   __c_args__                       
0     00009b69  __error__                        
0     00000400  __stack                          
0     00009af1  _args_main                       
0     000097f9  _c_int00                         
0     0000850a  _lock                            
0     00009b43  _nop                             
0     00009b3f  _register_lock                   
0     00009b3b  _register_unlock                 
0     00009b8b  _system_post_cinit               
0     00009b89  _system_pre_init                 
0     0000850c  _unlock                          
0     000092c5  abort                            
0     00008502  bufferFull                       
0     00000000  code_start                       
0     000092c7  exit                             
0     00008501  index                            
0     0000917e  main                             
0     000095a3  memcpy                           
0     00008401  myADC0Results                    
0     00008cc1  myADC0_init                      
0     00009a85  myGPIO0_init                     
0     00009028  mySCI0_init                      


GLOBAL SYMBOLS: SORTED BY Symbol Address 

page  address   name                             
----  -------   ----                             
0     00000000  code_start                       
0     00000128  SysCtl_delay                     
0     00000134  __TI_Handler_Table_Base          
0     0000013a  __TI_Handler_Table_Limit         
0     0000013e  __TI_CINIT_Base                  
0     00000146  __TI_CINIT_Limit                 
0     00000146  __TI_CINIT_Warm                  
0     00000400  __stack                          
0     00000600  __TI_STACK_END                   
0     00008401  myADC0Results                    
0     00008501  index                            
0     00008502  bufferFull                       
0     00008503  C2000Ware_libraries_init         
0     00008504  __TI_enable_exit_profile_output  
0     00008506  __TI_cleanup_ptr                 
0     00008508  __TI_dtors_ptr                   
0     0000850a  _lock                            
0     0000850c  _unlock                          
0     0000850e  SysCtl_setClock                  
0     0000864f  EPWM_init                        
0     0000873d  SysCtl_isPLLValid                
0     00008827  GPIO_setAnalogMode               
0     000088d3  __c28xabi_divf                   
0     0000895b  INT_myADC0_1_ISR                 
0     00008abb  Device_enableAllPeripherals      
0     00008b29  SysCtl_getClock                  
0     00008b8e  GPIO_setPadConfig                
0     00008be0  PinMux_init                      
0     00008c2d  ADC_setOffsetTrimAll             
0     00008c79  Device_init                      
0     00008cc1  myADC0_init                      
0     00008d09  SysCtl_selectOscSource           
0     00008d96  SysCtl_selectXTAL                
0     00008ddc  SCI_clearInterruptStatus         
0     00008eee  SCI_writeCharArray               
0     00008fad  SCI_setConfig                    
0     00008feb  Interrupt_initModule             
0     00009028  mySCI0_init                      
0     000090d9  GPIO_setPinConfig                
0     00009110  GPIO_setQualificationMode        
0     00009147  Interrupt_enable                 
0     0000917e  main                             
0     000091b2  GPIO_setDirectionMode            
0     00009240  __TI_decompress_lzss             
0     0000929a  __TI_auto_init_nobinit_nopinit   
0     000092c5  C$$EXIT                          
0     000092c5  abort                            
0     000092c7  exit                             
0     000092ee  ADC_setVREF                      
0     00009389  SysCtl_selectXTALSingleEnded     
0     00009511  Interrupt_initVectorTable        
0     000095a3  memcpy                           
0     00009663  SysCtl_getLowSpeedClock          
0     000097f9  _c_int00                         
0     00009868  Interrupt_defaultHandler         
0     000099d3  Board_init                       
0     00009a75  Device_initGPIO                  
0     00009a85  myGPIO0_init                     
0     00009aa4  INTERRUPT_init                   
0     00009ad8  __TI_zero_init_nomemset          
0     00009af1  _args_main                       
0     00009b1d  Interrupt_illegalOperationHandler
0     00009b27  Interrupt_nmiHandler             
0     00009b31  SYNC_init                        
0     00009b3b  _register_unlock                 
0     00009b3f  _register_lock                   
0     00009b43  _nop                             
0     00009b44  __TI_decompress_none             
0     00009b69  __error__                        
0     00009b70  ASYSCTL_init                     
0     00009b80  ADC_init                         
0     00009b83  GPIO_init                        
0     00009b86  SCI_init                         
0     00009b89  _system_pre_init                 
0     00009b8b  _system_post_cinit               
abs   00000200  __TI_STACK_SIZE                  
abs   ffffffff  __TI_pprof_out_hndl              
abs   ffffffff  __TI_prof_data_size              
abs   ffffffff  __TI_prof_data_start             
n/a   UNDEFED   __c_args__                       

[80 symbols]
