******************************************************************************
             TMS320C2000 Linker PC v22.6.2                     
******************************************************************************
>> Linked Mon Sep  1 08:07:02 2025

OUTPUT FILE NAME:   <Test Project.out>
ENTRY POINT SYMBOL: "code_start"  address: 00000000


MEMORY CONFIGURATION

         name            origin    length      used     unused   attr    fill
----------------------  --------  ---------  --------  --------  ----  --------
  BEGIN                 00000000   00000002  00000002  00000000  RWIX
  BOOT_RSVD             00000002   00000126  00000000  00000126  RWIX
  RAMM0                 00000128   000002d8  00000014  000002c4  RWIX
  RAMM1                 00000400   000003f8  00000200  000001f8  RWIX
  RAMLS0                00008000   00002000  00000a5b  000015a5  RWIX
  RAMLS1                0000a000   00001ff8  00000000  00001ff8  RWIX
  FLASH_BANK0_SEC_0_7   00080002   00001ffe  00000000  00001ffe  RWIX
  FLASH_BANK0_SEC_8_15  00082000   00002000  00000000  00002000  RWIX
  FLASH_BANK0_SEC_16_23 00084000   00002000  00000000  00002000  RWIX
  FLASH_BANK0_SEC_24_31 00086000   00002000  00000000  00002000  RWIX
  FLASH_BANK0_SEC_32_39 00088000   00002000  00000000  00002000  RWIX
  FLASH_BANK0_SEC_40_47 0008a000   00002000  00000000  00002000  RWIX
  FLASH_BANK0_SEC_48_55 0008c000   00002000  00000000  00002000  RWIX
  FLASH_BANK0_SEC_56_63 0008e000   00002000  00000000  00002000  RWIX
  FLASH_BANK0_SEC_64_71 00090000   00002000  00000000  00002000  RWIX
  FLASH_BANK0_SEC_72_79 00092000   00002000  00000000  00002000  RWIX
  FLASH_BANK0_SEC_80_87 00094000   00002000  00000000  00002000  RWIX
  FLASH_BANK0_SEC_88_95 00096000   00002000  00000000  00002000  RWIX
  FLASH_BANK0_SEC_96_10 00098000   00002000  00000000  00002000  RWIX
  FLASH_BANK0_SEC_104_1 0009a000   00002000  00000000  00002000  RWIX
  FLASH_BANK0_SEC_112_1 0009c000   00002000  00000000  00002000  RWIX
  FLASH_BANK0_SEC_120_1 0009e000   00001ff0  00000000  00001ff0  RWIX
  RESET                 003fffc0   00000002  00000000  00000002  RWIX


SECTION ALLOCATION MAP

 output                                  attributes/
section   page    origin      length       input sections
--------  ----  ----------  ----------   ----------------
codestart 
*          0    00000000    00000002     
                  00000000    00000002     f280013x_codestartbranch.obj (codestart)

.TI.ramfunc 
*          0    00000128    00000004     
                  00000128    00000004     driverlib.lib : sysctl.obj (.TI.ramfunc)

.cinit     0    0000012c    00000010     
                  0000012c    00000008     (.cinit..data.load) [load image, compression = lzss]
                  00000134    00000004     (__TI_handler_table)
                  00000138    00000004     (__TI_cinit_table)

.reset     0    003fffc0    00000000     DSECT

.stack     0    00000400    00000200     UNINITIALIZED
                  00000400    00000200     --HOLE--

.init_array 
*          0    00000128    00000000     UNINITIALIZED

.const     0    00008000    00000113     
                  00008000    0000007f     driverlib.lib : gpio.obj (.const:.string)
                  0000807f    00000001     --HOLE-- [fill = 0]
                  00008080    0000007f                   : sysctl.obj (.const:.string)
                  000080ff    00000001     --HOLE-- [fill = 0]
                  00008100    00000013     device.obj (.const:.string)

.data      0    00008114    0000000a     UNINITIALIZED
                  00008114    00000006     rts2800_fpu32_eabi.lib : exit.c.obj (.data)
                  0000811a    00000002                            : _lock.c.obj (.data:_lock)
                  0000811c    00000002                            : _lock.c.obj (.data:_unlock)

.text.1    0    00008113    00000001     
                  00008113    00000001     c2000ware_libraries.obj (.text:C2000Ware_libraries_init)

.text.2    0    0000811e    0000093d     
                  0000811e    00000141     driverlib.lib : sysctl.obj (.text:SysCtl_setClock)
                  0000825f    000000ea                   : sysctl.obj (.text:SysCtl_isPLLValid)
                  00008349    000000ac                   : gpio.obj (.text:GPIO_setAnalogMode)
                  000083f5    00000088     rts2800_fpu32_eabi.lib : fs_div28.asm.obj (.text)
                  0000847d    00000073     driverlib.lib : sysctl.obj (.text:DCC_setCounterSeeds)
                  000084f0    0000006e     device.obj (.text:Device_enableAllPeripherals)
                  0000855e    00000065     driverlib.lib : sysctl.obj (.text:SysCtl_getClock)
                  000085c3    00000048     device.obj (.text:Device_init)
                  0000860b    00000047     driverlib.lib : sysctl.obj (.text:SysCtl_selectOscSource)
                  00008652    00000046                   : sysctl.obj (.text:SysCtl_selectXTAL)
                  00008698    00000045                   : sysctl.obj (.text:SysCtl_pollX1Counter)
                  000086dd    0000003d                   : interrupt.obj (.text:Interrupt_initModule)
                  0000871a    0000002e     rts2800_fpu32_eabi.lib : copy_decompress_lzss.c.obj (.text:decompress:lzss)
                  00008748    0000002b                            : autoinit.c.obj (.text:__TI_auto_init_nobinit_nopinit)
                  00008773    00000029                            : exit.c.obj (.text)
                  0000879c    00000025     driverlib.lib : sysctl.obj (.text:SysCtl_selectXTALSingleEnded)
                  000087c1    00000024                   : sysctl.obj (.text:DCC_enableSingleShotMode)
                  000087e5    0000001e                   : sysctl.obj (.text:DCC_setCounter0ClkSource)
                  00008803    0000001e                   : sysctl.obj (.text:DCC_setCounter1ClkSource)
                  00008821    0000001e                   : interrupt.obj (.text:Interrupt_initVectorTable)
                  0000883f    0000001d     rts2800_fpu32_eabi.lib : memcpy.c.obj (.text)
                  0000885c    0000001b     driverlib.lib : sysctl.obj (.text:SysCtl_setIntOSC2_Mode)
                  00008877    0000001a                   : sysctl.obj (.text:SysCtl_getLowSpeedClock)
                  00008891    00000019                   : sysctl.obj (.text:SysCtl_setPLLSysClk)
                  000088aa    00000017     device.obj (.text:SysCtl_enablePeripheral)
                  000088c1    00000017     driverlib.lib : sysctl.obj (.text:SysCtl_enablePeripheral)
                  000088d8    00000017     rts2800_fpu32_eabi.lib : boot28.asm.obj (.text)
                  000088ef    00000016     driverlib.lib : sysctl.obj (.text:DCC_disableDoneSignal)
                  00008905    00000016                   : interrupt.obj (.text:Interrupt_defaultHandler)
                  0000891b    00000015                   : sysctl.obj (.text:DCC_clearDoneFlag)
                  00008930    00000015                   : sysctl.obj (.text:DCC_clearErrorFlag)
                  00008945    00000015                   : sysctl.obj (.text:DCC_disableErrorSignal)
                  0000895a    00000015     device.obj (.text:GPIO_unlockPortConfig)
                  0000896f    00000014     driverlib.lib : sysctl.obj (.text:DCC_disableModule)
                  00008983    00000014                   : sysctl.obj (.text:DCC_enableModule)
                  00008997    00000010                   : sysctl.obj (.text:DCC_isBaseValid)
                  000089a7    00000010     device.obj (.text:Device_initGPIO)
                  000089b7    0000000f     test_main.obj (.text:main)
                  000089c6    0000000d     driverlib.lib : interrupt.obj (.text:Interrupt_disableGlobal)
                  000089d3    0000000d     device.obj (.text:SysCtl_setLowSpeedClock)
                  000089e0    0000000c     rts2800_fpu32_eabi.lib : args_main.c.obj (.text)
                  000089ec    0000000b     device.obj (.text:SysCtl_disableWatchdog)
                  000089f7    0000000b     driverlib.lib : sysctl.obj (.text:SysCtl_isMCDClockFailureDetected)
                  00008a02    0000000a                   : sysctl.obj (.text:ASysCtl_getExtROscStatus)
                  00008a0c    0000000a                   : interrupt.obj (.text:Interrupt_illegalOperationHandler)
                  00008a16    0000000a                   : interrupt.obj (.text:Interrupt_nmiHandler)
                  00008a20    00000009     rts2800_fpu32_eabi.lib : _lock.c.obj (.text)
                  00008a29    00000008                            : copy_decompress_none.c.obj (.text:decompress:none)
                  00008a31    00000008     f280013x_codestartbranch.obj (.text)
                  00008a39    00000007     device.obj (.text:ASysCtl_lockVREG)
                  00008a40    00000007     driverlib.lib : sysctl.obj (.text:SysCtl_resetMCD)
                  00008a47    00000007     device.obj (.text:__error__)
                  00008a4e    00000005     board.obj (.text:Board_init)
                  00008a53    00000004     device.obj (.text:SysCtl_deviceCal)
                  00008a57    00000002     rts2800_fpu32_eabi.lib : pre_init.c.obj (.text)
                  00008a59    00000001     board.obj (.text:PinMux_init)
                  00008a5a    00000001     rts2800_fpu32_eabi.lib : startup.c.obj (.text)

MODULE SUMMARY

       Module                         code   ro data   rw data
       ------                         ----   -------   -------
    .\
       test_main.obj                  15     0         0      
    +--+------------------------------+------+---------+---------+
       Total:                         15     0         0      
                                                              
    .\device\
       device.obj                     284    19        0      
       f280013x_codestartbranch.obj   10     0         0      
    +--+------------------------------+------+---------+---------+
       Total:                         294    19        0      
                                                              
    .\syscfg\
       board.obj                      6      0         0      
       c2000ware_libraries.obj        1      0         0      
    +--+------------------------------+------+---------+---------+
       Total:                         7      0         0      
                                                              
    C:/ti/C2000Ware_5_05_00_00/driverlib/f280013x/driverlib/ccs/Debug/driverlib.lib
       sysctl.obj                     1388   127       0      
       gpio.obj                       172    127       0      
       interrupt.obj                  146    0         0      
    +--+------------------------------+------+---------+---------+
       Total:                         1706   254       0      
                                                              
    C:\ti\ccs2020\ccs\tools\compiler\ti-cgt-c2000_22.6.2.LTS\lib\rts2800_fpu32_eabi.lib
       fs_div28.asm.obj               136    0         0      
       exit.c.obj                     41     0         6      
       copy_decompress_lzss.c.obj     46     0         0      
       autoinit.c.obj                 43     0         0      
       memcpy.c.obj                   29     0         0      
       boot28.asm.obj                 23     0         0      
       _lock.c.obj                    9      0         4      
       args_main.c.obj                12     0         0      
       copy_decompress_none.c.obj     8      0         0      
       pre_init.c.obj                 2      0         0      
       startup.c.obj                  1      0         0      
    +--+------------------------------+------+---------+---------+
       Total:                         350    0         10     
                                                              
       Stack:                         0      0         512    
       Linker Generated:              0      16        0      
    +--+------------------------------+------+---------+---------+
       Grand Total:                   2372   289       522    


LINKER GENERATED COPY TABLES

__TI_cinit_table @ 00000138 records: 1, size/record: 4, table size: 4
	.data: load addr=0000012c, load size=00000008 bytes, run addr=00008114, run size=0000000a bytes, compression=lzss


LINKER GENERATED HANDLER TABLE

__TI_handler_table @ 00000134 records: 2, size/record: 2, table size: 4
	index: 0, handler: __TI_decompress_lzss
	index: 1, handler: __TI_decompress_none


GLOBAL DATA SYMBOLS: SORTED BY DATA PAGE

address     data page           name
--------    ----------------    ----
00000400      10 (00000400)     __stack

00008114     204 (00008100)     __TI_enable_exit_profile_output
00008116     204 (00008100)     __TI_cleanup_ptr
00008118     204 (00008100)     __TI_dtors_ptr
0000811a     204 (00008100)     _lock
0000811c     204 (00008100)     _unlock


GLOBAL SYMBOLS: SORTED ALPHABETICALLY BY Name 

page  address   name                             
----  -------   ----                             
0     00008a4e  Board_init                       
0     00008773  C$$EXIT                          
0     00008113  C2000Ware_libraries_init         
0     000084f0  Device_enableAllPeripherals      
0     000085c3  Device_init                      
0     000089a7  Device_initGPIO                  
0     00008349  GPIO_setAnalogMode               
0     00008905  Interrupt_defaultHandler         
0     00008a0c  Interrupt_illegalOperationHandler
0     000086dd  Interrupt_initModule             
0     00008821  Interrupt_initVectorTable        
0     00008a16  Interrupt_nmiHandler             
0     00008a59  PinMux_init                      
0     00000128  SysCtl_delay                     
0     0000855e  SysCtl_getClock                  
0     00008877  SysCtl_getLowSpeedClock          
0     0000825f  SysCtl_isPLLValid                
0     0000860b  SysCtl_selectOscSource           
0     00008652  SysCtl_selectXTAL                
0     0000879c  SysCtl_selectXTALSingleEnded     
0     0000811e  SysCtl_setClock                  
0     00000138  __TI_CINIT_Base                  
0     0000013c  __TI_CINIT_Limit                 
0     0000013c  __TI_CINIT_Warm                  
0     00000134  __TI_Handler_Table_Base          
0     00000138  __TI_Handler_Table_Limit         
0     00000600  __TI_STACK_END                   
abs   00000200  __TI_STACK_SIZE                  
0     00008748  __TI_auto_init_nobinit_nopinit   
0     00008116  __TI_cleanup_ptr                 
0     0000871a  __TI_decompress_lzss             
0     00008a29  __TI_decompress_none             
0     00008118  __TI_dtors_ptr                   
0     00008114  __TI_enable_exit_profile_output  
abs   ffffffff  __TI_pprof_out_hndl              
abs   ffffffff  __TI_prof_data_size              
abs   ffffffff  __TI_prof_data_start             
0     000083f5  __c28xabi_divf                   
n/a   UNDEFED   __c_args__                       
0     00008a47  __error__                        
0     00000400  __stack                          
0     000089e0  _args_main                       
0     000088d8  _c_int00                         
0     0000811a  _lock                            
0     00008a28  _nop                             
0     00008a24  _register_lock                   
0     00008a20  _register_unlock                 
0     00008a5a  _system_post_cinit               
0     00008a57  _system_pre_init                 
0     0000811c  _unlock                          
0     00008773  abort                            
0     00000000  code_start                       
0     00008775  exit                             
0     000089b7  main                             
0     0000883f  memcpy                           


GLOBAL SYMBOLS: SORTED BY Symbol Address 

page  address   name                             
----  -------   ----                             
0     00000000  code_start                       
0     00000128  SysCtl_delay                     
0     00000134  __TI_Handler_Table_Base          
0     00000138  __TI_CINIT_Base                  
0     00000138  __TI_Handler_Table_Limit         
0     0000013c  __TI_CINIT_Limit                 
0     0000013c  __TI_CINIT_Warm                  
0     00000400  __stack                          
0     00000600  __TI_STACK_END                   
0     00008113  C2000Ware_libraries_init         
0     00008114  __TI_enable_exit_profile_output  
0     00008116  __TI_cleanup_ptr                 
0     00008118  __TI_dtors_ptr                   
0     0000811a  _lock                            
0     0000811c  _unlock                          
0     0000811e  SysCtl_setClock                  
0     0000825f  SysCtl_isPLLValid                
0     00008349  GPIO_setAnalogMode               
0     000083f5  __c28xabi_divf                   
0     000084f0  Device_enableAllPeripherals      
0     0000855e  SysCtl_getClock                  
0     000085c3  Device_init                      
0     0000860b  SysCtl_selectOscSource           
0     00008652  SysCtl_selectXTAL                
0     000086dd  Interrupt_initModule             
0     0000871a  __TI_decompress_lzss             
0     00008748  __TI_auto_init_nobinit_nopinit   
0     00008773  C$$EXIT                          
0     00008773  abort                            
0     00008775  exit                             
0     0000879c  SysCtl_selectXTALSingleEnded     
0     00008821  Interrupt_initVectorTable        
0     0000883f  memcpy                           
0     00008877  SysCtl_getLowSpeedClock          
0     000088d8  _c_int00                         
0     00008905  Interrupt_defaultHandler         
0     000089a7  Device_initGPIO                  
0     000089b7  main                             
0     000089e0  _args_main                       
0     00008a0c  Interrupt_illegalOperationHandler
0     00008a16  Interrupt_nmiHandler             
0     00008a20  _register_unlock                 
0     00008a24  _register_lock                   
0     00008a28  _nop                             
0     00008a29  __TI_decompress_none             
0     00008a47  __error__                        
0     00008a4e  Board_init                       
0     00008a57  _system_pre_init                 
0     00008a59  PinMux_init                      
0     00008a5a  _system_post_cinit               
abs   00000200  __TI_STACK_SIZE                  
abs   ffffffff  __TI_pprof_out_hndl              
abs   ffffffff  __TI_prof_data_size              
abs   ffffffff  __TI_prof_data_start             
n/a   UNDEFED   __c_args__                       

[55 symbols]
