******************************************************************************
             TMS320C2000 Linker PC v22.6.2                     
******************************************************************************
>> Linked Fri Aug 22 10:13:49 2025

OUTPUT FILE NAME:   <adc_ex2_soc_epwm.out>
ENTRY POINT SYMBOL: "code_start"  address: 00000000


MEMORY CONFIGURATION

         name            origin    length      used     unused   attr    fill
----------------------  --------  ---------  --------  --------  ----  --------
  BEGIN                 00000000   00000002  00000002  00000000  RWIX
  BOOT_RSVD             00000002   00000126  00000000  00000126  RWIX
  RAMM0                 00000128   000002d8  0000001e  000002ba  RWIX
  RAMM1                 00000400   000003f8  00000200  000001f8  RWIX
  RAMLS0                00008000   00002000  0000136b  00000c95  RWIX
  RAMLS1                0000a000   00001ff8  00000000  00001ff8  RWIX
  FLASH_BANK0_SEC_0_7   00080002   00001ffe  00000000  00001ffe  RWIX
  FLASH_BANK0_SEC_8_15  00082000   00002000  00000000  00002000  RWIX
  FLASH_BANK0_SEC_16_23 00084000   00002000  00000000  00002000  RWIX
  FLASH_BANK0_SEC_24_31 00086000   00002000  00000000  00002000  RWIX
  FLASH_BANK0_SEC_32_39 00088000   00002000  00000000  00002000  RWIX
  FLASH_BANK0_SEC_40_47 0008a000   00002000  00000000  00002000  RWIX
  FLASH_BANK0_SEC_48_55 0008c000   00002000  00000000  00002000  RWIX
  FLASH_BANK0_SEC_56_63 0008e000   00002000  00000000  00002000  RWIX
  FLASH_BANK0_SEC_64_71 00090000   00002000  00000000  00002000  RWIX
  FLASH_BANK0_SEC_72_79 00092000   00002000  00000000  00002000  RWIX
  FLASH_BANK0_SEC_80_87 00094000   00002000  00000000  00002000  RWIX
  FLASH_BANK0_SEC_88_95 00096000   00002000  00000000  00002000  RWIX
  FLASH_BANK0_SEC_96_10 00098000   00002000  00000000  00002000  RWIX
  FLASH_BANK0_SEC_104_1 0009a000   00002000  00000000  00002000  RWIX
  FLASH_BANK0_SEC_112_1 0009c000   00002000  00000000  00002000  RWIX
  FLASH_BANK0_SEC_120_1 0009e000   00001ff0  00000000  00001ff0  RWIX
  RESET                 003fffc0   00000002  00000000  00000002  RWIX


SECTION ALLOCATION MAP

 output                                  attributes/
section   page    origin      length       input sections
--------  ----  ----------  ----------   ----------------
codestart 
*          0    00000000    00000002     
                  00000000    00000002     f280013x_codestartbranch.obj (codestart)

.TI.ramfunc 
*          0    00000128    00000004     
                  00000128    00000004     driverlib.lib : sysctl.obj (.TI.ramfunc)

.cinit     0    0000012c    0000001a     
                  0000012c    00000008     (.cinit..data.load) [load image, compression = lzss]
                  00000134    00000006     (__TI_handler_table)
                  0000013a    00000004     (.cinit..bss.load) [load image, compression = zero_init]
                  0000013e    00000008     (__TI_cinit_table)

.reset     0    003fffc0    00000000     DSECT

.stack     0    00000400    00000200     UNINITIALIZED
                  00000400    00000200     --HOLE--

.bss       0    00008295    00000102     UNINITIALIZED
                  00008295    00000100     adc_ex2_soc_epwm.obj (.bss:myADC0Results)
                  00008395    00000002     adc_ex2_soc_epwm.obj (.bss)

.init_array 
*          0    00000128    00000000     UNINITIALIZED

.const     0    00008000    00000295     
                  00008000    0000009b     driverlib.lib : gpio.obj (.const:.string)
                  0000809b    00000001     --HOLE-- [fill = 0]
                  0000809c    0000009b                   : sysctl.obj (.const:.string)
                  00008137    00000001     --HOLE-- [fill = 0]
                  00008138    00000080     board.obj (.const:.string)
                  000081b8    0000007d     adc_ex2_soc_epwm.obj (.const:.string)
                  00008235    00000001     --HOLE-- [fill = 0]
                  00008236    0000004c     driverlib.lib : adc.obj (.const:.string)
                  00008282    00000013     device.obj (.const:.string)

.data      0    00008398    0000000a     UNINITIALIZED
                  00008398    00000006     rts2800_fpu32_eabi.lib : exit.c.obj (.data)
                  0000839e    00000002                            : _lock.c.obj (.data:_lock)
                  000083a0    00000002                            : _lock.c.obj (.data:_unlock)

.text.1    0    00008397    00000001     
                  00008397    00000001     rts2800_fpu32_eabi.lib : startup.c.obj (.text)

.text.2    0    000083a2    00000fc9     
                  000083a2    00000141     driverlib.lib : sysctl.obj (.text:SysCtl_setClock)
                  000084e3    000000ea                   : sysctl.obj (.text:SysCtl_isPLLValid)
                  000085cd    000000be     board.obj (.text:PinMux_init)
                  0000868b    000000ac     driverlib.lib : gpio.obj (.text:GPIO_setAnalogMode)
                  00008737    00000088     rts2800_fpu32_eabi.lib : fs_div28.asm.obj (.text)
                  000087bf    00000075     adc_ex2_soc_epwm.obj (.text:EPWM_setADCTriggerSource)
                  00008834    00000073     driverlib.lib : sysctl.obj (.text:DCC_setCounterSeeds)
                  000088a7    0000006e     device.obj (.text:Device_enableAllPeripherals)
                  00008915    00000065     driverlib.lib : sysctl.obj (.text:SysCtl_getClock)
                  0000897a    00000058     adc_ex2_soc_epwm.obj (.text:adcA1ISR)
                  000089d2    0000004c     driverlib.lib : adc.obj (.text:ADC_setOffsetTrimAll)
                  00008a1e    00000049     board.obj (.text:myADC0_init)
                  00008a67    00000048     device.obj (.text:Device_init)
                  00008aaf    00000047     driverlib.lib : sysctl.obj (.text:SysCtl_selectOscSource)
                  00008af6    00000046     board.obj (.text:ADC_setupSOC)
                  00008b3c    00000046     driverlib.lib : sysctl.obj (.text:SysCtl_selectXTAL)
                  00008b82    00000045                   : sysctl.obj (.text:SysCtl_pollX1Counter)
                  00008bc7    0000003d                   : interrupt.obj (.text:Interrupt_initModule)
                  00008c04    0000003c     adc_ex2_soc_epwm.obj (.text:main)
                  00008c40    0000003a     adc_ex2_soc_epwm.obj (.text:EPWM_setADCTriggerEventPrescale)
                  00008c7a    00000037     driverlib.lib : gpio.obj (.text:GPIO_setPinConfig)
                  00008cb1    00000037                   : interrupt.obj (.text:Interrupt_enable)
                  00008ce8    0000002f     board.obj (.text:ADC_setInterruptSource)
                  00008d17    0000002e     board.obj (.text:ADC_setInterruptSOCTrigger)
                  00008d45    0000002e     rts2800_fpu32_eabi.lib : copy_decompress_lzss.c.obj (.text:decompress:lzss)
                  00008d73    0000002b                            : autoinit.c.obj (.text:__TI_auto_init_nobinit_nopinit)
                  00008d9e    0000002a     adc_ex2_soc_epwm.obj (.text:initEPWM)
                  00008dc8    00000029     rts2800_fpu32_eabi.lib : exit.c.obj (.text)
                  00008df1    00000027     driverlib.lib : adc.obj (.text:ADC_setVREF)
                  00008e18    00000027     adc_ex2_soc_epwm.obj (.text:EPWM_isBaseValid)
                  00008e3f    00000025     driverlib.lib : sysctl.obj (.text:SysCtl_selectXTALSingleEnded)
                  00008e64    00000024                   : sysctl.obj (.text:DCC_enableSingleShotMode)
                  00008e88    00000022     adc_ex2_soc_epwm.obj (.text:EPWM_setCounterCompareValue)
                  00008eaa    00000021     board.obj (.text:ADC_disableContinuousMode)
                  00008ecb    00000020     board.obj (.text:ADC_enableInterrupt)
                  00008eeb    0000001e     driverlib.lib : sysctl.obj (.text:DCC_setCounter0ClkSource)
                  00008f09    0000001e                   : sysctl.obj (.text:DCC_setCounter1ClkSource)
                  00008f27    0000001e                   : interrupt.obj (.text:Interrupt_initVectorTable)
                  00008f45    0000001d     adc_ex2_soc_epwm.obj (.text:ADC_getInterruptOverflowStatus)
                  00008f62    0000001d     rts2800_fpu32_eabi.lib : memcpy.c.obj (.text)
                  00008f7f    0000001c     board.obj (.text:ADC_setSOCPriority)
                  00008f9b    0000001c     adc_ex2_soc_epwm.obj (.text:EPWM_disableADCTrigger)
                  00008fb7    0000001c     adc_ex2_soc_epwm.obj (.text:EPWM_enableADCTrigger)
                  00008fd3    0000001c     adc_ex2_soc_epwm.obj (.text:EPWM_setClockPrescaler)
                  00008fef    0000001b     driverlib.lib : sysctl.obj (.text:SysCtl_setIntOSC2_Mode)
                  0000900a    0000001a     board.obj (.text:ASysCtl_setAnalogReference1P65)
                  00009024    0000001a     driverlib.lib : sysctl.obj (.text:SysCtl_getLowSpeedClock)
                  0000903e    00000019                   : sysctl.obj (.text:SysCtl_setPLLSysClk)
                  00009057    00000018     board.obj (.text:ASysCtl_setAnalogReferenceInternal)
                  0000906f    00000017     device.obj (.text:SysCtl_enablePeripheral)
                  00009086    00000017     driverlib.lib : sysctl.obj (.text:SysCtl_enablePeripheral)
                  0000909d    00000017     rts2800_fpu32_eabi.lib : boot28.asm.obj (.text)
                  000090b4    00000016     adc_ex2_soc_epwm.obj (.text:ADC_readResult)
                  000090ca    00000016     board.obj (.text:ADC_setInterruptPulseMode)
                  000090e0    00000016     board.obj (.text:ADC_setPrescaler)
                  000090f6    00000016     driverlib.lib : sysctl.obj (.text:DCC_disableDoneSignal)
                  0000910c    00000016                   : interrupt.obj (.text:Interrupt_defaultHandler)
                  00009122    00000015     board.obj (.text:ADC_disableBurstMode)
                  00009137    00000015     driverlib.lib : sysctl.obj (.text:DCC_clearDoneFlag)
                  0000914c    00000015                   : sysctl.obj (.text:DCC_clearErrorFlag)
                  00009161    00000015                   : sysctl.obj (.text:DCC_disableErrorSignal)
                  00009176    00000015     device.obj (.text:GPIO_unlockPortConfig)
                  0000918b    00000014     adc_ex2_soc_epwm.obj (.text:ADC_clearInterruptOverflowStatus)
                  0000919f    00000014     adc_ex2_soc_epwm.obj (.text:ADC_clearInterruptStatus)
                  000091b3    00000014     board.obj (.text:ADC_clearInterruptStatus)
                  000091c7    00000014     driverlib.lib : sysctl.obj (.text:DCC_disableModule)
                  000091db    00000014                   : sysctl.obj (.text:DCC_enableModule)
                  000091ef    00000014     adc_ex2_soc_epwm.obj (.text:EPWM_setTimeBaseCounterMode)
                  00009203    00000014     adc_ex2_soc_epwm.obj (.text:EPWM_setTimeBasePeriod)
                  00009217    00000013     board.obj (.text:ADC_enableConverter)
                  0000922a    00000013     adc_ex2_soc_epwm.obj (.text:ADC_isBaseValid)
                  0000923d    00000013     board.obj (.text:ADC_isBaseValid)
                  00009250    00000013     driverlib.lib : adc.obj (.text:ADC_isBaseValid)
                  00009263    00000010                   : sysctl.obj (.text:DCC_isBaseValid)
                  00009273    00000010     device.obj (.text:Device_initGPIO)
                  00009283    0000000f     board.obj (.text:Interrupt_register)
                  00009292    0000000d     board.obj (.text:INTERRUPT_init)
                  0000929f    0000000d     driverlib.lib : interrupt.obj (.text:Interrupt_disableGlobal)
                  000092ac    0000000d                   : interrupt.obj (.text:Interrupt_enableGlobal)
                  000092b9    0000000d     device.obj (.text:SysCtl_setLowSpeedClock)
                  000092c6    0000000d     rts2800_fpu32_eabi.lib : copy_zero_init.c.obj (.text:decompress:ZI:__TI_zero_init_nomemset)
                  000092d3    0000000c                            : args_main.c.obj (.text)
                  000092df    0000000b     board.obj (.text:Board_init)
                  000092ea    0000000b     device.obj (.text:SysCtl_disableWatchdog)
                  000092f5    0000000b     driverlib.lib : sysctl.obj (.text:SysCtl_isMCDClockFailureDetected)
                  00009300    0000000a                   : sysctl.obj (.text:ASysCtl_getExtROscStatus)
                  0000930a    0000000a                   : interrupt.obj (.text:Interrupt_illegalOperationHandler)
                  00009314    0000000a                   : interrupt.obj (.text:Interrupt_nmiHandler)
                  0000931e    00000009     board.obj (.text:ASYSCTL_init)
                  00009327    00000009     rts2800_fpu32_eabi.lib : _lock.c.obj (.text)
                  00009330    00000008                            : copy_decompress_none.c.obj (.text:decompress:none)
                  00009338    00000008     f280013x_codestartbranch.obj (.text)
                  00009340    00000007     board.obj (.text:ASysCtl_disableTemperatureSensor)
                  00009347    00000007     device.obj (.text:ASysCtl_lockVREG)
                  0000934e    00000007     driverlib.lib : sysctl.obj (.text:SysCtl_resetMCD)
                  00009355    00000007     device.obj (.text:__error__)
                  0000935c    00000006     adc_ex2_soc_epwm.obj (.text:Interrupt_clearACKGroup)
                  00009362    00000004     device.obj (.text:SysCtl_deviceCal)
                  00009366    00000003     board.obj (.text:ADC_init)
                  00009369    00000002     rts2800_fpu32_eabi.lib : pre_init.c.obj (.text)

MODULE SUMMARY

       Module                         code   ro data   rw data
       ------                         ----   -------   -------
    .\
       adc_ex2_soc_epwm.obj           678    125       258    
    +--+------------------------------+------+---------+---------+
       Total:                         678    125       258    
                                                              
    .\device\
       device.obj                     284    19        0      
       f280013x_codestartbranch.obj   10     0         0      
    +--+------------------------------+------+---------+---------+
       Total:                         294    19        0      
                                                              
    .\syscfg\
       board.obj                      750    128       0      
    +--+------------------------------+------+---------+---------+
       Total:                         750    128       0      
                                                              
    C:/ti/C2000Ware_6_00_00_00/driverlib/f280013x/driverlib/ccs/Debug/driverlib.lib
       sysctl.obj                     1388   155       0      
       gpio.obj                       227    155       0      
       interrupt.obj                  214    0         0      
       adc.obj                        134    76        0      
    +--+------------------------------+------+---------+---------+
       Total:                         1963   386       0      
                                                              
    C:\ti\ccs2020\ccs\tools\compiler\ti-cgt-c2000_22.6.2.LTS\lib\rts2800_fpu32_eabi.lib
       fs_div28.asm.obj               136    0         0      
       exit.c.obj                     41     0         6      
       copy_decompress_lzss.c.obj     46     0         0      
       autoinit.c.obj                 43     0         0      
       memcpy.c.obj                   29     0         0      
       boot28.asm.obj                 23     0         0      
       _lock.c.obj                    9      0         4      
       copy_zero_init.c.obj           13     0         0      
       args_main.c.obj                12     0         0      
       copy_decompress_none.c.obj     8      0         0      
       pre_init.c.obj                 2      0         0      
       startup.c.obj                  1      0         0      
    +--+------------------------------+------+---------+---------+
       Total:                         363    0         10     
                                                              
       Stack:                         0      0         512    
       Linker Generated:              0      26        0      
    +--+------------------------------+------+---------+---------+
       Grand Total:                   4048   684       780    


LINKER GENERATED COPY TABLES

__TI_cinit_table @ 0000013e records: 2, size/record: 4, table size: 8
	.data: load addr=0000012c, load size=00000008 bytes, run addr=00008398, run size=0000000a bytes, compression=lzss
	.bss: load addr=0000013a, load size=00000004 bytes, run addr=00008295, run size=00000102 bytes, compression=zero_init


LINKER GENERATED HANDLER TABLE

__TI_handler_table @ 00000134 records: 3, size/record: 2, table size: 6
	index: 0, handler: __TI_zero_init
	index: 1, handler: __TI_decompress_lzss
	index: 2, handler: __TI_decompress_none


GLOBAL DATA SYMBOLS: SORTED BY DATA PAGE

address     data page           name
--------    ----------------    ----
00000400      10 (00000400)     __stack

00008295     20a (00008280)     myADC0Results

00008395     20e (00008380)     index
00008396     20e (00008380)     bufferFull
00008398     20e (00008380)     __TI_enable_exit_profile_output
0000839a     20e (00008380)     __TI_cleanup_ptr
0000839c     20e (00008380)     __TI_dtors_ptr
0000839e     20e (00008380)     _lock
000083a0     20e (00008380)     _unlock


GLOBAL SYMBOLS: SORTED ALPHABETICALLY BY Name 

page  address   name                             
----  -------   ----                             
0     00009366  ADC_init                         
0     000089d2  ADC_setOffsetTrimAll             
0     00008df1  ADC_setVREF                      
0     0000931e  ASYSCTL_init                     
0     000092df  Board_init                       
0     00008dc8  C$$EXIT                          
0     000088a7  Device_enableAllPeripherals      
0     00008a67  Device_init                      
0     00009273  Device_initGPIO                  
0     0000868b  GPIO_setAnalogMode               
0     00008c7a  GPIO_setPinConfig                
0     00009292  INTERRUPT_init                   
0     0000910c  Interrupt_defaultHandler         
0     00008cb1  Interrupt_enable                 
0     0000930a  Interrupt_illegalOperationHandler
0     00008bc7  Interrupt_initModule             
0     00008f27  Interrupt_initVectorTable        
0     00009314  Interrupt_nmiHandler             
0     000085cd  PinMux_init                      
0     00000128  SysCtl_delay                     
0     00008915  SysCtl_getClock                  
0     00009024  SysCtl_getLowSpeedClock          
0     000084e3  SysCtl_isPLLValid                
0     00008aaf  SysCtl_selectOscSource           
0     00008b3c  SysCtl_selectXTAL                
0     00008e3f  SysCtl_selectXTALSingleEnded     
0     000083a2  SysCtl_setClock                  
0     0000013e  __TI_CINIT_Base                  
0     00000146  __TI_CINIT_Limit                 
0     00000146  __TI_CINIT_Warm                  
0     00000134  __TI_Handler_Table_Base          
0     0000013a  __TI_Handler_Table_Limit         
0     00000600  __TI_STACK_END                   
abs   00000200  __TI_STACK_SIZE                  
0     00008d73  __TI_auto_init_nobinit_nopinit   
0     0000839a  __TI_cleanup_ptr                 
0     00008d45  __TI_decompress_lzss             
0     00009330  __TI_decompress_none             
0     0000839c  __TI_dtors_ptr                   
0     00008398  __TI_enable_exit_profile_output  
abs   ffffffff  __TI_pprof_out_hndl              
abs   ffffffff  __TI_prof_data_size              
abs   ffffffff  __TI_prof_data_start             
0     000092c6  __TI_zero_init_nomemset          
0     00008737  __c28xabi_divf                   
n/a   UNDEFED   __c_args__                       
0     00009355  __error__                        
0     00000400  __stack                          
0     000092d3  _args_main                       
0     0000909d  _c_int00                         
0     0000839e  _lock                            
0     0000932f  _nop                             
0     0000932b  _register_lock                   
0     00009327  _register_unlock                 
0     00008397  _system_post_cinit               
0     00009369  _system_pre_init                 
0     000083a0  _unlock                          
0     00008dc8  abort                            
0     0000897a  adcA1ISR                         
0     00008396  bufferFull                       
0     00000000  code_start                       
0     00008dca  exit                             
0     00008395  index                            
0     00008d9e  initEPWM                         
0     00008c04  main                             
0     00008f62  memcpy                           
0     00008295  myADC0Results                    
0     00008a1e  myADC0_init                      


GLOBAL SYMBOLS: SORTED BY Symbol Address 

page  address   name                             
----  -------   ----                             
0     00000000  code_start                       
0     00000128  SysCtl_delay                     
0     00000134  __TI_Handler_Table_Base          
0     0000013a  __TI_Handler_Table_Limit         
0     0000013e  __TI_CINIT_Base                  
0     00000146  __TI_CINIT_Limit                 
0     00000146  __TI_CINIT_Warm                  
0     00000400  __stack                          
0     00000600  __TI_STACK_END                   
0     00008295  myADC0Results                    
0     00008395  index                            
0     00008396  bufferFull                       
0     00008397  _system_post_cinit               
0     00008398  __TI_enable_exit_profile_output  
0     0000839a  __TI_cleanup_ptr                 
0     0000839c  __TI_dtors_ptr                   
0     0000839e  _lock                            
0     000083a0  _unlock                          
0     000083a2  SysCtl_setClock                  
0     000084e3  SysCtl_isPLLValid                
0     000085cd  PinMux_init                      
0     0000868b  GPIO_setAnalogMode               
0     00008737  __c28xabi_divf                   
0     000088a7  Device_enableAllPeripherals      
0     00008915  SysCtl_getClock                  
0     0000897a  adcA1ISR                         
0     000089d2  ADC_setOffsetTrimAll             
0     00008a1e  myADC0_init                      
0     00008a67  Device_init                      
0     00008aaf  SysCtl_selectOscSource           
0     00008b3c  SysCtl_selectXTAL                
0     00008bc7  Interrupt_initModule             
0     00008c04  main                             
0     00008c7a  GPIO_setPinConfig                
0     00008cb1  Interrupt_enable                 
0     00008d45  __TI_decompress_lzss             
0     00008d73  __TI_auto_init_nobinit_nopinit   
0     00008d9e  initEPWM                         
0     00008dc8  C$$EXIT                          
0     00008dc8  abort                            
0     00008dca  exit                             
0     00008df1  ADC_setVREF                      
0     00008e3f  SysCtl_selectXTALSingleEnded     
0     00008f27  Interrupt_initVectorTable        
0     00008f62  memcpy                           
0     00009024  SysCtl_getLowSpeedClock          
0     0000909d  _c_int00                         
0     0000910c  Interrupt_defaultHandler         
0     00009273  Device_initGPIO                  
0     00009292  INTERRUPT_init                   
0     000092c6  __TI_zero_init_nomemset          
0     000092d3  _args_main                       
0     000092df  Board_init                       
0     0000930a  Interrupt_illegalOperationHandler
0     00009314  Interrupt_nmiHandler             
0     0000931e  ASYSCTL_init                     
0     00009327  _register_unlock                 
0     0000932b  _register_lock                   
0     0000932f  _nop                             
0     00009330  __TI_decompress_none             
0     00009355  __error__                        
0     00009366  ADC_init                         
0     00009369  _system_pre_init                 
abs   00000200  __TI_STACK_SIZE                  
abs   ffffffff  __TI_pprof_out_hndl              
abs   ffffffff  __TI_prof_data_size              
abs   ffffffff  __TI_prof_data_start             
n/a   UNDEFED   __c_args__                       

[68 symbols]
