******************************************************************************
             TMS320C2000 Linker PC v22.6.2                     
******************************************************************************
>> Linked Wed Aug 20 16:00:58 2025

OUTPUT FILE NAME:   <empty_driverlib_project.out>
ENTRY POINT SYMBOL: "code_start"  address: 00000000


MEMORY CONFIGURATION

         name            origin    length      used     unused   attr    fill
----------------------  --------  ---------  --------  --------  ----  --------
  BEGIN                 00000000   00000002  00000002  00000000  RWIX
  BOOT_RSVD             00000002   00000126  00000000  00000126  RWIX
  RAMM0                 00000128   000002d8  00000014  000002c4  RWIX
  RAMM1                 00000400   000003f8  00000200  000001f8  RWIX
  RAMLS0                00008000   00002000  0000102a  00000fd6  RWIX
  RAMLS1                0000a000   00001ff8  00000000  00001ff8  RWIX
  FLASH_BANK0_SEC_0_7   00080002   00001ffe  00000000  00001ffe  RWIX
  FLASH_BANK0_SEC_8_15  00082000   00002000  00000000  00002000  RWIX
  FLASH_BANK0_SEC_16_23 00084000   00002000  00000000  00002000  RWIX
  FLASH_BANK0_SEC_24_31 00086000   00002000  00000000  00002000  RWIX
  FLASH_BANK0_SEC_32_39 00088000   00002000  00000000  00002000  RWIX
  FLASH_BANK0_SEC_40_47 0008a000   00002000  00000000  00002000  RWIX
  FLASH_BANK0_SEC_48_55 0008c000   00002000  00000000  00002000  RWIX
  FLASH_BANK0_SEC_56_63 0008e000   00002000  00000000  00002000  RWIX
  FLASH_BANK0_SEC_64_71 00090000   00002000  00000000  00002000  RWIX
  FLASH_BANK0_SEC_72_79 00092000   00002000  00000000  00002000  RWIX
  FLASH_BANK0_SEC_80_87 00094000   00002000  00000000  00002000  RWIX
  FLASH_BANK0_SEC_88_95 00096000   00002000  00000000  00002000  RWIX
  FLASH_BANK0_SEC_96_10 00098000   00002000  00000000  00002000  RWIX
  FLASH_BANK0_SEC_104_1 0009a000   00002000  00000000  00002000  RWIX
  FLASH_BANK0_SEC_112_1 0009c000   00002000  00000000  00002000  RWIX
  FLASH_BANK0_SEC_120_1 0009e000   00001ff0  00000000  00001ff0  RWIX
  RESET                 003fffc0   00000002  00000000  00000002  RWIX


SECTION ALLOCATION MAP

 output                                  attributes/
section   page    origin      length       input sections
--------  ----  ----------  ----------   ----------------
codestart 
*          0    00000000    00000002     
                  00000000    00000002     f280013x_codestartbranch.obj (codestart)

.TI.ramfunc 
*          0    00000128    00000004     
                  00000128    00000004     driverlib.lib : sysctl.obj (.TI.ramfunc)

.cinit     0    0000012c    00000010     
                  0000012c    00000008     (.cinit..data.load) [load image, compression = lzss]
                  00000134    00000004     (__TI_handler_table)
                  00000138    00000004     (__TI_cinit_table)

.reset     0    003fffc0    00000000     DSECT

.stack     0    00000400    00000200     UNINITIALIZED
                  00000400    00000200     --HOLE--

.init_array 
*          0    00000128    00000000     UNINITIALIZED

.const     0    00008000    00000193     
                  00008000    0000007f     driverlib.lib : gpio.obj (.const:.string)
                  0000807f    00000001     --HOLE-- [fill = 0]
                  00008080    0000007f                   : sysctl.obj (.const:.string)
                  000080ff    00000001     --HOLE-- [fill = 0]
                  00008100    0000003f     board.obj (.const:.string)
                  0000813f    00000001     --HOLE-- [fill = 0]
                  00008140    0000003f     empty_driverlib_main.obj (.const:.string)
                  0000817f    00000001     --HOLE-- [fill = 0]
                  00008180    00000013     device.obj (.const:.string)

.data      0    00008194    0000000a     UNINITIALIZED
                  00008194    00000006     rts2800_fpu32_eabi.lib : exit.c.obj (.data)
                  0000819a    00000002                            : _lock.c.obj (.data:_lock)
                  0000819c    00000002                            : _lock.c.obj (.data:_unlock)

.text.1    0    00008193    00000001     
                  00008193    00000001     c2000ware_libraries.obj (.text:C2000Ware_libraries_init)

.text.2    0    0000819e    00000e8c     
                  0000819e    00000141     driverlib.lib : sysctl.obj (.text:SysCtl_setClock)
                  000082df    000000ea                   : sysctl.obj (.text:SysCtl_isPLLValid)
                  000083c9    000000cf     board.obj (.text:EPWM_init)
                  00008498    000000ac     driverlib.lib : gpio.obj (.text:GPIO_setAnalogMode)
                  00008544    00000088     rts2800_fpu32_eabi.lib : fs_div28.asm.obj (.text)
                  000085cc    00000073     driverlib.lib : sysctl.obj (.text:DCC_setCounterSeeds)
                  0000863f    0000006e     device.obj (.text:Device_enableAllPeripherals)
                  000086ad    00000065     driverlib.lib : sysctl.obj (.text:SysCtl_getClock)
                  00008712    00000052                   : gpio.obj (.text:GPIO_setPadConfig)
                  00008764    00000048     device.obj (.text:Device_init)
                  000087ac    00000047     driverlib.lib : sysctl.obj (.text:SysCtl_selectOscSource)
                  000087f3    00000046                   : sysctl.obj (.text:SysCtl_selectXTAL)
                  00008839    00000045                   : sysctl.obj (.text:SysCtl_pollX1Counter)
                  0000887e    00000044                   : gpio.obj (.text:GPIO_isPinValid)
                  000088c2    00000044     empty_driverlib_main.obj (.text:GPIO_isPinValid)
                  00008906    00000040     board.obj (.text:EPWM_setActionQualifierAction)
                  00008946    0000003e     board.obj (.text:EPWM_setCounterCompareShadowLoadMode)
                  00008984    0000003d     driverlib.lib : interrupt.obj (.text:Interrupt_initModule)
                  000089c1    0000003a     board.obj (.text:EPWM_setActionQualifierShadowLoadMode)
                  000089fb    00000037     driverlib.lib : gpio.obj (.text:GPIO_setPinConfig)
                  00008a32    00000037                   : gpio.obj (.text:GPIO_setQualificationMode)
                  00008a69    00000031                   : gpio.obj (.text:GPIO_setDirectionMode)
                  00008a9a    00000030     empty_driverlib_main.obj (.text:main)
                  00008aca    0000002e     rts2800_fpu32_eabi.lib : copy_decompress_lzss.c.obj (.text:decompress:lzss)
                  00008af8    0000002c     board.obj (.text:EPWM_setActionQualifierSWAction)
                  00008b24    0000002b     rts2800_fpu32_eabi.lib : autoinit.c.obj (.text:__TI_auto_init_nobinit_nopinit)
                  00008b4f    00000029                            : exit.c.obj (.text)
                  00008b78    00000027     board.obj (.text:EPWM_isBaseValid)
                  00008b9f    00000027     empty_driverlib_main.obj (.text:GPIO_writePin)
                  00008bc6    00000025     driverlib.lib : sysctl.obj (.text:SysCtl_selectXTALSingleEnded)
                  00008beb    00000024                   : sysctl.obj (.text:DCC_enableSingleShotMode)
                  00008c0f    00000023     board.obj (.text:PinMux_init)
                  00008c32    00000022     board.obj (.text:EPWM_setCounterCompareValue)
                  00008c54    0000001f     board.obj (.text:EPWM_setFallingEdgeDelayCountShadowLoadMode)
                  00008c73    0000001f     board.obj (.text:EPWM_setRisingEdgeDelayCountShadowLoadMode)
                  00008c92    0000001e     driverlib.lib : sysctl.obj (.text:DCC_setCounter0ClkSource)
                  00008cb0    0000001e                   : sysctl.obj (.text:DCC_setCounter1ClkSource)
                  00008cce    0000001e     board.obj (.text:EPWM_setPhaseShift)
                  00008cec    0000001e     driverlib.lib : interrupt.obj (.text:Interrupt_initVectorTable)
                  00008d0a    0000001d     board.obj (.text:EPWM_setActionQualifierT2TriggerSource)
                  00008d27    0000001d     rts2800_fpu32_eabi.lib : memcpy.c.obj (.text)
                  00008d44    0000001c     board.obj (.text:EPWM_setClockPrescaler)
                  00008d60    0000001b     driverlib.lib : sysctl.obj (.text:SysCtl_setIntOSC2_Mode)
                  00008d7b    0000001a     board.obj (.text:EPWM_disableActionQualifierShadowLoadMode)
                  00008d95    0000001a     board.obj (.text:EPWM_setActionQualifierT1TriggerSource)
                  00008daf    0000001a     driverlib.lib : sysctl.obj (.text:SysCtl_getLowSpeedClock)
                  00008dc9    00000019                   : sysctl.obj (.text:SysCtl_setPLLSysClk)
                  00008de2    00000018     board.obj (.text:EPWM_disableFallingEdgeDelayCountShadowLoadMode)
                  00008dfa    00000018     board.obj (.text:EPWM_disableRisingEdgeDelayCountShadowLoadMode)
                  00008e12    00000017     device.obj (.text:SysCtl_enablePeripheral)
                  00008e29    00000017     driverlib.lib : sysctl.obj (.text:SysCtl_enablePeripheral)
                  00008e40    00000017     rts2800_fpu32_eabi.lib : boot28.asm.obj (.text)
                  00008e57    00000016     driverlib.lib : sysctl.obj (.text:DCC_disableDoneSignal)
                  00008e6d    00000016                   : interrupt.obj (.text:Interrupt_defaultHandler)
                  00008e83    00000015                   : sysctl.obj (.text:DCC_clearDoneFlag)
                  00008e98    00000015                   : sysctl.obj (.text:DCC_clearErrorFlag)
                  00008ead    00000015                   : sysctl.obj (.text:DCC_disableErrorSignal)
                  00008ec2    00000015     device.obj (.text:GPIO_unlockPortConfig)
                  00008ed7    00000014     driverlib.lib : sysctl.obj (.text:DCC_disableModule)
                  00008eeb    00000014                   : sysctl.obj (.text:DCC_enableModule)
                  00008eff    00000014     board.obj (.text:EPWM_setTimeBaseCounterMode)
                  00008f13    00000014     board.obj (.text:EPWM_setTimeBasePeriod)
                  00008f27    00000012     board.obj (.text:EPWM_setTimeBaseCounter)
                  00008f39    00000012     board.obj (.text:SysCtl_setSyncOutputConfig)
                  00008f4b    00000011     board.obj (.text:EPWM_disablePhaseShiftLoad)
                  00008f5c    00000010     driverlib.lib : sysctl.obj (.text:DCC_isBaseValid)
                  00008f6c    00000010     device.obj (.text:Device_initGPIO)
                  00008f7c    0000000d     driverlib.lib : interrupt.obj (.text:Interrupt_disableGlobal)
                  00008f89    0000000d     device.obj (.text:SysCtl_setLowSpeedClock)
                  00008f96    0000000c     board.obj (.text:SysCtl_enableExtADCSOCSource)
                  00008fa2    0000000c     rts2800_fpu32_eabi.lib : args_main.c.obj (.text)
                  00008fae    0000000b     device.obj (.text:SysCtl_disableWatchdog)
                  00008fb9    0000000b     driverlib.lib : sysctl.obj (.text:SysCtl_isMCDClockFailureDetected)
                  00008fc4    0000000a                   : sysctl.obj (.text:ASysCtl_getExtROscStatus)
                  00008fce    0000000a                   : interrupt.obj (.text:Interrupt_illegalOperationHandler)
                  00008fd8    0000000a                   : interrupt.obj (.text:Interrupt_nmiHandler)
                  00008fe2    0000000a     board.obj (.text:SYNC_init)
                  00008fec    00000009     board.obj (.text:Board_init)
                  00008ff5    00000009     rts2800_fpu32_eabi.lib : _lock.c.obj (.text)
                  00008ffe    00000008                            : copy_decompress_none.c.obj (.text:decompress:none)
                  00009006    00000008     f280013x_codestartbranch.obj (.text)
                  0000900e    00000007     device.obj (.text:ASysCtl_lockVREG)
                  00009015    00000007     driverlib.lib : sysctl.obj (.text:SysCtl_resetMCD)
                  0000901c    00000007     device.obj (.text:__error__)
                  00009023    00000004     device.obj (.text:SysCtl_deviceCal)
                  00009027    00000002     rts2800_fpu32_eabi.lib : pre_init.c.obj (.text)
                  00009029    00000001                            : startup.c.obj (.text)

MODULE SUMMARY

       Module                         code   ro data   rw data
       ------                         ----   -------   -------
    .\
       empty_driverlib_main.obj       155    63        0      
    +--+------------------------------+------+---------+---------+
       Total:                         155    63        0      
                                                              
    .\device\
       device.obj                     284    19        0      
       f280013x_codestartbranch.obj   10     0         0      
    +--+------------------------------+------+---------+---------+
       Total:                         294    19        0      
                                                              
    .\syscfg\
       board.obj                      916    63        0      
       c2000ware_libraries.obj        1      0         0      
    +--+------------------------------+------+---------+---------+
       Total:                         917    63        0      
                                                              
    C:/ti/C2000Ware_5_05_00_00/driverlib/f280013x/driverlib/ccs/Debug/driverlib.lib
       sysctl.obj                     1388   127       0      
       gpio.obj                       481    127       0      
       interrupt.obj                  146    0         0      
    +--+------------------------------+------+---------+---------+
       Total:                         2015   254       0      
                                                              
    C:\ti\ccs2020\ccs\tools\compiler\ti-cgt-c2000_22.6.2.LTS\lib\rts2800_fpu32_eabi.lib
       fs_div28.asm.obj               136    0         0      
       exit.c.obj                     41     0         6      
       copy_decompress_lzss.c.obj     46     0         0      
       autoinit.c.obj                 43     0         0      
       memcpy.c.obj                   29     0         0      
       boot28.asm.obj                 23     0         0      
       _lock.c.obj                    9      0         4      
       args_main.c.obj                12     0         0      
       copy_decompress_none.c.obj     8      0         0      
       pre_init.c.obj                 2      0         0      
       startup.c.obj                  1      0         0      
    +--+------------------------------+------+---------+---------+
       Total:                         350    0         10     
                                                              
       Stack:                         0      0         512    
       Linker Generated:              0      16        0      
    +--+------------------------------+------+---------+---------+
       Grand Total:                   3731   415       522    


LINKER GENERATED COPY TABLES

__TI_cinit_table @ 00000138 records: 1, size/record: 4, table size: 4
	.data: load addr=0000012c, load size=00000008 bytes, run addr=00008194, run size=0000000a bytes, compression=lzss


LINKER GENERATED HANDLER TABLE

__TI_handler_table @ 00000134 records: 2, size/record: 2, table size: 4
	index: 0, handler: __TI_decompress_lzss
	index: 1, handler: __TI_decompress_none


GLOBAL DATA SYMBOLS: SORTED BY DATA PAGE

address     data page           name
--------    ----------------    ----
00000400      10 (00000400)     __stack

00008194     206 (00008180)     __TI_enable_exit_profile_output
00008196     206 (00008180)     __TI_cleanup_ptr
00008198     206 (00008180)     __TI_dtors_ptr
0000819a     206 (00008180)     _lock
0000819c     206 (00008180)     _unlock


GLOBAL SYMBOLS: SORTED ALPHABETICALLY BY Name 

page  address   name                             
----  -------   ----                             
0     00008fec  Board_init                       
0     00008b4f  C$$EXIT                          
0     00008193  C2000Ware_libraries_init         
0     0000863f  Device_enableAllPeripherals      
0     00008764  Device_init                      
0     00008f6c  Device_initGPIO                  
0     000083c9  EPWM_init                        
0     00008498  GPIO_setAnalogMode               
0     00008a69  GPIO_setDirectionMode            
0     00008712  GPIO_setPadConfig                
0     000089fb  GPIO_setPinConfig                
0     00008a32  GPIO_setQualificationMode        
0     00008e6d  Interrupt_defaultHandler         
0     00008fce  Interrupt_illegalOperationHandler
0     00008984  Interrupt_initModule             
0     00008cec  Interrupt_initVectorTable        
0     00008fd8  Interrupt_nmiHandler             
0     00008c0f  PinMux_init                      
0     00008fe2  SYNC_init                        
0     00000128  SysCtl_delay                     
0     000086ad  SysCtl_getClock                  
0     00008daf  SysCtl_getLowSpeedClock          
0     000082df  SysCtl_isPLLValid                
0     000087ac  SysCtl_selectOscSource           
0     000087f3  SysCtl_selectXTAL                
0     00008bc6  SysCtl_selectXTALSingleEnded     
0     0000819e  SysCtl_setClock                  
0     00000138  __TI_CINIT_Base                  
0     0000013c  __TI_CINIT_Limit                 
0     0000013c  __TI_CINIT_Warm                  
0     00000134  __TI_Handler_Table_Base          
0     00000138  __TI_Handler_Table_Limit         
0     00000600  __TI_STACK_END                   
abs   00000200  __TI_STACK_SIZE                  
0     00008b24  __TI_auto_init_nobinit_nopinit   
0     00008196  __TI_cleanup_ptr                 
0     00008aca  __TI_decompress_lzss             
0     00008ffe  __TI_decompress_none             
0     00008198  __TI_dtors_ptr                   
0     00008194  __TI_enable_exit_profile_output  
abs   ffffffff  __TI_pprof_out_hndl              
abs   ffffffff  __TI_prof_data_size              
abs   ffffffff  __TI_prof_data_start             
0     00008544  __c28xabi_divf                   
n/a   UNDEFED   __c_args__                       
0     0000901c  __error__                        
0     00000400  __stack                          
0     00008fa2  _args_main                       
0     00008e40  _c_int00                         
0     0000819a  _lock                            
0     00008ffd  _nop                             
0     00008ff9  _register_lock                   
0     00008ff5  _register_unlock                 
0     00009029  _system_post_cinit               
0     00009027  _system_pre_init                 
0     0000819c  _unlock                          
0     00008b4f  abort                            
0     00000000  code_start                       
0     00008b51  exit                             
0     00008a9a  main                             
0     00008d27  memcpy                           


GLOBAL SYMBOLS: SORTED BY Symbol Address 

page  address   name                             
----  -------   ----                             
0     00000000  code_start                       
0     00000128  SysCtl_delay                     
0     00000134  __TI_Handler_Table_Base          
0     00000138  __TI_CINIT_Base                  
0     00000138  __TI_Handler_Table_Limit         
0     0000013c  __TI_CINIT_Limit                 
0     0000013c  __TI_CINIT_Warm                  
0     00000400  __stack                          
0     00000600  __TI_STACK_END                   
0     00008193  C2000Ware_libraries_init         
0     00008194  __TI_enable_exit_profile_output  
0     00008196  __TI_cleanup_ptr                 
0     00008198  __TI_dtors_ptr                   
0     0000819a  _lock                            
0     0000819c  _unlock                          
0     0000819e  SysCtl_setClock                  
0     000082df  SysCtl_isPLLValid                
0     000083c9  EPWM_init                        
0     00008498  GPIO_setAnalogMode               
0     00008544  __c28xabi_divf                   
0     0000863f  Device_enableAllPeripherals      
0     000086ad  SysCtl_getClock                  
0     00008712  GPIO_setPadConfig                
0     00008764  Device_init                      
0     000087ac  SysCtl_selectOscSource           
0     000087f3  SysCtl_selectXTAL                
0     00008984  Interrupt_initModule             
0     000089fb  GPIO_setPinConfig                
0     00008a32  GPIO_setQualificationMode        
0     00008a69  GPIO_setDirectionMode            
0     00008a9a  main                             
0     00008aca  __TI_decompress_lzss             
0     00008b24  __TI_auto_init_nobinit_nopinit   
0     00008b4f  C$$EXIT                          
0     00008b4f  abort                            
0     00008b51  exit                             
0     00008bc6  SysCtl_selectXTALSingleEnded     
0     00008c0f  PinMux_init                      
0     00008cec  Interrupt_initVectorTable        
0     00008d27  memcpy                           
0     00008daf  SysCtl_getLowSpeedClock          
0     00008e40  _c_int00                         
0     00008e6d  Interrupt_defaultHandler         
0     00008f6c  Device_initGPIO                  
0     00008fa2  _args_main                       
0     00008fce  Interrupt_illegalOperationHandler
0     00008fd8  Interrupt_nmiHandler             
0     00008fe2  SYNC_init                        
0     00008fec  Board_init                       
0     00008ff5  _register_unlock                 
0     00008ff9  _register_lock                   
0     00008ffd  _nop                             
0     00008ffe  __TI_decompress_none             
0     0000901c  __error__                        
0     00009027  _system_pre_init                 
0     00009029  _system_post_cinit               
abs   00000200  __TI_STACK_SIZE                  
abs   ffffffff  __TI_pprof_out_hndl              
abs   ffffffff  __TI_prof_data_size              
abs   ffffffff  __TI_prof_data_start             
n/a   UNDEFED   __c_args__                       

[61 symbols]
